nohup: ignoring input

⚠️ 警告: 使用高并行数 30
建议:
1. 确保有足够的内存 (至少 {args.workers*0.5:.1f}GB)
2. 注意网站可能会限制高频请求
3. 如果频繁失败，请降低并行数

找到 1383 个藏语文件
初始化批处理器 - 最大并行数: 30
============================================================
藏语批量翻译处理器 (直接调用版本)
文件数: 1383
并行数: 30
============================================================
实际处理文件: 1383
开始处理: tibetan1/oral_amdo_1690.json
开始处理: tibetan1/oral_lhasa_1683.json
加载JSON文件: tibetan1/oral_amdo_1690.json, 句子数: 500
  → 文件类型: oral_amdo, 行数: 500
开始处理: tibetan1/oral_kham_1079.json
加载JSON文件: tibetan1/oral_lhasa_1683.json, 句子数: 500
  → 文件类型: oral_lhasa, 行数: 500
开始处理: tibetan1/oral_kham_0972.json
开始处理: tibetan1/oral_kham_0776.json
加载JSON文件: tibetan1/oral_kham_0972.json, 句子数: 500
  → 文件类型: oral_kham, 行数: 500
开始处理: tibetan1/oral_kham_1047.json
开始处理: tibetan1/oral_kham_1133.json
加载JSON文件: tibetan1/oral_kham_1079.json, 句子数: 500
  → 文件类型: oral_kham, 行数: 500
加载JSON文件: tibetan1/oral_kham_0776.json, 句子数: 500
  → 文件类型: oral_kham, 行数: 500
开始处理: tibetan1/oral_amdo_1818.json
加载JSON文件: tibetan1/oral_kham_1047.json, 句子数: 500
  → 文件类型: oral_kham, 行数: 500
开始处理: tibetan1/oral_lhasa_1504.json
加载JSON文件: tibetan1/oral_kham_1133.json, 句子数: 500
  → 文件类型: oral_kham, 行数: 500
加载JSON文件: tibetan1/oral_amdo_1818.json, 句子数: 500
  → 文件类型: oral_amdo, 行数: 500
开始处理: tibetan1/oral_amdo_1606.json
开始处理: tibetan1/oral_lhasa_1557.json
加载JSON文件: tibetan1/oral_lhasa_1557.json, 句子数: 500
  → 文件类型: oral_lhasa, 行数: 500
加载JSON文件: tibetan1/oral_lhasa_1504.json, 句子数: 500
  → 文件类型: oral_lhasa, 行数: 500
加载JSON文件: tibetan1/oral_amdo_1606.json, 句子数: 500
  → 文件类型: oral_amdo, 行数: 500
开始处理: tibetan1/oral_amdo_1404.json
开始处理: tibetan1/oral_kham_0942.json
加载JSON文件: tibetan1/oral_kham_0942.json, 句子数: 500
  → 文件类型: oral_kham, 行数: 500
开始处理: tibetan1/oral_amdo_1551.json
开始处理: tibetan1/oral_amdo_1505.json
加载JSON文件: tibetan1/oral_amdo_1404.json, 句子数: 500
  → 文件类型: oral_amdo, 行数: 500
加载JSON文件: tibetan1/oral_amdo_1551.json, 句子数: 500
  → 文件类型: oral_amdo, 行数: 500
加载JSON文件: tibetan1/oral_amdo_1505.json, 句子数: 500
  → 文件类型: oral_amdo, 行数: 500
开始处理: tibetan1/oral_amdo_1355.json
开始处理: tibetan1/oral_amdo_1539.json
开始处理: tibetan1/oral_kham_0932.json
加载JSON文件: tibetan1/oral_amdo_1355.json, 句子数: 500
  → 文件类型: oral_amdo, 行数: 500
加载JSON文件: tibetan1/oral_amdo_1539.json, 句子数: 500
  → 文件类型: oral_amdo, 行数: 500
开始处理: tibetan1/oral_amdo_1685.json
加载JSON文件: tibetan1/oral_kham_0932.json, 句子数: 500
  → 文件类型: oral_kham, 行数: 500
开始处理: tibetan1/oral_lhasa_1909.json
加载JSON文件: tibetan1/oral_amdo_1685.json, 句子数: 500
  → 文件类型: oral_amdo, 行数: 500
加载JSON文件: tibetan1/oral_lhasa_1909.json, 句子数: 500
  → 文件类型: oral_lhasa, 行数: 500
开始处理: tibetan1/oral_kham_0930.json
开始处理: tibetan1/oral_lhasa_1545.json
开始处理: tibetan1/oral_lhasa_1715.json
开始处理: tibetan1/oral_lhasa_1949.json
加载JSON文件: tibetan1/oral_lhasa_1545.json, 句子数: 500
  → 文件类型: oral_lhasa, 行数: 500
加载JSON文件: tibetan1/oral_lhasa_1949.json, 句子数: 500
  → 文件类型: oral_lhasa, 行数: 500
开始处理: tibetan1/oral_kham_0771.json
加载JSON文件: tibetan1/oral_kham_0771.json, 句子数: 500
  → 文件类型: oral_kham, 行数: 500
加载JSON文件: tibetan1/oral_lhasa_1715.json, 句子数: 500
  → 文件类型: oral_lhasa, 行数: 500
加载JSON文件: tibetan1/oral_kham_0930.json, 句子数: 500
  → 文件类型: oral_kham, 行数: 500
开始处理: tibetan1/oral_lhasa_1682.json
开始处理: tibetan1/oral_amdo_1668.json
开始处理: tibetan1/oral_kham_0847.json
加载JSON文件: tibetan1/oral_lhasa_1682.json, 句子数: 500
  → 文件类型: oral_lhasa, 行数: 500
开始处理: tibetan1/oral_kham_1052.json
加载JSON文件: tibetan1/oral_kham_0847.json, 句子数: 500
  → 文件类型: oral_kham, 行数: 500
开始处理: tibetan1/oral_amdo_1814.json
加载JSON文件: tibetan1/oral_amdo_1668.json, 句子数: 500
  → 文件类型: oral_amdo, 行数: 500
加载JSON文件: tibetan1/oral_amdo_1814.json, 句子数: 500
  → 文件类型: oral_amdo, 行数: 500
加载JSON文件: tibetan1/oral_kham_1052.json, 句子数: 500
  → 文件类型: oral_kham, 行数: 500
WebDriver初始化成功
  → 开始翻译 500 行...

翻译尝试 1/3
原文长度: 72 字符
原文: རྐུ་བ་ལ་སོགས་པ་ཡོན་ཏན་མེད་པའི་ཚོགས་རྣམ་པ་སྣ་ཚོགས་པ་ཡང་ཁྱོད་ལ་ཅི་སྟེ་མེད།
正在访问: http://222.19.82.141:5002/index-Final.html
WebDriver初始化成功
  → 开始翻译 500 行...

翻译尝试 1/3
原文长度: 38 字符
原文: རྒྱུ་ནོར་དངོས་པོ་མེད་པས་ཡོང་བ་མི་འདུག།
正在访问: http://222.19.82.141:5002/index-Final.html
WebDriver初始化成功
  → 开始翻译 500 行...

翻译尝试 1/3
原文长度: 14 字符
原文: གནའ་དང་པོ་ཙ་ན།
正在访问: http://222.19.82.141:5002/index-Final.html
WebDriver初始化成功
  → 开始翻译 500 行...

翻译尝试 1/3
原文长度: 24 字符
原文: ཡང་དག་ཀུན་ནས་ཤེས་པར་དཀའ།
正在访问: http://222.19.82.141:5002/index-Final.html
WebDriver初始化成功
  → 开始翻译 500 行...

翻译尝试 1/3
原文长度: 47 字符
原文: ཁོ་ལ་གྲོགས་འགའ་ཟུང་འདུག་པ་ལ་ཆས་རྣམས་བསྐུར་འདུག།
正在访问: http://222.19.82.141:5002/index-Final.html
WebDriver初始化成功
  → 开始翻译 500 行...

翻译尝试 1/3
原文长度: 67 字符
原文: ལམ་ཡངས་ས་ལ་བསྐྱོད་པ་ནི་ཨ་ཐར་གྱི་རྨི་ལམ་དངོས་སུ་འགྲུབ་པ་དྲྭ་ཞིག་རེད།
正在访问: http://222.19.82.141:5002/index-Final.html
WebDriver初始化成功
  → 开始翻译 500 行...

翻译尝试 1/3
原文长度: 93 字符
原文预览: རང་སྣང་ལ་ལོངས་སྐུར་ཤར་བའི་དབྱིངས་སུ་འཚང་རྒྱ་མི་ཤེས་པར་སྣང་བ་རང་མཚན་པར་འཛིན་པ་ལས་...
正在访问: http://222.19.82.141:5002/index-Final.html
WebDriver初始化成功
  → 开始翻译 500 行...

翻译尝试 1/3
原文长度: 36 字符
原文: ཁྱོད་ལ་ཤ་གཞན་ཞིག་སྦྱིན་དའལ་ཁ་སྨྲས་པ།
正在访问: http://222.19.82.141:5002/index-Final.html
WebDriver初始化成功
  → 开始翻译 500 行...

翻译尝试 1/3
原文长度: 23 字符
原文: རེག་པ་ཡིན་པའི་ཕྱིར་དང་།
正在访问: http://222.19.82.141:5002/index-Final.html
WebDriver初始化成功
  → 开始翻译 500 行...

翻译尝试 1/3
原文长度: 64 字符
原文: ང་རང་ཉིད་ཀྱི་ཁང་བར་འབྱོར་དུས་ཕལ་ཆེར་ས་རུབ་ནས་རྒྱང་མིག་ཆད་འདུག་ལ།
正在访问: http://222.19.82.141:5002/index-Final.html
WebDriver初始化成功
  → 开始翻译 500 行...

翻译尝试 1/3
原文长度: 26 字符
原文: ཞེས་པ་དེ་རྣམས་སྡུད་པར་གདའ།
正在访问: http://222.19.82.141:5002/index-Final.html
WebDriver初始化成功
  → 开始翻译 500 行...

翻译尝试 1/3
原文长度: 49 字符
原文: དེ་ཚོས་ཀྱང་མཁར་གོག་གི་མིང་ལ་ལྕགས་རི་ཟེར་བ་མིན་ནམ།
正在访问: http://222.19.82.141:5002/index-Final.html
WebDriver初始化成功
  → 开始翻译 500 行...

翻译尝试 1/3
原文长度: 70 字符
原文: བདག་འཁོར་དང་བཅས་པ་མཆོད་ལ་སེམས་རྩེ་གཅིག་དང་ལྡན་པས་གནས་དབེན་པར་འདུག་སྟེ།
正在访问: http://222.19.82.141:5002/index-Final.html
WebDriver初始化成功
  → 开始翻译 500 行...

翻译尝试 1/3
原文长度: 24 字符
原文: ང་རང་བདག་པོ་ཡིན་སྙམས་ནས།
正在访问: http://222.19.82.141:5002/index-Final.html
WebDriver初始化成功
  → 开始翻译 500 行...

翻译尝试 1/3
原文长度: 61 字符
原文: རང་རེའི་སྐད་ལ་མིང་ཕྲད་སྒྲ་གཅིག་ཏུ་གྱུར་ཏེ་དོན་ལ་གོལ་བ་བྱུང་ན།
正在访问: http://222.19.82.141:5002/index-Final.html
WebDriver初始化成功
  → 开始翻译 500 行...

翻译尝试 1/3
原文长度: 57 字符
原文: གཉིད་བསམ་གཏན་དུ་བསྲེ་ཞིང་རང་བཞིན་འོད་གསལ་དུ་རོ་མཉམ་པ་དང་།
正在访问: http://222.19.82.141:5002/index-Final.html
WebDriver初始化成功
  → 开始翻译 500 行...

翻译尝试 1/3
原文长度: 30 字符
原文: མཆོག་ཏུ་ཡིད་འོང་བཟའ་བཏུང་ཚོགས།
正在访问: http://222.19.82.141:5002/index-Final.html
WebDriver初始化成功
  → 开始翻译 500 行...

翻译尝试 1/3
原文长度: 41 字符
原文: ཚིག་གསུམ་ལའང་རང་བཞིན་གྱིས་ཡོད་པ་མ་ཡིན་ཏེ།
正在访问: http://222.19.82.141:5002/index-Final.html
WebDriver初始化成功
  → 开始翻译 500 行...

翻译尝试 1/3
原文长度: 16 字符
原文: ཞེས་གསུངས་པ་ལྟར།
正在访问: http://222.19.82.141:5002/index-Final.html
WebDriver初始化成功
  → 开始翻译 500 行...

翻译尝试 1/3
原文长度: 28 字符
原文: རིགས་དྲུག་དག་ནི་རྣམ་པར་དགོད།
正在访问: http://222.19.82.141:5002/index-Final.html
翻译页面加载成功
基础等待时间: 1.5秒
1. 输入文本...
WebDriver初始化成功
  → 开始翻译 500 行...

翻译尝试 1/3
原文长度: 7 字符
原文: དེར་ཐལ།
正在访问: http://222.19.82.141:5002/index-Final.html
翻译页面加载成功
基础等待时间: 2.5秒
1. 输入文本...
WebDriver初始化成功
  → 开始翻译 500 行...

翻译尝试 1/3
原文长度: 65 字符
原文: རྗེས་སུ་ཡི་རང་བ་དང་ལྡན་པའི་སེམས་བསྐྱེད་པ་དེ་དག་ལ་མཚན་མར་བྱས་ཤིང་།
正在访问: http://222.19.82.141:5002/index-Final.html
WebDriver初始化成功
  → 开始翻译 500 行...

翻译尝试 1/3
原文长度: 43 字符
原文: འདུག་ནས་དེས་འཚོ་བའི་བསམ་པས་བཟའ་བར་བརྩམས་སོ།
正在访问: http://222.19.82.141:5002/index-Final.html
WebDriver初始化成功
  → 开始翻译 500 行...

翻译尝试 1/3
原文长度: 86 字符
原文预览: དགེ་སློང་གིས་ཡིད་གཅུགས་པ་མ་ཡིན་པ་ལ་ཡིད་གཅུགས་པ་སྐྱེད་པར་བྱེད་ན་འགལ་ཚབས་ཅན་དུ་འགྱ...
正在访问: http://222.19.82.141:5002/index-Final.html
WebDriver初始化成功
  → 开始翻译 500 行...

翻译尝试 1/3
原文长度: 28 字符
原文: འབྲིང་ལ་། རྫོགས་པར་གང་སྣང་བ།
正在访问: http://222.19.82.141:5002/index-Final.html
WebDriver初始化成功
  → 开始翻译 500 行...

翻译尝试 1/3
原文长度: 52 字符
原文: རབ་མཆོག་དེ་བཞིན་གཤེགས་པ་དགྲ་བཅོམ་པ་ཡང་དག་པར་རྫོགས་པ།
正在访问: http://222.19.82.141:5002/index-Final.html
WebDriver初始化成功
  → 开始翻译 500 行...

翻译尝试 1/3
原文长度: 26 字符
原文: ཁྱེད་རང་ཉིད་ལ་ལོག་ནས་སྣང་།
正在访问: http://222.19.82.141:5002/index-Final.html
WebDriver初始化成功
  → 开始翻译 500 行...

翻译尝试 1/3
原文长度: 30 字符
原文: མཐའ་རྒྱ་མིག་གིས་མཐོང་མི་ཐུབ་པ།
正在访问: http://222.19.82.141:5002/index-Final.html
WebDriver初始化成功
  → 开始翻译 500 行...

翻译尝试 1/3
原文长度: 38 字符
原文: དེ་བསགང་གིས་འདིའི་མཚན་བརྗོད་པ་དེ་ལ་ནི།
正在访问: http://222.19.82.141:5002/index-Final.html
WebDriver初始化成功
  → 开始翻译 500 行...

翻译尝试 1/3
原文长度: 42 字符
原文: དེས་ནི་ཕྱོགས་མ་ཡིན་པ་མཉེ་བ་ཙམ་ཞིག་བྱས་ལ་༨།
正在访问: http://222.19.82.141:5002/index-Final.html
文本输入完成 (长度: 14 字符)
2. 点击翻译按钮...
文本输入完成 (长度: 38 字符)
2. 点击翻译按钮...
翻译页面加载成功
基础等待时间: 2.5秒
1. 输入文本...
点击成功
3. 等待翻译...
等待翻译: 1.5秒
点击成功
3. 等待翻译...
等待翻译: 2.5秒
翻译页面加载成功
基础等待时间: 1.5秒
1. 输入文本...
翻译页面加载成功
基础等待时间: 2.5秒
1. 输入文本...
翻译页面加载成功
基础等待时间: 2.5秒
1. 输入文本...
文本输入完成 (长度: 72 字符)
2. 点击翻译按钮...
文本输入完成 (长度: 24 字符)
2. 点击翻译按钮...
文本输入完成 (长度: 47 字符)
2. 点击翻译按钮...
点击成功
3. 等待翻译...
等待翻译: 2.5秒
点击成功
3. 等待翻译...
等待翻译: 1.5秒
文本输入完成 (长度: 67 字符)
2. 点击翻译按钮...
翻译页面加载成功
基础等待时间: 4.0秒
1. 输入文本...
翻译页面加载成功
基础等待时间: 2.5秒
1. 输入文本...
点击成功
3. 等待翻译...
等待翻译: 2.5秒
点击成功
3. 等待翻译...
等待翻译: 2.5秒
翻译页面加载成功
基础等待时间: 1.5秒
1. 输入文本...
翻译页面加载成功
基础等待时间: 1.5秒
1. 输入文本...
翻译页面加载成功
基础等待时间: 1.5秒
1. 输入文本...
翻译页面加载成功
基础等待时间: 2.5秒
1. 输入文本...
文本输入完成 (长度: 64 字符)
2. 点击翻译按钮...
文本输入完成 (长度: 93 字符)
2. 点击翻译按钮...
文本输入完成 (长度: 23 字符)
2. 点击翻译按钮...
文本输入完成 (长度: 26 字符)
2. 点击翻译按钮...
文本输入完成 (长度: 24 字符)
2. 点击翻译按钮...
点击成功
3. 等待翻译...
等待翻译: 2.5秒
点击成功
3. 等待翻译...
等待翻译: 4.0秒
点击成功
3. 等待翻译...
等待翻译: 1.5秒
翻译页面加载成功
基础等待时间: 2.5秒
1. 输入文本...
点击成功
3. 等待翻译...
等待翻译: 1.5秒
点击成功
3. 等待翻译...
等待翻译: 1.5秒
文本输入完成 (长度: 36 字符)
2. 点击翻译按钮...
翻译页面加载成功
基础等待时间: 2.5秒
1. 输入文本...
翻译页面加载成功
基础等待时间: 2.5秒
1. 输入文本...
点击成功
3. 等待翻译...
等待翻译: 2.5秒
翻译结果仍在变化，继续等待... (已等待0.0秒)
翻译页面加载成功
基础等待时间: 2.5秒
1. 输入文本...
文本输入完成 (长度: 41 字符)
2. 点击翻译按钮...
文本输入完成 (长度: 57 字符)
2. 点击翻译按钮...
文本输入完成 (长度: 65 字符)
2. 点击翻译按钮...
点击成功
3. 等待翻译...
等待翻译: 2.5秒
点击成功
3. 等待翻译...
等待翻译: 2.5秒
点击成功
3. 等待翻译...
等待翻译: 2.5秒
文本输入完成 (长度: 49 字符)
2. 点击翻译按钮...
翻译页面加载成功
基础等待时间: 2.5秒
1. 输入文本...
翻译结果仍在变化，继续等待... (已等待0.0秒)
翻译页面加载成功
基础等待时间: 1.5秒
1. 输入文本...
点击成功
3. 等待翻译...
等待翻译: 2.5秒
翻译页面加载成功
基础等待时间: 1.5秒
1. 输入文本...
翻译页面加载成功
基础等待时间: 2.5秒
1. 输入文本...
翻译页面加载成功
基础等待时间: 2.5秒
1. 输入文本...
文本输入完成 (长度: 30 字符)
2. 点击翻译按钮...
翻译页面加载成功
基础等待时间: 1.5秒
1. 输入文本...
文本输入完成 (长度: 16 字符)
2. 点击翻译按钮...
文本输入完成 (长度: 70 字符)
2. 点击翻译按钮...
翻译结果仍在变化，继续等待... (已等待0.0秒)
翻译页面加载成功
基础等待时间: 2.5秒
1. 输入文本...
点击成功
3. 等待翻译...
等待翻译: 1.5秒
点击成功
3. 等待翻译...
等待翻译: 1.5秒
点击成功
3. 等待翻译...
等待翻译: 2.5秒
翻译页面加载成功
基础等待时间: 1.5秒
1. 输入文本...
文本输入完成 (长度: 61 字符)
2. 点击翻译按钮...
文本输入完成 (长度: 38 字符)
2. 点击翻译按钮...
翻译结果仍在变化，继续等待... (已等待0.0秒)
翻译页面加载成功
基础等待时间: 1.5秒
1. 输入文本...
文本输入完成 (长度: 7 字符)
2. 点击翻译按钮...
翻译页面加载成功
基础等待时间: 1.5秒
1. 输入文本...
翻译页面加载成功
基础等待时间: 4.0秒
1. 输入文本...
翻译结果仍在变化，继续等待... (已等待0.0秒)
翻译结果仍在变化，继续等待... (已等待0.0秒)
点击成功
3. 等待翻译...
等待翻译: 2.5秒
点击成功
3. 等待翻译...
等待翻译: 2.5秒
文本输入完成 (长度: 43 字符)
2. 点击翻译按钮...
点击成功
3. 等待翻译...
等待翻译: 1.5秒
翻译结果仍在变化，继续等待... (已等待0.0秒)
文本输入完成 (长度: 28 字符)
2. 点击翻译按钮...
点击成功
3. 等待翻译...
等待翻译: 2.5秒
翻译页面加载成功
基础等待时间: 2.5秒
1. 输入文本...
文本输入完成 (长度: 30 字符)
2. 点击翻译按钮...
翻译结果稳定，总等待时间: 3.0秒
4. 获取翻译结果...
文本输入完成 (长度: 28 字符)
2. 点击翻译按钮...
翻译成功 (长度: 7 字符)
结果: 从远古时期起。
翻译结果仍在变化，继续等待... (已等待0.0秒)
点击成功
3. 等待翻译...
等待翻译: 1.5秒
点击成功
3. 等待翻译...
等待翻译: 1.5秒
点击成功
3. 等待翻译...
等待翻译: 1.5秒
翻译结果仍在变化，继续等待... (已等待0.0秒)
文本输入完成 (长度: 86 字符)
2. 点击翻译按钮...
翻译页面加载成功
基础等待时间: 2.5秒
1. 输入文本...
翻译页面加载成功
基础等待时间: 1.5秒
1. 输入文本...
点击成功
3. 等待翻译...
等待翻译: 4.0秒
文本输入完成 (长度: 52 字符)
2. 点击翻译按钮...
翻译结果稳定，总等待时间: 3.0秒
4. 获取翻译结果...
文本输入完成 (长度: 42 字符)
2. 点击翻译按钮...
翻译成功 (长度: 10 字符)
结果: 难以全部了解的正确。
点击成功
3. 等待翻译...
等待翻译: 2.5秒
翻译结果仍在变化，继续等待... (已等待0.0秒)
文本输入完成 (长度: 26 字符)
2. 点击翻译按钮...
点击成功
3. 等待翻译...
等待翻译: 2.5秒
点击成功
3. 等待翻译...
等待翻译: 1.5秒
翻译结果仍在变化，继续等待... (已等待0.0秒)
翻译结果稳定，总等待时间: 4.0秒
4. 获取翻译结果...
翻译成功 (长度: 16 字符)
结果: 没有财产物质，生活就不可能存在。
翻译结果仍在变化，继续等待... (已等待0.0秒)
翻译结果仍在变化，继续等待... (已等待0.0秒)
翻译结果稳定，总等待时间: 3.0秒
4. 获取翻译结果...
翻译结果仍在变化，继续等待... (已等待0.0秒)
翻译成功 (长度: 5 字符)
结果: 因为触摸；
翻译结果仍在变化，继续等待... (已等待0.0秒)
翻译结果稳定，总等待时间: 3.0秒
4. 获取翻译结果...
翻译结果稳定，总等待时间: 3.0秒
4. 获取翻译结果...
翻译成功 (长度: 10 字符)
结果: 所谓“等”是指这些。
翻译成功 (长度: 7 字符)
结果: 我以为是主人。
翻译结果仍在变化，继续等待... (已等待0.0秒)
翻译结果仍在变化，继续等待... (已等待0.0秒)
翻译结果稳定，总等待时间: 4.0秒
4. 获取翻译结果...
翻译成功 (长度: 15 字符)
结果: 盗窃等无知的各种群体你都没有。
翻译结果仍在变化，继续等待... (已等待0.0秒)
翻译结果稳定，总等待时间: 4.0秒
4. 获取翻译结果...
翻译结果仍在变化，继续等待... (已等待0.0秒)
翻译成功 (长度: 13 字符)
结果: 他有几个朋友要来参加聚会。
翻译结果仍在变化，继续等待... (已等待0.0秒)
翻译结果仍在变化，继续等待... (已等待0.0秒)
翻译结果稳定，总等待时间: 4.0秒
4. 获取翻译结果...
翻译成功 (长度: 19 字符)
结果: 踏上了平坦大道，阿达的梦想终于成真了。

翻译尝试 1/3
原文长度: 48 字符
原文: དམག་མི་འགས་ཁོ་ལ་བསྒུགས་འདུག་པ་དང་ཁོ་མཐོང་བ་ཙམ་ལ།
基础等待时间: 2.5秒
1. 输入文本...
翻译结果仍在变化，继续等待... (已等待0.0秒)
翻译结果仍在变化，继续等待... (已等待0.0秒)
翻译结果稳定，总等待时间: 4.0秒
4. 获取翻译结果...
翻译成功 (长度: 22 字符)
结果: 我到自己的房间时，天几乎黑了，视线有些模糊。
翻译结果仍在变化，继续等待... (已等待0.0秒)
翻译结果仍在变化，继续等待... (已等待0.0秒)
翻译结果仍在变化，继续等待... (已等待0.0秒)
文本输入完成 (长度: 48 字符)
2. 点击翻译按钮...
点击成功
3. 等待翻译...
等待翻译: 2.5秒
翻译结果稳定，总等待时间: 4.0秒
4. 获取翻译结果...
翻译成功 (长度: 7 字符)
结果: 给你再来点肉。
翻译结果仍在变化，继续等待... (已等待0.0秒)

翻译尝试 1/3
原文长度: 122 字符
原文预览: གཞན་ཡང་འདིར་གང་ཞིག་མངོན་བར་འདོད་ཅིང་སྲེད་པས་ཡོངས་སུ་གཡོ་བ་དེ་གལ་ཏེ་ངེས་པར་འགྲུབ་...
基础等待时间: 4.0秒
1. 输入文本...
翻译结果稳定，总等待时间: 3.0秒
4. 获取翻译结果...
翻译结果稳定，总等待时间: 3.0秒
4. 获取翻译结果...
翻译成功 (长度: 8 字符)
结果: 极美丽的饮食会。
翻译成功 (长度: 6 字符)
结果: 正如他所说。
翻译结果稳定，总等待时间: 4.0秒
4. 获取翻译结果...
翻译成功 (长度: 10 字符)
结果: 三个字也不是天生的。
翻译结果稳定，总等待时间: 4.0秒
4. 获取翻译结果...
翻译成功 (长度: 18 字符)
结果: 睡眠与觉醒相融，性质光明，融合一体。
翻译结果稳定，总等待时间: 3.0秒
4. 获取翻译结果...
翻译结果稳定，总等待时间: 4.0秒
4. 获取翻译结果...
翻译成功 (长度: 3 字符)
结果: 也许。
翻译成功 (长度: 18 字符)
结果: 然后用赞成的态度去做这些思想的后续。

翻译尝试 1/3
原文长度: 28 字符
原文: གཉེན་པོ་ངན་ནས་ཡོང་བ་མི་འདུག།
基础等待时间: 1.5秒
1. 输入文本...
翻译结果仍在变化，继续等待... (已等待0.0秒)
翻译结果稳定，总等待时间: 4.0秒
4. 获取翻译结果...
文本输入完成 (长度: 122 字符)
2. 点击翻译按钮...
翻译成功 (长度: 16 字符)
结果: 它们不是也把古城称作“围墙”吗？
翻译结果稳定，总等待时间: 3.0秒
4. 获取翻译结果...
翻译结果稳定，总等待时间: 3.0秒
4. 获取翻译结果...
翻译成功 (长度: 10 字符)
结果: 六类品种各有各的样子

翻译尝试 1/3
原文长度: 127 字符
原文预览: བརྗོད་པར་བྱ་བ་ཡིན་པའི་ཕྱིར་ཞེས་བྱ་བ་ལ་སོགས་པའི་གཏན་ཚིགས་དག་གི་ཕྱིར་དཔེར་ན་བོང་བ་...
基础等待时间: 4.0秒
1. 输入文本...
翻译结果仍在变化，继续等待... (已等待0.0秒)
翻译结果稳定，总等待时间: 3.0秒
4. 获取翻译结果...
翻译成功 (长度: 6 字符)
结果: 边际不入眼。
点击成功
3. 等待翻译...
等待翻译: 4.0秒
翻译成功 (长度: 10 字符)
结果: 中有所成，终有所完。

翻译尝试 1/3
原文长度: 21 字符
原文: ཞེས་པ་དེ་སྡུད་པར་གདའ།
基础等待时间: 1.5秒
1. 输入文本...
文本输入完成 (长度: 28 字符)
2. 点击翻译按钮...

翻译尝试 1/3
原文长度: 39 字符
原文: དེ་ནས་མནར་མེད་དུ་འགྲོ་དགོས་པར་འདུག་ཟེར།
基础等待时间: 2.5秒
1. 输入文本...
点击成功
3. 等待翻译...
等待翻译: 1.5秒

翻译尝试 1/3
原文长度: 22 字符
原文: བུ་མོ་ལྕེབས་པ་བཞིན་ནོ།
基础等待时间: 1.5秒
1. 输入文本...
文本输入完成 (长度: 21 字符)
2. 点击翻译按钮...

翻译尝试 1/3
原文长度: 24 字符
原文: ང་རང་མཐོང་ཆེ་བ་མ་ཡིན་ཏེ།
基础等待时间: 1.5秒
1. 输入文本...
文本输入完成 (长度: 39 字符)
2. 点击翻译按钮...
翻译结果稳定，总等待时间: 4.0秒
4. 获取翻译结果...
翻译成功 (长度: 19 字符)
结果: 我住在一处僻静的处所，专心致志地修行。
翻译结果稳定，总等待时间: 5.5秒
4. 获取翻译结果...
点击成功
3. 等待翻译...
等待翻译: 1.5秒
翻译成功 (长度: 21 字符)
结果: 相比于陶醉于自我感觉的无知而显得更为高尚。

翻译尝试 1/3
原文长度: 37 字符
原文: འདི་ནི་ལམ་ཁ་གང་ཡང་མེད་པའི་སྐབས་རེད་ལ།
基础等待时间: 2.5秒
1. 输入文本...
点击成功
3. 等待翻译...
等待翻译: 2.5秒
文本输入完成 (长度: 22 字符)
2. 点击翻译按钮...
文本输入完成 (长度: 127 字符)
2. 点击翻译按钮...
翻译结果稳定，总等待时间: 4.0秒
4. 获取翻译结果...
翻译结果稳定，总等待时间: 4.0秒
4. 获取翻译结果...
翻译结果稳定，总等待时间: 3.0秒
4. 获取翻译结果...
翻译成功 (长度: 23 字符)
结果: 我们的语言如果名词和形容词混同起来，产生歧义。
文本输入完成 (长度: 24 字符)
2. 点击翻译按钮...
点击成功
3. 等待翻译...
等待翻译: 1.5秒
翻译成功 (长度: 9 字符)
结果: 所以我称呼它为那是
翻译成功 (长度: 8 字符)
结果: 你回到你自己身上
点击成功
3. 等待翻译...
等待翻译: 4.0秒
点击成功
3. 等待翻译...
等待翻译: 1.5秒
文本输入完成 (长度: 37 字符)
2. 点击翻译按钮...
翻译结果稳定，总等待时间: 4.0秒
4. 获取翻译结果...
翻译成功 (长度: 15 字符)
结果: 它坐起来，打起生活的主意来吃。
点击成功
3. 等待翻译...
等待翻译: 2.5秒

翻译尝试 1/3
原文长度: 82 字符
原文预览: དཔོན་པོའི་སྤྱན་ཟུང་མཐོ་རིམ་མགོ་པའི་རྒྱས་སྤྲོས་ཀྱི་འགྲོ་འདུག་ལ་ལྟ་བྱེད་ཁོ་ན་མིན་པ...
基础等待时间: 4.0秒
1. 输入文本...
翻译结果仍在变化，继续等待... (已等待0.0秒)

翻译尝试 1/3
原文长度: 30 字符
原文: བདག་འབའ་ཞིག་གི་ལུས་མ་གཏོགས་པར།
基础等待时间: 1.5秒
1. 输入文本...

翻译尝试 1/3
原文长度: 27 字符
原文: མཆོག་རྟེན་ལ་ནི་རང་གིས་འབུལ།
基础等待时间: 1.5秒
1. 输入文本...

翻译尝试 1/3
原文长度: 47 字符
原文: སྟོང་ཐུན་ལས་གསུངས་པ་དང་མི་འགལ་ཏེ་སྟོང་ཐུན་༤༨ལས།
基础等待时间: 2.5秒
1. 输入文本...
文本输入完成 (长度: 82 字符)
2. 点击翻译按钮...
翻译结果稳定，总等待时间: 4.0秒
4. 获取翻译结果...
翻译成功 (长度: 17 字符)
结果: 最上等的如来佛，正是无上觉悟的佛。
点击成功
3. 等待翻译...
等待翻译: 4.0秒
文本输入完成 (长度: 30 字符)
2. 点击翻译按钮...

翻译尝试 1/3
原文长度: 45 字符
原文: གཏན་ཚིགས་དམ་བཅའ་དང་རང་བཞིན་གྱིས་གཅིག་གམ་ཐ་དད།
基础等待时间: 2.5秒
1. 输入文本...
翻译结果稳定，总等待时间: 4.0秒
4. 获取翻译结果...

翻译尝试 1/3
原文长度: 17 字符
原文: ཉི་མ་ལྡོག་དུས་སམ།
基础等待时间: 1.5秒
1. 输入文本...
翻译成功 (长度: 13 字符)
结果: 这只不过是对非对的搓搓手。
点击成功
3. 等待翻译...
等待翻译: 1.5秒
文本输入完成 (长度: 27 字符)
2. 点击翻译按钮...

翻译尝试 1/3
原文长度: 37 字符
原文: འདུས་བྱས་སྟོང་པ་ཉིད་དེ་ལྟར་བསྟན་པ་ནི།
基础等待时间: 2.5秒
1. 输入文本...

翻译尝试 1/3
原文长度: 11 字符
原文: ཁ་ཅིག་ན་རེ།
基础等待时间: 1.5秒
1. 输入文本...
文本输入完成 (长度: 47 字符)
2. 点击翻译按钮...
翻译结果仍在变化，继续等待... (已等待0.0秒)
翻译结果仍在变化，继续等待... (已等待0.0秒)
点击成功
3. 等待翻译...
等待翻译: 1.5秒
点击成功
3. 等待翻译...
等待翻译: 2.5秒

翻译尝试 1/3
原文长度: 45 字符
原文: ཨ་སྟག་བྲེལ་མྱུར་ངང་ཡར་ལངས་ནས་བརྒྱུགས་སོང་སྟེ།
基础等待时间: 2.5秒
1. 输入文本...
文本输入完成 (长度: 45 字符)
2. 点击翻译按钮...
文本输入完成 (长度: 17 字符)
2. 点击翻译按钮...

翻译尝试 1/3
原文长度: 42 字符
原文: ལྷོ་རུ་ཨར་བུ་ད་ན་མཆེ་བ་རྣམ་པར་གཙིགས་པ་དང་།
基础等待时间: 2.5秒
1. 输入文本...
文本输入完成 (长度: 11 字符)
2. 点击翻译按钮...
翻译结果仍在变化，继续等待... (已等待0.0秒)
文本输入完成 (长度: 37 字符)
2. 点击翻译按钮...

翻译尝试 1/3
原文长度: 13 字符
原文: དོག་ས་དོག་མོ།
基础等待时间: 1.5秒
1. 输入文本...

翻译尝试 1/3
原文长度: 40 字符
原文: གང་ཟག་བདག་མེད་རྟོགས་པ་ལྟ་བས་ཁྱད་པར་འཕགས།
基础等待时间: 2.5秒
1. 输入文本...
点击成功
3. 等待翻译...
等待翻译: 2.5秒
点击成功
3. 等待翻译...
等待翻译: 1.5秒
点击成功
3. 等待翻译...
等待翻译: 1.5秒
点击成功
3. 等待翻译...
等待翻译: 2.5秒
翻译结果仍在变化，继续等待... (已等待0.0秒)
文本输入完成 (长度: 45 字符)
2. 点击翻译按钮...
文本输入完成 (长度: 42 字符)
2. 点击翻译按钮...
文本输入完成 (长度: 13 字符)
2. 点击翻译按钮...
翻译结果仍在变化，继续等待... (已等待0.0秒)
点击成功
3. 等待翻译...
等待翻译: 2.5秒
文本输入完成 (长度: 40 字符)
2. 点击翻译按钮...

翻译尝试 1/3
原文长度: 30 字符
原文: སྨིན་དྲུག་དུས་སུ་རབ་བསྒྲུབས་ན།
基础等待时间: 1.5秒
1. 输入文本...
点击成功
3. 等待翻译...
等待翻译: 2.5秒
点击成功
3. 等待翻译...
等待翻译: 1.5秒

翻译尝试 1/3
原文长度: 23 字符
原文: དེ་སྐད་དུ་ཀློང་དྲུག་པར།
基础等待时间: 1.5秒
1. 输入文本...
点击成功
3. 等待翻译...
等待翻译: 2.5秒

翻译尝试 1/3
原文长度: 3 字符
原文: མོ།
基础等待时间: 1.5秒
1. 输入文本...

翻译尝试 1/3
原文长度: 115 字符
原文预览: བྱམས་པའི་མངའ་བདག་ལརྟགཏུགདུལ་བྱ་ཐམས་ཅད་ཀྱི་མདུན་ན་གནས་པའི་ཕྱིར་བདག་གིས་དེའི་སྐུ་ཁ...
基础等待时间: 4.0秒
1. 输入文本...

翻译尝试 1/3
原文长度: 23 字符
原文: ཆོ་ག་ལོག་ན་ཁྱེད་རང་ལོག།
基础等待时间: 1.5秒
1. 输入文本...
翻译结果稳定，总等待时间: 5.5秒
4. 获取翻译结果...
翻译成功 (长度: 18 字符)
结果: 僧侣如果对不应结交的结交，罪过就大。
文本输入完成 (长度: 30 字符)
2. 点击翻译按钮...
文本输入完成 (长度: 23 字符)
2. 点击翻译按钮...
点击成功
3. 等待翻译...
等待翻译: 1.5秒

翻译尝试 1/3
原文长度: 42 字符
原文: ཞིང་པ་སྣམས་བྱེད་ཅུང་ཟད་ཅིག་འདུག་ནས་སྨྲས་པ།
基础等待时间: 2.5秒
1. 输入文本...
点击成功
3. 等待翻译...
等待翻译: 1.5秒
文本输入完成 (长度: 3 字符)
2. 点击翻译按钮...
文本输入完成 (长度: 23 字符)
2. 点击翻译按钮...
翻译结果仍在变化，继续等待... (已等待0.0秒)
点击成功
3. 等待翻译...
等待翻译: 1.5秒
点击成功
3. 等待翻译...
等待翻译: 1.5秒
文本输入完成 (长度: 42 字符)
2. 点击翻译按钮...
翻译结果仍在变化，继续等待... (已等待0.0秒)
文本输入完成 (长度: 115 字符)
2. 点击翻译按钮...
点击成功
3. 等待翻译...
等待翻译: 2.5秒
翻译结果稳定，总等待时间: 4.0秒
4. 获取翻译结果...
翻译结果稳定，总等待时间: 3.0秒
4. 获取翻译结果...
翻译成功 (长度: 13 字符)
结果: 他一看见几个士兵正等着他。
翻译结果仍在变化，继续等待... (已等待0.0秒)
翻译成功 (长度: 4 字符)
结果: 糟透了。
点击成功
3. 等待翻译...
等待翻译: 4.0秒
翻译结果仍在变化，继续等待... (已等待0.0秒)

翻译尝试 1/3
原文长度: 57 字符
原文: གཤེན་རབ་མཆོག་དེ་བཞིན་གཤེགས་པ་དགྲ་བཅོམ་པ་ཡང་དག་པར་རྫོགས་པ།
基础等待时间: 2.5秒
1. 输入文本...
翻译结果仍在变化，继续等待... (已等待0.0秒)
翻译结果稳定，总等待时间: 3.0秒
4. 获取翻译结果...
翻译成功 (长度: 5 字符)
结果: 合为一体。

翻译尝试 1/3
原文长度: 26 字符
原文: དེ་ཡི་རྒྱུ་ནི་གཅིག་མིན་པར།
基础等待时间: 1.5秒
1. 输入文本...
翻译结果仍在变化，继续等待... (已等待0.0秒)
翻译结果稳定，总等待时间: 3.0秒
4. 获取翻译结果...
翻译成功 (长度: 7 字符)
结果: 像女子自杀一样
文本输入完成 (长度: 57 字符)
2. 点击翻译按钮...
翻译结果稳定，总等待时间: 3.0秒
4. 获取翻译结果...
文本输入完成 (长度: 26 字符)
2. 点击翻译按钮...
翻译成功 (长度: 7 字符)
结果: 我并不是自大。
翻译结果仍在变化，继续等待... (已等待0.0秒)
点击成功
3. 等待翻译...
等待翻译: 2.5秒
翻译结果仍在变化，继续等待... (已等待0.0秒)
点击成功
3. 等待翻译...
等待翻译: 1.5秒
翻译结果仍在变化，继续等待... (已等待0.0秒)
翻译结果仍在变化，继续等待... (已等待0.0秒)
翻译结果仍在变化，继续等待... (已等待0.0秒)
翻译结果仍在变化，继续等待... (已等待0.0秒)
翻译结果仍在变化，继续等待... (已等待0.0秒)
翻译结果稳定，总等待时间: 4.0秒
4. 获取翻译结果...
翻译结果仍在变化，继续等待... (已等待0.0秒)
翻译成功 (长度: 8 字符)
结果: 于是就要去幼年。
翻译结果仍在变化，继续等待... (已等待0.0秒)

翻译尝试 1/3
原文长度: 53 字符
原文: ཞེས་ཟེར་བར་འགྱུར་རོ་སྙམ་ནས་འགྱོད་པ་སྐྱེས་ཏེ་མ་སོང་ངོ།
基础等待时间: 2.5秒
1. 输入文本...
翻译结果仍在变化，继续等待... (已等待0.0秒)
翻译结果稳定，总等待时间: 3.0秒
4. 获取翻译结果...
翻译成功 (长度: 7 字符)
结果: 我单独的身体。
翻译结果仍在变化，继续等待... (已等待0.0秒)
翻译结果稳定，总等待时间: 3.0秒
4. 获取翻译结果...
翻译成功 (长度: 7 字符)
结果: 佛龛自己祭拜。
翻译结果仍在变化，继续等待... (已等待0.0秒)
翻译结果仍在变化，继续等待... (已等待0.0秒)
翻译结果稳定，总等待时间: 4.0秒
4. 获取翻译结果...
翻译成功 (长度: 12 字符)
结果: 这是没路可走的时候了吧？
文本输入完成 (长度: 53 字符)
2. 点击翻译按钮...
翻译结果稳定，总等待时间: 3.0秒
4. 获取翻译结果...
翻译成功 (长度: 7 字符)
结果: 当太阳落山时。
翻译结果稳定，总等待时间: 3.0秒
4. 获取翻译结果...
点击成功
3. 等待翻译...
等待翻译: 2.5秒
翻译成功 (长度: 4 字符)
结果: 有人说。

翻译尝试 1/3
原文长度: 14 字符
原文: གནའ་དང་པོ་ཙ་ན།
基础等待时间: 1.5秒
1. 输入文本...

翻译尝试 1/3
原文长度: 28 字符
原文: ཁོང་ཁྲོ་ལང་ནས་ཡོང་བ་མི་འདུག།
基础等待时间: 1.5秒
1. 输入文本...
翻译结果仍在变化，继续等待... (已等待0.0秒)
翻译结果稳定，总等待时间: 3.0秒
4. 获取翻译结果...
翻译成功 (长度: 6 字符)
结果: 狭窄的地点。
翻译结果仍在变化，继续等待... (已等待0.0秒)

翻译尝试 1/3
原文长度: 30 字符
原文: ཞེས་པ་རྒྱུསས་རྣམས་སྡུད་པར་གདའ།
基础等待时间: 1.5秒
1. 输入文本...
翻译结果稳定，总等待时间: 5.5秒
4. 获取翻译结果...
文本输入完成 (长度: 14 字符)
2. 点击翻译按钮...
文本输入完成 (长度: 28 字符)
2. 点击翻译按钮...
翻译成功 (长度: 42 字符)
结果: 此外，凡是想表现并被欲望所完全震动的，如果一定要成功，那末，震动的理由是十分明显的。
点击成功
3. 等待翻译...
等待翻译: 1.5秒
点击成功
3. 等待翻译...
等待翻译: 1.5秒

翻译尝试 1/3
原文长度: 27 字符
原文: ཕྱུག་པོའི་བུ་མོ་ཞིག་ཤི་སྟེ།
基础等待时间: 1.5秒
1. 输入文本...
翻译结果仍在变化，继续等待... (已等待0.0秒)
文本输入完成 (长度: 30 字符)
2. 点击翻译按钮...

翻译尝试 1/3
原文长度: 30 字符
原文: དོན་གོལ་བར་གདའ་ན་བཟོད་པར་བཞེས།
基础等待时间: 1.5秒
1. 输入文本...
翻译结果稳定，总等待时间: 4.0秒
4. 获取翻译结果...
翻译结果稳定，总等待时间: 3.0秒
4. 获取翻译结果...
翻译成功 (长度: 8 字符)
结果: 不仅不出尔反尔。
翻译成功 (长度: 5 字符)
结果: 当六月天。
翻译结果稳定，总等待时间: 3.0秒
4. 获取翻译结果...
点击成功
3. 等待翻译...
等待翻译: 1.5秒
翻译成功 (长度: 5 字符)
结果: 六度空中，
文本输入完成 (长度: 27 字符)
2. 点击翻译按钮...
翻译结果稳定，总等待时间: 4.0秒
4. 获取翻译结果...
翻译成功 (长度: 15 字符)
结果: 逻辑承诺与自然承诺的相似与差异
翻译结果稳定，总等待时间: 3.0秒
4. 获取翻译结果...
翻译结果稳定，总等待时间: 3.0秒
4. 获取翻译结果...
翻译成功 (长度: 2 字符)
结果: 她。
文本输入完成 (长度: 30 字符)
2. 点击翻译按钮...
翻译成功 (长度: 7 字符)
结果: 错了你就得滚蛋
点击成功
3. 等待翻译...
等待翻译: 1.5秒
翻译结果稳定，总等待时间: 4.0秒
4. 获取翻译结果...
翻译成功 (长度: 7 字符)
结果: 所谓空性是指。
翻译结果稳定，总等待时间: 5.5秒
4. 获取翻译结果...
翻译成功 (长度: 27 字符)
结果: 因为是可言的东西，所以如同驴是驴等等的那些逻辑的结论。
点击成功
3. 等待翻译...
等待翻译: 1.5秒
翻译结果稳定，总等待时间: 4.0秒
4. 获取翻译结果...
翻译成功 (长度: 11 字符)
结果: 阿达连忙站起来就跑了。
翻译结果稳定，总等待时间: 4.0秒
4. 获取翻译结果...
翻译结果仍在变化，继续等待... (已等待0.0秒)
翻译成功 (长度: 17 字符)
结果: 在南部，阿尔布达有锋芒分明的犬齿。
翻译结果稳定，总等待时间: 4.0秒
4. 获取翻译结果...
翻译成功 (长度: 9 字符)
结果: 见识到无主见解高。

翻译尝试 1/3
原文长度: 76 字符
原文: ད་ཅི་བཀང་ན་ད་མེད་པ་མི་སྲིད་ང་འཁྲུལ་འདུག་བརྟག་པར་བྱ་སྙམ་སྟེ་རྡོ་གཅིག་དེར་བཞག།
基础等待时间: 2.5秒
1. 输入文本...

翻译尝试 1/3
原文长度: 68 字符
原文: དེ་ནས་རིང་ཞིག་ལོན་པན་དྲན་པར་གྱུར་ནས་བདག་གི་རྣམས་ལ་འདི་སྐདཅེས་སྨད་དོ།
基础等待时间: 2.5秒
1. 输入文本...

翻译尝试 1/3
原文长度: 25 字符
原文: སྐྱེད་མོས་ཚལ་དག་བྱ་བ་སྟེ།
基础等待时间: 1.5秒
1. 输入文本...

翻译尝试 1/3
原文长度: 21 字符
原文: མོ་ཊ་ད་དུང་སླེབས་མེད།
基础等待时间: 1.5秒
1. 输入文本...
文本输入完成 (长度: 76 字符)
2. 点击翻译按钮...
翻译结果稳定，总等待时间: 5.5秒
4. 获取翻译结果...
翻译成功 (长度: 17 字符)
结果: 干部的目光不再是看高官的豪华出行。
翻译结果稳定，总等待时间: 3.0秒
4. 获取翻译结果...

翻译尝试 1/3
原文长度: 28 字符
原文: ཙ་ན་དཀའ་སོགས་མཐོང་གྱུར་ཅིང་།
基础等待时间: 1.5秒
1. 输入文本...
翻译成功 (长度: 7 字符)
结果: 原因是不同的。
点击成功
3. 等待翻译...
等待翻译: 2.5秒
文本输入完成 (长度: 68 字符)
2. 点击翻译按钮...
文本输入完成 (长度: 25 字符)
2. 点击翻译按钮...

翻译尝试 1/3
原文长度: 56 字符
原文: སྔོན་འཇུག་གི་མོ་ཡིག་འས་འཕུལ་བའི་བྱེད་འབྲེལ་ལས་ཚིག་ཡིན་ན།
基础等待时间: 2.5秒
1. 输入文本...
翻译结果仍在变化，继续等待... (已等待0.0秒)
翻译结果仍在变化，继续等待... (已等待0.0秒)
文本输入完成 (长度: 21 字符)
2. 点击翻译按钮...
点击成功
3. 等待翻译...
等待翻译: 2.5秒
点击成功
3. 等待翻译...
等待翻译: 1.5秒
翻译结果仍在变化，继续等待... (已等待0.0秒)
翻译结果稳定，总等待时间: 4.0秒
4. 获取翻译结果...
翻译成功 (长度: 11 字符)
结果: 农夫见此，想起了自己。
点击成功
3. 等待翻译...
等待翻译: 1.5秒
文本输入完成 (长度: 28 字符)
2. 点击翻译按钮...

翻译尝试 1/3
原文长度: 15 字符
原文: འུང་གི་རྗེས་ལའ།
基础等待时间: 1.5秒
1. 输入文本...
翻译结果仍在变化，继续等待... (已等待0.0秒)
点击成功
3. 等待翻译...
等待翻译: 1.5秒

翻译尝试 1/3
原文长度: 25 字符
原文: འབྲས་བུ་ཐམས་ཅད་ངེས་པར་ནི།
基础等待时间: 1.5秒
1. 输入文本...
文本输入完成 (长度: 56 字符)
2. 点击翻译按钮...
翻译结果仍在变化，继续等待... (已等待0.0秒)
翻译结果仍在变化，继续等待... (已等待0.0秒)
点击成功
3. 等待翻译...
等待翻译: 2.5秒
文本输入完成 (长度: 15 字符)
2. 点击翻译按钮...
翻译结果仍在变化，继续等待... (已等待0.0秒)
文本输入完成 (长度: 25 字符)
2. 点击翻译按钮...

翻译尝试 1/3
原文长度: 45 字符
原文: སྒྲུབ་པའི་ལུང་བཞི་ཡོད་དོ་ ཞེས་གསུངས་པའི་ཕྱིར།
基础等待时间: 2.5秒
1. 输入文本...

翻译尝试 1/3
原文长度: 25 字符
原文: གང་ཞིག་དུས་ཀྱི་སྙིགས་མ་ལ།
基础等待时间: 1.5秒
1. 输入文本...
点击成功
3. 等待翻译...
等待翻译: 1.5秒

翻译尝试 1/3
原文长度: 41 字符
原文: དཀྱིལ་འཁོར་ཐམས་ཅད་གཅིག་ལ་རྫོགས་པར་གནས་སོ།
基础等待时间: 2.5秒
1. 输入文本...
点击成功
3. 等待翻译...
等待翻译: 1.5秒
翻译结果稳定，总等待时间: 4.0秒
4. 获取翻译结果...
翻译成功 (长度: 13 字符)
结果: 如来神，如来佛，如来觉者。

翻译尝试 1/3
原文长度: 33 字符
原文: ས་ལ་བལྟ་ཞིང་ཅང་མི་སྨྲ་བར་འདུག་གོ།
基础等待时间: 2.5秒
1. 输入文本...

翻译尝试 1/3
原文长度: 91 字符
原文预览: དེ་དག་གི་སྒྲའི་སྦྱོར་ཚུལ་ལ་ཁྱད་པར་མེད་ཀྱང་དོན་གྱི་སྦྱོར་ཚུལ་ལ་ཁྱད་པར་ངེས་པར་ཡོད་...
基础等待时间: 4.0秒
1. 输入文本...

翻译尝试 1/3
原文长度: 26 字符
原文: འདི་ཡང་རང་ཉིད་མཐོང་བ་ཆུང་།
基础等待时间: 1.5秒
1. 输入文本...

翻译尝试 1/3
原文长度: 39 字符
原文: འདུས་མ་བྱས་སྟོང་པ་ཉིད་དེ་ལྟར་བསྟན་པ་ནི།
基础等待时间: 2.5秒
1. 输入文本...
文本输入完成 (长度: 45 字符)
2. 点击翻译按钮...
文本输入完成 (长度: 25 字符)
2. 点击翻译按钮...

翻译尝试 1/3
原文长度: 60 字符
原文: གྲངས་ཅན་དག་ལས་གང་དག་མཁས་པར་རློམ་པ་དག་གིས་འདི་སྐད་ཅེས་ཟེར་ཏེ།
基础等待时间: 2.5秒
1. 输入文本...
文本输入完成 (长度: 41 字符)
2. 点击翻译按钮...
点击成功
3. 等待翻译...
等待翻译: 2.5秒
点击成功
3. 等待翻译...
等待翻译: 1.5秒

翻译尝试 1/3
原文长度: 102 字符
原文预览: ཁང་བའི་ནུབ་ངོས་ཀྱི་དྲེག་པས་ནག་ལོག་གེར་བསྒྱུར་པའི་གྱང་ལྡེབས་ལ་ཐལ་ལྕག་གིས་ཐེངས་ཁ་ཤ...
基础等待时间: 4.0秒
1. 输入文本...
文本输入完成 (长度: 33 字符)
2. 点击翻译按钮...
点击成功
3. 等待翻译...
等待翻译: 2.5秒
文本输入完成 (长度: 26 字符)
2. 点击翻译按钮...

翻译尝试 1/3
原文长度: 35 字符
原文: ནུབ་ཏུ་མ་རུ་ཏ་ན་རྣམ་པར་སྣང་མཛད་དང་།
基础等待时间: 2.5秒
1. 输入文本...
文本输入完成 (长度: 39 字符)
2. 点击翻译按钮...
点击成功
3. 等待翻译...
等待翻译: 2.5秒

翻译尝试 1/3
原文长度: 54 字符
原文: དགྲ་བཅོམ་ཟུང་བཞི་ཡ་བརྒྱད་ཐོབ་པས་འབྲས་བུའི་ཁྱད་པར་འཕགས།
基础等待时间: 2.5秒
1. 输入文本...
文本输入完成 (长度: 91 字符)
2. 点击翻译按钮...
点击成功
3. 等待翻译...
等待翻译: 1.5秒
点击成功
3. 等待翻译...
等待翻译: 2.5秒
文本输入完成 (长度: 60 字符)
2. 点击翻译按钮...
点击成功
3. 等待翻译...
等待翻译: 4.0秒
文本输入完成 (长度: 35 字符)
2. 点击翻译按钮...
翻译结果稳定，总等待时间: 3.0秒
4. 获取翻译结果...
点击成功
3. 等待翻译...
等待翻译: 2.5秒
翻译结果稳定，总等待时间: 3.0秒
4. 获取翻译结果...
翻译结果仍在变化，继续等待... (已等待0.0秒)
翻译成功 (长度: 5 字符)
结果: 从古至今。
翻译成功 (长度: 6 字符)
结果: 气得不行了。
翻译结果稳定，总等待时间: 5.5秒
4. 获取翻译结果...
点击成功
3. 等待翻译...
等待翻译: 2.5秒
翻译成功 (长度: 35 字符)
结果: 我虽在它的神圣面前，也可以在它的神圣面前，然而我不能不把它的神圣面前。
翻译结果仍在变化，继续等待... (已等待0.0秒)
文本输入完成 (长度: 102 字符)
2. 点击翻译按钮...
文本输入完成 (长度: 54 字符)
2. 点击翻译按钮...
翻译结果仍在变化，继续等待... (已等待0.0秒)

翻译尝试 1/3
原文长度: 70 字符
原文: འདི་ཚོར་ངོ་ཚ་ཟེར་བ་ཞིག་མི་འདུག་ཟླ་ཕོགས་ཀྱིས་ཟ་སྐྱིད་འཐུང་སྐྱིད་བྱས་ཏེ།
基础等待时间: 2.5秒
1. 输入文本...
点击成功
3. 等待翻译...
等待翻译: 4.0秒
点击成功
3. 等待翻译...
等待翻译: 2.5秒
翻译结果稳定，总等待时间: 3.0秒
4. 获取翻译结果...
翻译成功 (长度: 5 字符)
结果: 是指收集。

翻译尝试 1/3
原文长度: 53 字符
原文: འདོད་པ་དག་ལ་མི་གཙང་བའི་སྐྱོན་དུ་ལྟ་བར་ཡང་མི་འགྱུར་རོ།
基础等待时间: 2.5秒
1. 输入文本...
翻译结果稳定，总等待时间: 3.0秒
4. 获取翻译结果...
翻译结果稳定，总等待时间: 4.0秒
4. 获取翻译结果...
翻译成功 (长度: 10 字符)
结果: 有个富人的女儿死了。
翻译成功 (长度: 11 字符)
结果: 后来又感到后悔，没去。

翻译尝试 1/3
原文长度: 59 字符
原文: སྣམས་བྱེད་འདི་ཉིད་དུ་འདུག་ཤིག་དང་ལྷན་ཅིག་རྒྱལ་སྲིད་གཟུང་ངོ།
基础等待时间: 2.5秒
1. 输入文本...
翻译结果稳定，总等待时间: 3.0秒
4. 获取翻译结果...
翻译成功 (长度: 10 字符)
结果: 对不对的事情请原谅。
翻译结果仍在变化，继续等待... (已等待0.0秒)
文本输入完成 (长度: 70 字符)
2. 点击翻译按钮...
翻译结果仍在变化，继续等待... (已等待0.0秒)
文本输入完成 (长度: 53 字符)
2. 点击翻译按钮...
点击成功
3. 等待翻译...
等待翻译: 2.5秒
翻译结果仍在变化，继续等待... (已等待0.0秒)
点击成功
3. 等待翻译...
等待翻译: 2.5秒
文本输入完成 (长度: 59 字符)
2. 点击翻译按钮...
翻译结果仍在变化，继续等待... (已等待0.0秒)
翻译结果仍在变化，继续等待... (已等待0.0秒)
点击成功
3. 等待翻译...
等待翻译: 2.5秒

翻译尝试 1/3
原文长度: 57 字符
原文: གཤེན་རབ་མཆོག་དེ་བཞིན་གཤེགས་པ་དགྲ་བཅོམ་པ་ཡང་དག་པར་རྫོགས་པ།
基础等待时间: 2.5秒
1. 输入文本...
翻译结果仍在变化，继续等待... (已等待0.0秒)
翻译结果仍在变化，继续等待... (已等待0.0秒)
翻译结果稳定，总等待时间: 3.0秒
4. 获取翻译结果...
翻译成功 (长度: 7 字符)
结果: 对园林的整修。
文本输入完成 (长度: 57 字符)
2. 点击翻译按钮...
翻译结果稳定，总等待时间: 3.0秒
4. 获取翻译结果...
翻译成功 (长度: 5 字符)
结果: 车还没有到
点击成功
3. 等待翻译...
等待翻译: 2.5秒
翻译结果稳定，总等待时间: 3.0秒
4. 获取翻译结果...
翻译成功 (长度: 7 字符)
结果: 就觉得很困难。

翻译尝试 1/3
原文长度: 8 字符
原文: ལོས་ཡིན།
基础等待时间: 1.5秒
1. 输入文本...

翻译尝试 1/3
原文长度: 18 字符
原文: ཨ་ར་ཨ་ན་ཨ་ཙི་གསུམ།
基础等待时间: 1.5秒
1. 输入文本...
翻译结果仍在变化，继续等待... (已等待0.0秒)

翻译尝试 1/3
原文长度: 53 字符
原文: གཞན་དུན་བཅོམ་ལྡནའདས་ཀྱི་རང་བཞིན་དེ་ལྟ་བུ་ཡིན་མོད་ཀྱི།
基础等待时间: 2.5秒
1. 输入文本...
翻译结果仍在变化，继续等待... (已等待0.0秒)
翻译结果稳定，总等待时间: 3.0秒
4. 获取翻译结果...
翻译成功 (长度: 5 字符)
结果: 等我们以后
翻译结果仍在变化，继续等待... (已等待0.0秒)
翻译结果稳定，总等待时间: 3.0秒
4. 获取翻译结果...

翻译尝试 1/3
原文长度: 20 字符
原文: ཞེས་པ་དེ་སྡུད་པ་གདའ།
基础等待时间: 1.5秒
1. 输入文本...
文本输入完成 (长度: 8 字符)
2. 点击翻译按钮...
文本输入完成 (长度: 18 字符)
2. 点击翻译按钮...
翻译成功 (长度: 9 字符)
结果: 所有的结果必须是。
翻译结果仍在变化，继续等待... (已等待0.0秒)
翻译结果稳定，总等待时间: 4.0秒
4. 获取翻译结果...
点击成功
3. 等待翻译...
等待翻译: 1.5秒
点击成功
3. 等待翻译...
等待翻译: 1.5秒
翻译成功 (长度: 26 字符)
结果: 刚满了，就不会再空了，我想着我就拿一块石头放在那儿，

翻译尝试 1/3
原文长度: 84 字符
原文预览: བུ་མོ་གཞན་ཞིག་གིས་མཐོང་ལ་མཐོང་ནས་ཀྱང་བདག་ལ་ཡང་འདི་ལྟ་བུའི་འབྱོར་པར་འགྱུར་རོ་སྙམ་...
基础等待时间: 4.0秒
1. 输入文本...

翻译尝试 1/3
原文长度: 53 字符
原文: དེས་སོང་ལ་དེ་གཉི་ག་བྱས་ཏེ་ཕྱིར་འོང་ངོ་སྙམ་དུ་བསམས་ནས།
基础等待时间: 2.5秒
1. 输入文本...
文本输入完成 (长度: 53 字符)
2. 点击翻译按钮...
翻译结果仍在变化，继续等待... (已等待0.0秒)
翻译结果稳定，总等待时间: 4.0秒
4. 获取翻译结果...
文本输入完成 (长度: 20 字符)
2. 点击翻译按钮...
翻译成功 (长度: 25 字符)
结果: 过了一段时间，伦巴的想念之情使他开始对我的话生厌。

翻译尝试 1/3
原文长度: 108 字符
原文预览: འདིའི་ཡང་གོ་རིམ་དངོས་ལྟར་ན་རྗེ་ནཱ་རོ་པ་མཇལ་ཕྱི་བ་ལྟར་སྣང་ཞིང་ལ་ལར་གོ་རིམ་བརྗེས་འ...
基础等待时间: 4.0秒
1. 输入文本...
翻译结果仍在变化，继续等待... (已等待0.0秒)
点击成功
3. 等待翻译...
等待翻译: 2.5秒
翻译结果稳定，总等待时间: 3.0秒
4. 获取翻译结果...
翻译成功 (长度: 9 字符)
结果: 当什么是时空的渣滓
点击成功
3. 等待翻译...
等待翻译: 1.5秒
翻译结果仍在变化，继续等待... (已等待0.0秒)
翻译结果稳定，总等待时间: 3.0秒
4. 获取翻译结果...
翻译成功 (长度: 10 字符)
结果: 这也是我见过最小的。
文本输入完成 (长度: 53 字符)
2. 点击翻译按钮...
文本输入完成 (长度: 84 字符)
2. 点击翻译按钮...
翻译结果稳定，总等待时间: 4.0秒
4. 获取翻译结果...
翻译成功 (长度: 13 字符)
结果: 前缀“mo-”的动词形式。
点击成功
3. 等待翻译...
等待翻译: 2.5秒
点击成功
3. 等待翻译...
等待翻译: 4.0秒
文本输入完成 (长度: 108 字符)
2. 点击翻译按钮...
点击成功
3. 等待翻译...
等待翻译: 4.0秒
翻译结果仍在变化，继续等待... (已等待0.0秒)
翻译结果仍在变化，继续等待... (已等待0.0秒)

翻译尝试 1/3
原文长度: 28 字符
原文: དུས་ཚིགས་ལས་བྱུང་གསར་ཐོག་གི།
基础等待时间: 1.5秒
1. 输入文本...
翻译结果仍在变化，继续等待... (已等待0.0秒)
翻译结果稳定，总等待时间: 4.0秒
4. 获取翻译结果...
翻译成功 (长度: 9 字符)
结果: 有四个处所要做的。
翻译结果稳定，总等待时间: 4.0秒
4. 获取翻译结果...

翻译尝试 1/3
原文长度: 138 字符
原文预览: ཡིན་ན་ཡང་གུང་ཁྲན་གྱི་རྐང་དམག་སྟོང་ཕྲག་མང་པོ་འདུག་ཅིང་དྲེལ་བརྒྱ་ཕྲག་མང་པོར་ཁོ་ཚོའ...
基础等待时间: 4.0秒
1. 输入文本...
翻译成功 (长度: 12 字符)
结果: 所有的法轮都集中于一处。
翻译结果稳定，总等待时间: 4.0秒
4. 获取翻译结果...

翻译尝试 1/3
原文长度: 26 字符
原文: སྐྱིད་ལེ་ཞེ་ལ་མི་དྲན་འདུག།
基础等待时间: 1.5秒
1. 输入文本...
翻译成功 (长度: 9 字符)
结果: 看着沙拉默默无言。
文本输入完成 (长度: 28 字符)
2. 点击翻译按钮...
翻译结果仍在变化，继续等待... (已等待0.0秒)
翻译结果稳定，总等待时间: 4.0秒
4. 获取翻译结果...
翻译结果仍在变化，继续等待... (已等待0.0秒)
翻译成功 (长度: 5 字符)
结果: 这就是说，
翻译结果仍在变化，继续等待... (已等待0.0秒)
点击成功
3. 等待翻译...
等待翻译: 1.5秒
翻译结果稳定，总等待时间: 4.0秒
4. 获取翻译结果...
翻译成功 (长度: 15 字符)
结果: 其中，哪一个才是真正的智者呢？
文本输入完成 (长度: 26 字符)
2. 点击翻译按钮...
翻译结果稳定，总等待时间: 4.0秒
4. 获取翻译结果...

翻译尝试 1/3
原文长度: 31 字符
原文: དབའས་ཕངས་ཏོ་རེ་དབྱི་ཚབ་རྒས་ཏེ།་
基础等待时间: 2.5秒
1. 输入文本...
翻译成功 (长度: 10 字符)
结果: 西方有玛瑞达那之星。
翻译结果仍在变化，继续等待... (已等待0.0秒)
翻译结果仍在变化，继续等待... (已等待0.0秒)
点击成功
3. 等待翻译...
等待翻译: 1.5秒

翻译尝试 1/3
原文长度: 28 字符
原文: འགྲུབ་པར་འགྱུར་བ་མ་ཡིན་ཞིང་།
基础等待时间: 1.5秒
1. 输入文本...
翻译结果仍在变化，继续等待... (已等待0.0秒)
文本输入完成 (长度: 138 字符)
2. 点击翻译按钮...
翻译结果稳定，总等待时间: 4.0秒
4. 获取翻译结果...
翻译成功 (长度: 13 字符)
结果: 得四两拨千斤，果实格外甜。

翻译尝试 1/3
原文长度: 53 字符
原文: འདི་འདྲ་མི་སྲིད་ང་འཁྲུལ་འདུག་འོན་ཀྱང་བརྟག་པར་སྙམ་སྟེ།
基础等待时间: 2.5秒
1. 输入文本...
点击成功
3. 等待翻译...
等待翻译: 4.0秒
文本输入完成 (长度: 31 字符)
2. 点击翻译按钮...

翻译尝试 1/3
原文长度: 68 字符
原文: རུས་པ་ལ་ཐལ་བའི་སྡུག་བསྔལ་མྱོང་བར་གྱུར་པ་འདི་ལ་མི་འགྱོདདམ་ཞེས་སྨྲས་ན།
基础等待时间: 2.5秒
1. 输入文本...
文本输入完成 (长度: 28 字符)
2. 点击翻译按钮...
点击成功
3. 等待翻译...
等待翻译: 2.5秒

翻译尝试 1/3
原文长度: 37 字符
原文: གཡུང་ལི་པེ་ཅོ་འདུག་གཡུང་ལི་པེ་ཅོ་འདས།
基础等待时间: 2.5秒
1. 输入文本...
点击成功
3. 等待翻译...
等待翻译: 1.5秒
文本输入完成 (长度: 53 字符)
2. 点击翻译按钮...

翻译尝试 1/3
原文长度: 27 字符
原文: བརྟགས་ན་ཁྱེད་རང་མི་བདེན་ནོ།
基础等待时间: 1.5秒
1. 输入文本...
翻译结果稳定，总等待时间: 4.0秒
4. 获取翻译结果...
翻译成功 (长度: 18 字符)
结果: 这些人可真不要脸，拿着工资吃喝玩乐。
翻译结果稳定，总等待时间: 4.0秒
4. 获取翻译结果...
文本输入完成 (长度: 37 字符)
2. 点击翻译按钮...
翻译成功 (长度: 12 字符)
结果: 而不会认为这是一种污点。
点击成功
3. 等待翻译...
等待翻译: 2.5秒
文本输入完成 (长度: 68 字符)
2. 点击翻译按钮...

翻译尝试 1/3
原文长度: 7 字符
原文: དེར་ཐལ།
基础等待时间: 1.5秒
1. 输入文本...
点击成功
3. 等待翻译...
等待翻译: 2.5秒
点击成功
3. 等待翻译...
等待翻译: 2.5秒
翻译结果仍在变化，继续等待... (已等待0.0秒)
翻译结果稳定，总等待时间: 4.0秒
4. 获取翻译结果...
文本输入完成 (长度: 27 字符)
2. 点击翻译按钮...
翻译成功 (长度: 14 字符)
结果: 请坐这儿，同我一起掌管国政。
文本输入完成 (长度: 7 字符)
2. 点击翻译按钮...
点击成功
3. 等待翻译...
等待翻译: 1.5秒
点击成功
3. 等待翻译...
等待翻译: 1.5秒
翻译结果稳定，总等待时间: 5.5秒
4. 获取翻译结果...
翻译成功 (长度: 31 字符)
结果: 虽然这些词的语音形式没有什么区别，但在语义形式上却必须有区别。
翻译结果稳定，总等待时间: 3.0秒
4. 获取翻译结果...
翻译结果稳定，总等待时间: 3.0秒
4. 获取翻译结果...
翻译成功 (长度: 3 字符)
结果: 当然。
翻译结果仍在变化，继续等待... (已等待0.0秒)
翻译结果仍在变化，继续等待... (已等待0.0秒)
翻译成功 (长度: 7 字符)
结果: 阿热阿纳阿孜。

翻译尝试 1/3
原文长度: 50 字符
原文: སྤྱིར་ཞེས་གསུངས་པའི་ཚིག་ལ་གོ་རྒྱུ་ཡོད་པའི་ཕྱིར་ཏེ།
基础等待时间: 2.5秒
1. 输入文本...

翻译尝试 1/3
原文长度: 177 字符
原文预览: ཞེས་རིགས་ལྔ་ཡབ་ཡུམ་གྱི་ཚོམ་བུའི་སྣང་བ་དེ་ནི་རིམ་གྱིས་སྨིན་པ་འབྲས་ཀྱི་ལྗང་བུ་ལྟར་...
基础等待时间: 6.0秒
1. 输入文本...
翻译结果仍在变化，继续等待... (已等待0.0秒)
翻译结果稳定，总等待时间: 3.0秒
4. 获取翻译结果...

翻译尝试 1/3
原文长度: 23 字符
原文: སོ་མ་ས་ཱུརྱ་ཨགྣི་ལོ་ཙ་ན།
基础等待时间: 1.5秒
1. 输入文本...
翻译结果稳定，总等待时间: 5.5秒
4. 获取翻译结果...
翻译成功 (长度: 6 字符)
结果: 合“也”字。
翻译成功 (长度: 23 字符)
结果: 把房子西面的被污泥弄得乌黑的墙壁用皮鞭抽了几下
翻译结果稳定，总等待时间: 4.0秒
4. 获取翻译结果...
翻译成功 (长度: 12 字符)
结果: 如来神，如来佛，如来觉。

翻译尝试 1/3
原文长度: 38 字符
原文: ཡང་དག་པར་སྤོང་བ་རྣམས་དེ་ལྟར་བསྟན་པ་ནི།
基础等待时间: 2.5秒
1. 输入文本...
文本输入完成 (长度: 50 字符)
2. 点击翻译按钮...
点击成功
3. 等待翻译...
等待翻译: 2.5秒

翻译尝试 1/3
原文长度: 86 字符
原文预览: ཤེས་པ་ཡོད་པ་ཉིད་མ་ཡིན་པའི་ཕྱིར་ཞེས་བྱ་བ་ལ་སོགས་པའི་གཏན་ཚིགས་དག་གིས་རྣམ་པར་ཤེས་པར...
基础等待时间: 4.0秒
1. 输入文本...
文本输入完成 (长度: 23 字符)
2. 点击翻译按钮...

翻译尝试 1/3
原文长度: 28 字符
原文: ཕྱག་རྒྱ་ལྔ་ཡིས་རྣམ་པར་བརྒྱན།
基础等待时间: 1.5秒
1. 输入文本...
翻译结果仍在变化，继续等待... (已等待0.0秒)
文本输入完成 (长度: 38 字符)
2. 点击翻译按钮...
点击成功
3. 等待翻译...
等待翻译: 1.5秒
点击成功
3. 等待翻译...
等待翻译: 2.5秒

翻译尝试 1/3
原文长度: 39 字符
原文: ཉན་ཐོས་དག་ལས་རང་རྒྱལ་ཁྱད་པར་འཕགས་པ་ཡང་།
基础等待时间: 2.5秒
1. 输入文本...
文本输入完成 (长度: 177 字符)
2. 点击翻译按钮...
文本输入完成 (长度: 28 字符)
2. 点击翻译按钮...
文本输入完成 (长度: 86 字符)
2. 点击翻译按钮...
点击成功
3. 等待翻译...
等待翻译: 6.0秒
点击成功
3. 等待翻译...
等待翻译: 1.5秒
点击成功
3. 等待翻译...
等待翻译: 4.0秒
文本输入完成 (长度: 39 字符)
2. 点击翻译按钮...
翻译结果稳定，总等待时间: 4.0秒
4. 获取翻译结果...
翻译成功 (长度: 13 字符)
结果: 至于佛性，佛性也是这样的。
点击成功
3. 等待翻译...
等待翻译: 2.5秒
翻译结果仍在变化，继续等待... (已等待0.0秒)

翻译尝试 1/3
原文长度: 136 字符
原文预览: ཁོ་ཡོད་སའི་ཆང་ཁང་དེའི་ནམ་མཁར་ཟླ་བ་ཤར་འདུག་རྒྱུ་སྐར་གྲངས་མེད་འདར་བའི་ཚུལ་གྱིས་འཚེ...
基础等待时间: 4.0秒
1. 输入文本...

翻译尝试 1/3
原文长度: 29 字符
原文: ཆགས་ཅན་སྡུག་བསྔལ་ལྡན་པར་སྣང་།
基础等待时间: 1.5秒
1. 输入文本...
翻译结果仍在变化，继续等待... (已等待0.0秒)
翻译结果仍在变化，继续等待... (已等待0.0秒)
翻译结果稳定，总等待时间: 3.0秒
4. 获取翻译结果...
翻译结果稳定，总等待时间: 4.0秒
4. 获取翻译结果...
翻译结果仍在变化，继续等待... (已等待0.0秒)
翻译成功 (长度: 8 字符)
结果: 季节出现新的一年
翻译成功 (长度: 14 字符)
结果: 它就走了，做了两样事又回来。

翻译尝试 1/3
原文长度: 24 字符
原文: དེ་ཅང་མི་ཟེར་བར་འདུག་གོ།
基础等待时间: 1.5秒
1. 输入文本...
文本输入完成 (长度: 29 字符)
2. 点击翻译按钮...
翻译结果仍在变化，继续等待... (已等待0.0秒)
翻译结果稳定，总等待时间: 3.0秒
4. 获取翻译结果...
点击成功
3. 等待翻译...
等待翻译: 1.5秒
翻译成功 (长度: 8 字符)
结果: 吉利想起了西拉。
文本输入完成 (长度: 136 字符)
2. 点击翻译按钮...
文本输入完成 (长度: 24 字符)
2. 点击翻译按钮...
翻译结果仍在变化，继续等待... (已等待0.0秒)

翻译尝试 1/3
原文长度: 76 字符
原文: ཚིག་ཕྲད་ཐོག་མར་བྱུང་བའི་དུས་སུ་མིང་སྔ་མའི་རྗེས་འཇུག་གི་སྒྲ་རིང་དུ་བསྲིངས་ཏེ།
基础等待时间: 2.5秒
1. 输入文本...

翻译尝试 1/3
原文长度: 43 字符
原文: བདག་ལ་ནང་འཇམ་ཡེ་ནས་མི་འདུག་གོ་ཞེས་བརྗོད་དོ།
基础等待时间: 2.5秒
1. 输入文本...

翻译尝试 1/3
原文长度: 20 字符
原文: ལེན་ལོང་མི་འདུག་སྟེ།
基础等待时间: 1.5秒
1. 输入文本...
翻译结果仍在变化，继续等待... (已等待0.0秒)
点击成功
3. 等待翻译...
等待翻译: 1.5秒
点击成功
3. 等待翻译...
等待翻译: 4.0秒
翻译结果仍在变化，继续等待... (已等待0.0秒)
翻译结果仍在变化，继续等待... (已等待0.0秒)
翻译结果稳定，总等待时间: 3.0秒
4. 获取翻译结果...
翻译成功 (长度: 10 字符)
结果: 不是要变成什么东西，

翻译尝试 1/3
原文长度: 69 字符
原文: ཞེས་པ་དེ་སྡུད་པར་ག་ཀུ་། གདའ་སྒྱུ་མ་ཞེས་པས་རྟོགས་པའི་རིག་པ་སྒྱུ་མ་ཉིད།
基础等待时间: 2.5秒
1. 输入文本...
文本输入完成 (长度: 20 字符)
2. 点击翻译按钮...
文本输入完成 (长度: 43 字符)
2. 点击翻译按钮...

翻译尝试 1/3
原文长度: 72 字符
原文: ཟུང་ཟླ་བས་ནག་ལོག་གེར་གནས་པའི་གྱང་ལྡེབས་སུ་ལག་ཟུང་གིས་ག་ལེར་རེག་རེག་བྱེད།
基础等待时间: 2.5秒
1. 输入文本...

翻译尝试 1/3
原文长度: 57 字符
原文: གཤེན་རབ་མཆོག་དེ་བཞིན་གཤེགས་པ་དགྲ་བཅོམ་པ་ཡང་དག་པར་རྫོགས་པ།
基础等待时间: 2.5秒
1. 输入文本...
文本输入完成 (长度: 76 字符)
2. 点击翻译按钮...
点击成功
3. 等待翻译...
等待翻译: 1.5秒
点击成功
3. 等待翻译...
等待翻译: 2.5秒
点击成功
3. 等待翻译...
等待翻译: 2.5秒
翻译结果仍在变化，继续等待... (已等待0.0秒)
文本输入完成 (长度: 69 字符)
2. 点击翻译按钮...
文本输入完成 (长度: 72 字符)
2. 点击翻译按钮...
文本输入完成 (长度: 57 字符)
2. 点击翻译按钮...
点击成功
3. 等待翻译...
等待翻译: 2.5秒
翻译结果稳定，总等待时间: 3.0秒
4. 获取翻译结果...
点击成功
3. 等待翻译...
等待翻译: 2.5秒
点击成功
3. 等待翻译...
等待翻译: 2.5秒
翻译成功 (长度: 6 字符)
结果: 你猜的不对。
翻译结果仍在变化，继续等待... (已等待0.0秒)
翻译结果稳定，总等待时间: 3.0秒
4. 获取翻译结果...
翻译成功 (长度: 4 字符)
结果: 差不多。
翻译结果仍在变化，继续等待... (已等待0.0秒)
翻译结果稳定，总等待时间: 5.5秒
4. 获取翻译结果...
翻译成功 (长度: 22 字符)
结果: 另一个女孩看见了，想：“我也能有这样的财富。
翻译结果稳定，总等待时间: 4.0秒
4. 获取翻译结果...

翻译尝试 1/3
原文长度: 76 字符
原文: མདུན་གྱི་ནམ་མཁའ་ལ་རང་གི་ཡིད་ལ་རང་གི་ཡིད་ལས་སྤྲུལ་བའི་རིན་བོཆེའི་རང་བཞན་གྱིས།
基础等待时间: 2.5秒
1. 输入文本...
翻译成功 (长度: 6 字符)
结果: 潘多瑞伊老了
翻译结果仍在变化，继续等待... (已等待0.0秒)
翻译结果稳定，总等待时间: 5.5秒
4. 获取翻译结果...
翻译成功 (长度: 32 字符)
结果: 这也似乎是按实际的次序来见晋那如枯后，若干次序的倒转，是自作的。
翻译结果仍在变化，继续等待... (已等待0.0秒)
翻译结果稳定，总等待时间: 4.0秒
4. 获取翻译结果...
翻译成功 (长度: 21 字符)
结果: 不可能是这样，我错了，但我想我应该查一查。

翻译尝试 1/3
原文长度: 27 字符
原文: གྲོག་མའི་ཚང་གི་སྒོ་རྣམས་སུ།
基础等待时间: 1.5秒
1. 输入文本...
翻译结果仍在变化，继续等待... (已等待0.0秒)

翻译尝试 1/3
原文长度: 50 字符
原文: མཚན་བཟངས་སོང་སྟེ་གཉི་ག་བྱས་ནས་ཕྱིར་འོངས་ཏེ་སྨྲས་པ།
基础等待时间: 2.5秒
1. 输入文本...
文本输入完成 (长度: 76 字符)
2. 点击翻译按钮...
翻译结果稳定，总等待时间: 4.0秒
4. 获取翻译结果...
翻译成功 (长度: 11 字符)
结果: 永利白居永利白居去世了
翻译结果稳定，总等待时间: 4.0秒
4. 获取翻译结果...
翻译成功 (长度: 17 字符)
结果: 成为骨灰受苦，这难道不令人懊悔吗?
点击成功
3. 等待翻译...
等待翻译: 2.5秒
翻译结果仍在变化，继续等待... (已等待0.0秒)
翻译结果稳定，总等待时间: 3.0秒
4. 获取翻译结果...
翻译成功 (长度: 7 字符)
结果: 所玛的沙耳那。

翻译尝试 1/3
原文长度: 26 字符
原文: རྒས་དུས་མིན་པ་མི་དྲན་འདུག།
基础等待时间: 1.5秒
1. 输入文本...
文本输入完成 (长度: 27 字符)
2. 点击翻译按钮...
文本输入完成 (长度: 50 字符)
2. 点击翻译按钮...
翻译结果仍在变化，继续等待... (已等待0.0秒)
点击成功
3. 等待翻译...
等待翻译: 1.5秒
点击成功
3. 等待翻译...
等待翻译: 2.5秒
文本输入完成 (长度: 26 字符)
2. 点击翻译按钮...
翻译结果稳定，总等待时间: 3.0秒
4. 获取翻译结果...
翻译成功 (长度: 9 字符)
结果: 用五个手印来修饰。
点击成功
3. 等待翻译...
等待翻译: 1.5秒

翻译尝试 1/3
原文长度: 26 字符
原文: གྲུབ་པ་ངེས་པར་མཐར་འགྱུར་ན།
基础等待时间: 1.5秒
1. 输入文本...
翻译结果稳定，总等待时间: 5.5秒
4. 获取翻译结果...
翻译成功 (长度: 31 字符)
结果: 可是共产的步兵有千把万，有百百匹骡子，驮着他们的东西，很迷人。
文本输入完成 (长度: 26 字符)
2. 点击翻译按钮...
翻译结果稳定，总等待时间: 4.0秒
4. 获取翻译结果...
翻译成功 (长度: 6 字符)
结果: 一般的说法。
点击成功
3. 等待翻译...
等待翻译: 1.5秒

翻译尝试 1/3
原文长度: 25 字符
原文: རྫོགས་ཆེན་བཀགས་པ་མི་གདའོ།
基础等待时间: 1.5秒
1. 输入文本...
翻译结果稳定，总等待时间: 4.0秒
4. 获取翻译结果...
翻译结果稳定，总等待时间: 3.0秒
4. 获取翻译结果...
翻译成功 (长度: 14 字符)
结果: 正如所谓“弃而不为”的意思。
翻译结果仍在变化，继续等待... (已等待0.0秒)
翻译成功 (长度: 7 字符)
结果: 色情使人痛苦。

翻译尝试 1/3
原文长度: 7 字符
原文: དེར་ཐལ།
基础等待时间: 1.5秒
1. 输入文本...
翻译结果仍在变化，继续等待... (已等待0.0秒)

翻译尝试 1/3
原文长度: 51 字符
原文: ཇི་ལྟར་བཟོ་སློབ་པ་འཇིག་རྟེན་ཐམས་ཅད་ཀྱི་ཐུན་མོང་སྟེ།
基础等待时间: 2.5秒
1. 输入文本...
翻译结果仍在变化，继续等待... (已等待0.0秒)
翻译结果稳定，总等待时间: 3.0秒
4. 获取翻译结果...
文本输入完成 (长度: 25 字符)
2. 点击翻译按钮...

翻译尝试 1/3
原文长度: 23 字符
原文: ཕངས་ཏོ་རེ་དབྱི་ཚབ་གྱིས།
基础等待时间: 1.5秒
1. 输入文本...
翻译成功 (长度: 6 字符)
结果: 那就不说了。
文本输入完成 (长度: 7 字符)
2. 点击翻译按钮...
点击成功
3. 等待翻译...
等待翻译: 1.5秒

翻译尝试 1/3
原文长度: 36 字符
原文: ཀློག་སྐྱ་སྟོན་ཆེན་དེ་སྐུ་གཤེགས་འདུག།
基础等待时间: 2.5秒
1. 输入文本...
翻译结果稳定，总等待时间: 4.0秒
4. 获取翻译结果...
翻译结果仍在变化，继续等待... (已等待0.0秒)
翻译结果仍在变化，继续等待... (已等待0.0秒)
翻译成功 (长度: 11 字符)
结果: 不但在听说上胜过世俗。
翻译结果仍在变化，继续等待... (已等待0.0秒)
点击成功
3. 等待翻译...
等待翻译: 1.5秒
文本输入完成 (长度: 23 字符)
2. 点击翻译按钮...
文本输入完成 (长度: 51 字符)
2. 点击翻译按钮...
翻译结果稳定，总等待时间: 3.0秒
4. 获取翻译结果...

翻译尝试 1/3
原文长度: 43 字符
原文: ཡང་གངྒཱ་ལ་བཏུང་ངོ་སྙམ་པས་དེ་ཡང་སྐམ་ནས་འདུག།
基础等待时间: 2.5秒
1. 输入文本...
翻译结果仍在变化，继续等待... (已等待0.0秒)
翻译成功 (长度: 4 字符)
结果: 拿不起。
点击成功
3. 等待翻译...
等待翻译: 1.5秒
点击成功
3. 等待翻译...
等待翻译: 2.5秒

翻译尝试 1/3
原文长度: 27 字符
原文: བཀུག་ལ་རང་རང་གསང་སྔགས་ཀྱིས།
基础等待时间: 1.5秒
1. 输入文本...
文本输入完成 (长度: 36 字符)
2. 点击翻译按钮...

翻译尝试 1/3
原文长度: 68 字符
原文: དེའི་ཚེ་ན་ཚངས་པའི་རྒྱལ་པོས་དེ་བཞིན་གཤེགས་པའི་སྤྱན་སྔར་ཐལ་མོ་སྦྱར་ཏེ།
基础等待时间: 2.5秒
1. 输入文本...
点击成功
3. 等待翻译...
等待翻译: 2.5秒
翻译结果仍在变化，继续等待... (已等待0.0秒)

翻译尝试 1/3
原文长度: 41 字符
原文: སོ་མ་ས་ཱུརྱ་ཨགྣི་ལོ་ཙ་ནཱ་ཡ་ཧ་ཱུཾ་ཕཊ་སྭཱ་ཧཱ།
基础等待时间: 2.5秒
1. 输入文本...
文本输入完成 (长度: 43 字符)
2. 点击翻译按钮...
文本输入完成 (长度: 27 字符)
2. 点击翻译按钮...
点击成功
3. 等待翻译...
等待翻译: 2.5秒
点击成功
3. 等待翻译...
等待翻译: 1.5秒
翻译结果仍在变化，继续等待... (已等待0.0秒)
文本输入完成 (长度: 68 字符)
2. 点击翻译按钮...
文本输入完成 (长度: 41 字符)
2. 点击翻译按钮...

翻译尝试 1/3
原文长度: 28 字符
原文: ཐམས་ཅད་ཡི་དགས་སྟེང་དུ་བཞུགས།
基础等待时间: 1.5秒
1. 输入文本...
翻译结果仍在变化，继续等待... (已等待0.0秒)
点击成功
3. 等待翻译...
等待翻译: 2.5秒
翻译结果仍在变化，继续等待... (已等待0.0秒)
点击成功
3. 等待翻译...
等待翻译: 2.5秒

翻译尝试 1/3
原文长度: 80 字符
原文: ངའི་བསམ་ཚུལ་ལ་ཁོ་ཚོའི་ཁ་གྲངས་མང་པོ་དེ་ང་ཚོ་ལ་ཡིད་འགུག་ཐེབས་རྒྱུའི་ཆེད་ཡིན་པ་རེད།
基础等待时间: 2.5秒
1. 输入文本...
文本输入完成 (长度: 28 字符)
2. 点击翻译按钮...
翻译结果稳定，总等待时间: 4.0秒
4. 获取翻译结果...
翻译成功 (长度: 6 字符)
结果: 没有衬衣。”
翻译结果仍在变化，继续等待... (已等待0.0秒)
翻译结果稳定，总等待时间: 4.0秒
4. 获取翻译结果...
点击成功
3. 等待翻译...
等待翻译: 1.5秒

翻译尝试 1/3
原文长度: 30 字符
原文: བློ་གྲོས་ཅན་གྱིས་བརྟག་པར་བྱའོ།
基础等待时间: 1.5秒
1. 输入文本...
翻译成功 (长度: 16 字符)
结果: 冠词产生时，前词的后加声调延长。
翻译结果稳定，总等待时间: 5.5秒
4. 获取翻译结果...
翻译成功 (长度: 16 字符)
结果: 不是有意识的原因等等的逻辑推理。
翻译结果仍在变化，继续等待... (已等待0.0秒)

翻译尝试 1/3
原文长度: 53 字符
原文: གཟུགས་མྱེད་པའི་སྙོམས་པར་འཇུག་པ་རྣམས་དེ་ལྟར་བསྟན་པ་ནི།
基础等待时间: 2.5秒
1. 输入文本...
文本输入完成 (长度: 80 字符)
2. 点击翻译按钮...

翻译尝试 1/3
原文长度: 170 字符
原文预览: འདོད་པ་དག་ལས་ཆགས་པ་དང་བྲལ་བ་གང་དག་ཡིན་པ་དེ་དག་ལ་འདོད་ཆགས་ཅན་རྣམས་མཛེ་ཅན་ལྟར་སྡུག...
基础等待时间: 6.0秒
1. 输入文本...
翻译结果仍在变化，继续等待... (已等待0.0秒)
文本输入完成 (长度: 30 字符)
2. 点击翻译按钮...
翻译结果稳定，总等待时间: 4.0秒
4. 获取翻译结果...
翻译结果稳定，总等待时间: 4.0秒
4. 获取翻译结果...
翻译结果稳定，总等待时间: 4.0秒
4. 获取翻译结果...
翻译成功 (长度: 15 字符)
结果: 收起“虚空”即得知法器之虚空。
翻译结果仍在变化，继续等待... (已等待0.0秒)
翻译成功 (长度: 19 字符)
结果: 松达在黑漆漆的墙壁上用手指轻轻地触摸。
翻译成功 (长度: 11 字符)
结果: 如来佛陀，得道不失常。
点击成功
3. 等待翻译...
等待翻译: 2.5秒
点击成功
3. 等待翻译...
等待翻译: 1.5秒
翻译结果稳定，总等待时间: 3.0秒
4. 获取翻译结果...
翻译结果仍在变化，继续等待... (已等待0.0秒)
翻译成功 (长度: 7 字符)
结果: 蚁穴的入口处。

翻译尝试 1/3
原文长度: 24 字符
原文: དེ་ཅང་མི་ཟེར་བར་འདུག་གོ།
基础等待时间: 1.5秒
1. 输入文本...
文本输入完成 (长度: 53 字符)
2. 点击翻译按钮...
翻译结果稳定，总等待时间: 3.0秒
4. 获取翻译结果...

翻译尝试 1/3
原文长度: 38 字符
原文: འགྲོ་དོན་ཤས་ཙམ་མཛད་པ་སྤྱོད་པས་ཁྱད་པར་༴
基础等待时间: 2.5秒
1. 输入文本...
翻译成功 (长度: 11 字符)
结果: 不想老的时候不想过得。
点击成功
3. 等待翻译...
等待翻译: 2.5秒
文本输入完成 (长度: 24 字符)
2. 点击翻译按钮...

翻译尝试 1/3
原文长度: 40 字符
原文: འབྲོང་ཕྲུག་ཆེ་ཆེ་རི་རྩེ་འགྲིམ་གྱིན་འདུག།
基础等待时间: 2.5秒
1. 输入文本...
翻译结果仍在变化，继续等待... (已等待0.0秒)
点击成功
3. 等待翻译...
等待翻译: 1.5秒
文本输入完成 (长度: 170 字符)
2. 点击翻译按钮...
翻译结果稳定，总等待时间: 5.5秒
4. 获取翻译结果...
文本输入完成 (长度: 38 字符)
2. 点击翻译按钮...
翻译成功 (长度: 34 字符)
结果: 他那间酒吧的天花板上，星星在闪烁着，似乎在嘲笑他，也似乎在为他哭泣。
点击成功
3. 等待翻译...
等待翻译: 6.0秒
翻译结果稳定，总等待时间: 3.0秒
4. 获取翻译结果...
点击成功
3. 等待翻译...
等待翻译: 2.5秒
翻译成功 (长度: 9 字符)
结果: 组成部分必须极化。
翻译结果稳定，总等待时间: 4.0秒
4. 获取翻译结果...
文本输入完成 (长度: 40 字符)
2. 点击翻译按钮...
翻译成功 (长度: 19 字符)
结果: 前面的天空被自己想象的金银宝石装饰着。
点击成功
3. 等待翻译...
等待翻译: 2.5秒
翻译结果稳定，总等待时间: 4.0秒
4. 获取翻译结果...
翻译结果仍在变化，继续等待... (已等待0.0秒)
翻译结果仍在变化，继续等待... (已等待0.0秒)
翻译成功 (长度: 16 字符)
结果: 夜里出去睡觉，醒来后又回来睡觉。
翻译结果仍在变化，继续等待... (已等待0.0秒)
翻译结果稳定，总等待时间: 3.0秒
4. 获取翻译结果...
翻译成功 (长度: 10 字符)
结果: 圣经没有说禁止大便。
翻译结果仍在变化，继续等待... (已等待0.0秒)
翻译结果稳定，总等待时间: 3.0秒
4. 获取翻译结果...

翻译尝试 1/3
原文长度: 67 字符
原文: ཕྱུག་པོར་མཁོ་བའི་དངོས་པོ་དེ་གཉིས་འཇིག་རྟེན་འདི་རུ་ཡེ་ནས་མི་འདུག་པས།
基础等待时间: 2.5秒
1. 输入文本...
翻译成功 (长度: 4 字符)
结果: 恐怕是。
翻译结果稳定，总等待时间: 7.5秒
4. 获取翻译结果...
翻译结果验证失败: 结果过短 (29字符 vs 原文177字符)
当前结果: 五体母胎的象征逐渐成熟，象青苗似地在四个皈依夜里逐渐显现。...
将重试...
翻译结果仍在变化，继续等待... (已等待0.0秒)

翻译尝试 1/3
原文长度: 75 字符
原文: ནས་ལས་གཉིས་ཀྱང་དེ་བཞིན་རྗེས་འཇུག་གིས་ཚོད་འཛིན་མེད་པའི་ཚིག་ཕྲད་དུ་གྲུབ་པ་ནི།
基础等待时间: 2.5秒
1. 输入文本...

翻译尝试 1/3
原文长度: 48 字符
原文: ཡང་ན་འདས་པའི་མིག་གི་རྣམ་པར་ཤེས་པའི་སྐད་ཅིག་མ་ལས།
基础等待时间: 2.5秒
1. 输入文本...
翻译结果稳定，总等待时间: 3.0秒
4. 获取翻译结果...
翻译结果仍在变化，继续等待... (已等待0.0秒)
翻译成功 (长度: 8 字符)
结果: 请替我接庞多瑞伊
翻译结果仍在变化，继续等待... (已等待0.0秒)
文本输入完成 (长度: 67 字符)
2. 点击翻译按钮...

翻译尝试 1/3
原文长度: 21 字符
原文: ཞེས་པ་དེ་སྡུད་པར་གདའ།
基础等待时间: 1.5秒
1. 输入文本...

翻译尝试 1/3
原文长度: 57 字符
原文: ཀྱི་གཏིང་ལ་སྐྱོ་ངལ་དྲག་པོ་ཞིག་སྟེར་བའི་སྣང་བརྙན་ཁོ་ན་རེད།
基础等待时间: 2.5秒
1. 输入文本...

翻译尝试 1/3
原文长度: 57 字符
原文: གཤེན་རབ་མཆོག་དེ་བཞིན་གཤེགས་པ་དགྲ་བཅོམ་པ་ཡང་དག་པར་རྫོགས་པ།
基础等待时间: 2.5秒
1. 输入文本...
文本输入完成 (长度: 48 字符)
2. 点击翻译按钮...
文本输入完成 (长度: 75 字符)
2. 点击翻译按钮...
点击成功
3. 等待翻译...
等待翻译: 2.5秒
翻译结果仍在变化，继续等待... (已等待0.0秒)
点击成功
3. 等待翻译...
等待翻译: 2.5秒

翻译尝试 2/3
原文长度: 177 字符
原文预览: ཞེས་རིགས་ལྔ་ཡབ་ཡུམ་གྱི་ཚོམ་བུའི་སྣང་བ་དེ་ནི་རིམ་གྱིས་སྨིན་པ་འབྲས་ཀྱི་ལྗང་བུ་ལྟར་...
基础等待时间: 6.0秒
1. 输入文本...

翻译尝试 1/3
原文长度: 26 字符
原文: སྒོ་ནས་ཡོངས་སུ་ཉོན་མོངས་པ།
基础等待时间: 1.5秒
1. 输入文本...
翻译结果稳定，总等待时间: 3.0秒
4. 获取翻译结果...
点击成功
3. 等待翻译...
等待翻译: 2.5秒
翻译成功 (长度: 10 字符)
结果: 用心唵唵咒咒的念咒。
文本输入完成 (长度: 21 字符)
2. 点击翻译按钮...

翻译尝试 1/3
原文长度: 51 字符
原文: ན་ཉིན་མིན་པ་མི་དྲན་འདུག་རྟ་རྒྱུན་དཔྱིད་ཀྱི་ཉི་མ་ལས།
基础等待时间: 2.5秒
1. 输入文本...
文本输入完成 (长度: 57 字符)
2. 点击翻译按钮...
点击成功
3. 等待翻译...
等待翻译: 1.5秒
文本输入完成 (长度: 57 字符)
2. 点击翻译按钮...
文本输入完成 (长度: 26 字符)
2. 点击翻译按钮...
点击成功
3. 等待翻译...
等待翻译: 2.5秒
点击成功
3. 等待翻译...
等待翻译: 2.5秒
翻译结果仍在变化，继续等待... (已等待0.0秒)
点击成功
3. 等待翻译...
等待翻译: 1.5秒

翻译尝试 1/3
原文长度: 79 字符
原文: སེམས་ཞོར་དུ་ཁོ་རང་ཡང་དེ་ཚོའི་གནས་བབ་ལས་མ་འདས་པའི་གླུ་པ་ཞིག་ཡིན་པ་གསལ་ལེར་རྟོགས།
基础等待时间: 2.5秒
1. 输入文本...
翻译结果稳定，总等待时间: 4.0秒
4. 获取翻译结果...
翻译结果稳定，总等待时间: 3.0秒
4. 获取翻译结果...
翻译成功 (长度: 15 字符)
结果: 怎样把工学者从一切世界共同的。
翻译成功 (长度: 8 字符)
结果: 一切都在天堂里。
文本输入完成 (长度: 51 字符)
2. 点击翻译按钮...

翻译尝试 1/3
原文长度: 51 字符
原文: འདི་ན་བརྩམས་པའི་འབྲས་བུ་ཐམས་ཅད་ནི་ངེས་པར་འགྲུབ་པའམ།
基础等待时间: 2.5秒
1. 输入文本...

翻译尝试 1/3
原文长度: 55 字符
原文: དེ་བཞིནགཤགས་བཉག་གཅིག་གི་ཡོན་ཏན་དེ་དག་ཐུན་མོང་མ་ཡིན་པའོ།
基础等待时间: 2.5秒
1. 输入文本...
文本输入完成 (长度: 177 字符)
2. 点击翻译按钮...
翻译结果稳定，总等待时间: 4.0秒
4. 获取翻译结果...
翻译成功 (长度: 10 字符)
结果: 白读大典已经结束了。
点击成功
3. 等待翻译...
等待翻译: 2.5秒
翻译结果仍在变化，继续等待... (已等待0.0秒)
点击成功
3. 等待翻译...
等待翻译: 6.0秒
翻译结果稳定，总等待时间: 4.0秒
4. 获取翻译结果...
翻译成功 (长度: 16 字符)
结果: 想喝一口甘道尔夫酒，但它已干枯。
文本输入完成 (长度: 79 字符)
2. 点击翻译按钮...

翻译尝试 1/3
原文长度: 91 字符
原文预览: ཚེ་དང་ལྡན་པ་ནོར་གྱིས་བྱིན་ཁོ་བོས་ཁྱོད་ཀྱི་དགོས་པ་དེ་བསྒྲུབས་ཀྱིས་ལྷུང་བཟེད་ཆུང་ང...
基础等待时间: 4.0秒
1. 输入文本...
翻译结果稳定，总等待时间: 3.0秒
4. 获取翻译结果...
翻译成功 (长度: 6 字符)
结果: 智者要观察。
文本输入完成 (长度: 51 字符)
2. 点击翻译按钮...
点击成功
3. 等待翻译...
等待翻译: 2.5秒
文本输入完成 (长度: 55 字符)
2. 点击翻译按钮...
翻译结果稳定，总等待时间: 4.0秒
4. 获取翻译结果...
翻译结果仍在变化，继续等待... (已等待0.0秒)
点击成功
3. 等待翻译...
等待翻译: 2.5秒
翻译成功 (长度: 15 字符)
结果: 这时大地神王对佛陀的面前合掌。
翻译结果稳定，总等待时间: 4.0秒
4. 获取翻译结果...
点击成功
3. 等待翻译...
等待翻译: 2.5秒
翻译成功 (长度: 14 字符)
结果: 索玛·萨尔瓦尼罗扎那呀！咒！

翻译尝试 1/3
原文长度: 70 字符
原文: ཚིགས་སུ་བཅད་པ་དེ་དག་ཁྱེད་རང་བསྟན་བཅོས་དང་བཅས་པའི་ཐོག་ཏུ་བབས་པར་སྣང་ངོ།
基础等待时间: 2.5秒
1. 输入文本...
翻译结果仍在变化，继续等待... (已等待0.0秒)

翻译尝试 1/3
原文长度: 7 字符
原文: དེར་ཐལ།
基础等待时间: 1.5秒
1. 输入文本...
文本输入完成 (长度: 91 字符)
2. 点击翻译按钮...
翻译结果稳定，总等待时间: 3.0秒
4. 获取翻译结果...
翻译成功 (长度: 7 字符)
结果: 那倒也没什么。
点击成功
3. 等待翻译...
等待翻译: 4.0秒

翻译尝试 1/3
原文长度: 35 字符
原文: པྲྀན་སྙ་དོ་རེ་གཙུག་བློན་ལས་གསོལ་ཏེ།
基础等待时间: 2.5秒
1. 输入文本...
文本输入完成 (长度: 7 字符)
2. 点击翻译按钮...
文本输入完成 (长度: 70 字符)
2. 点击翻译按钮...
翻译结果仍在变化，继续等待... (已等待0.0秒)
点击成功
3. 等待翻译...
等待翻译: 1.5秒
点击成功
3. 等待翻译...
等待翻译: 2.5秒
文本输入完成 (长度: 35 字符)
2. 点击翻译按钮...
翻译结果仍在变化，继续等待... (已等待0.0秒)
翻译结果稳定，总等待时间: 4.0秒
4. 获取翻译结果...
翻译成功 (长度: 20 字符)
结果: 我想他们的数量之多是为了吸引我们的注意。
点击成功
3. 等待翻译...
等待翻译: 2.5秒

翻译尝试 1/3
原文长度: 60 字符
原文: བྲམ་ཟེའི་རིགས་ལྟར་དྲི་ཅན་ཟས་དང་འགྲོ་མགྱོགས་ཤ་ལས་རིང་དུ་འདུག།
基础等待时间: 2.5秒
1. 输入文本...
翻译结果稳定，总等待时间: 4.0秒
4. 获取翻译结果...
翻译成功 (长度: 7 字符)
结果: 无形的调和者。
翻译结果仍在变化，继续等待... (已等待0.0秒)
文本输入完成 (长度: 60 字符)
2. 点击翻译按钮...
翻译结果仍在变化，继续等待... (已等待0.0秒)
翻译结果仍在变化，继续等待... (已等待0.0秒)

翻译尝试 1/3
原文长度: 23 字符
原文: གཞན་དག་གིས་ནི་མ་ཡིན་ནོ།
基础等待时间: 1.5秒
1. 输入文本...

翻译尝试 1/3
原文长度: 32 字符
原文: དཀྱིལ་འཁོར་མཆོག་ནི་རྣམ་པར་བསྒོམ།
基础等待时间: 2.5秒
1. 输入文本...
点击成功
3. 等待翻译...
等待翻译: 2.5秒

翻译尝试 1/3
原文长度: 32 字符
原文: དོན་འཁྲུལ་པར་གདའ་ན་བཟོད་པར་བཞེས།
基础等待时间: 2.5秒
1. 输入文本...
翻译结果稳定，总等待时间: 4.0秒
4. 获取翻译结果...
翻译成功 (长度: 12 字符)
结果: 行为差点使他失去了差别。
文本输入完成 (长度: 23 字符)
2. 点击翻译按钮...
翻译结果仍在变化，继续等待... (已等待0.0秒)
文本输入完成 (长度: 32 字符)
2. 点击翻译按钮...
翻译结果稳定，总等待时间: 4.0秒
4. 获取翻译结果...
翻译结果仍在变化，继续等待... (已等待0.0秒)

翻译尝试 1/3
原文长度: 76 字符
原文: སྐོམ་གྱིས་གདུང་བཞིན་ཉལ་ནང་བར་བལྟས་ཚེ་ཆུ་ཟངས་ཆུས་བཀང་བའི་ནང་དུ་རྡོ་བཅུག་འདུག།
基础等待时间: 2.5秒
1. 输入文本...
翻译成功 (长度: 10 字符)
结果: 小牛崽在山顶上奔跑。
点击成功
3. 等待翻译...
等待翻译: 1.5秒
点击成功
3. 等待翻译...
等待翻译: 2.5秒
文本输入完成 (长度: 32 字符)
2. 点击翻译按钮...

翻译尝试 1/3
原文长度: 35 字符
原文: དེང་སང་པར་སྐྲུན་བྱས་པའི་པར་མ་ཁག་ལས།
基础等待时间: 2.5秒
1. 输入文本...
点击成功
3. 等待翻译...
等待翻译: 2.5秒

翻译尝试 1/3
原文长度: 34 字符
原文: འདི་སྐད་བདག་གིས་ཐོས་པ་འདུས་གཅིག་ན།
基础等待时间: 2.5秒
1. 输入文本...

翻译尝试 1/3
原文长度: 28 字符
原文: སྦྱིན་སྲེག་དུས་སུ་འབད་པ་ཡིས།
基础等待时间: 1.5秒
1. 输入文本...
翻译结果仍在变化，继续等待... (已等待0.0秒)
翻译结果仍在变化，继续等待... (已等待0.0秒)
文本输入完成 (长度: 35 字符)
2. 点击翻译按钮...
翻译结果稳定，总等待时间: 3.0秒
4. 获取翻译结果...
文本输入完成 (长度: 76 字符)
2. 点击翻译按钮...
翻译成功 (长度: 9 字符)
结果: 是指“含糊不清”。
点击成功
3. 等待翻译...
等待翻译: 2.5秒
文本输入完成 (长度: 34 字符)
2. 点击翻译按钮...
点击成功
3. 等待翻译...
等待翻译: 2.5秒
翻译结果稳定，总等待时间: 3.0秒
4. 获取翻译结果...
文本输入完成 (长度: 28 字符)
2. 点击翻译按钮...
翻译成功 (长度: 7 字符)
结果: 门外听了一点。

翻译尝试 1/3
原文长度: 84 字符
原文预览: ཅི་ཙམ་དུས་གཞན་ཞིག་ན་རྒྱལ་པོ་གཏུམ་པོ་རབ་སྣང་བློན་པོའི་ཚོགས་ཀྱིས་བསྐོར་ཅིང་འདུག་པ་...
基础等待时间: 4.0秒
1. 输入文本...
翻译结果仍在变化，继续等待... (已等待0.0秒)
点击成功
3. 等待翻译...
等待翻译: 2.5秒
点击成功
3. 等待翻译...
等待翻译: 1.5秒
翻译结果仍在变化，继续等待... (已等待0.0秒)
翻译结果仍在变化，继续等待... (已等待0.0秒)
文本输入完成 (长度: 84 字符)
2. 点击翻译按钮...

翻译尝试 1/3
原文长度: 133 字符
原文预览: དེ་བཞིན་མཚོན་ཆ་ཆེ་བ་རིགས་ཁ་ཤས་དར་ཤིང་གཉིས་ཀྱི་བར་བཅུག་སྟེ་དམག་མི་ཟུང་ཟུང་གིས་འཁྱ...
基础等待时间: 4.0秒
1. 输入文本...
翻译结果稳定，总等待时间: 4.0秒
4. 获取翻译结果...
翻译成功 (长度: 16 字符)
结果: 这两样东西是这世界上根本没有的。
翻译结果稳定，总等待时间: 4.0秒
4. 获取翻译结果...
翻译成功 (长度: 10 字符)
结果: 或从过去的眼识片刻。
点击成功
3. 等待翻译...
等待翻译: 4.0秒
翻译结果稳定，总等待时间: 4.0秒
4. 获取翻译结果...
翻译成功 (长度: 18 字符)
结果: 两个介词也同样可以组成不定宾的从句。
翻译结果仍在变化，继续等待... (已等待0.0秒)

翻译尝试 1/3
原文长度: 54 字符
原文: མཐར་གྱིས་གནས་པའི་སྙོམས་པར་འཇུག་པ་དགུ་དེ་ལྟར་བསྟན་པ་ནི།
基础等待时间: 2.5秒
1. 输入文本...
翻译结果稳定，总等待时间: 4.0秒
4. 获取翻译结果...
翻译结果稳定，总等待时间: 4.0秒
4. 获取翻译结果...
翻译成功 (长度: 13 字符)
结果: 仅仅是给人深深的悲痛的印象
翻译成功 (长度: 8 字符)
结果: 如来佛、如来觉。
翻译结果仍在变化，继续等待... (已等待0.0秒)
翻译结果仍在变化，继续等待... (已等待0.0秒)
文本输入完成 (长度: 133 字符)
2. 点击翻译按钮...
翻译结果仍在变化，继续等待... (已等待0.0秒)
点击成功
3. 等待翻译...
等待翻译: 4.0秒

翻译尝试 1/3
原文长度: 43 字符
原文: རང་རྒྱལ་ལས་བྱང་སེམས་རྣམས་ཁྱད་པར་འཕགས་པ་ཡང་།
基础等待时间: 2.5秒
1. 输入文本...
文本输入完成 (长度: 54 字符)
2. 点击翻译按钮...
翻译结果稳定，总等待时间: 4.0秒
4. 获取翻译结果...
翻译成功 (长度: 11 字符)
结果: 想不到昨天，马连春光。
翻译结果稳定，总等待时间: 3.0秒
4. 获取翻译结果...

翻译尝试 1/3
原文长度: 43 字符
原文: བྱིའུ་ཕྲུག་ཆེ་ཆེ་ཤིང་རྩེ་བ་འགྲིམ་གྱིན་འདུག།
基础等待时间: 2.5秒
1. 输入文本...
翻译成功 (长度: 3 字符)
结果: 对啊。
点击成功
3. 等待翻译...
等待翻译: 2.5秒
文本输入完成 (长度: 43 字符)
2. 点击翻译按钮...
翻译结果仍在变化，继续等待... (已等待0.0秒)
翻译结果稳定，总等待时间: 4.0秒
4. 获取翻译结果...
翻译结果仍在变化，继续等待... (已等待0.0秒)
点击成功
3. 等待翻译...
等待翻译: 2.5秒
翻译成功 (长度: 21 字符)
结果: 心中不由自主地又浮现出他那身无分文的模样。
文本输入完成 (长度: 43 字符)
2. 点击翻译按钮...
翻译结果稳定，总等待时间: 4.0秒
4. 获取翻译结果...
翻译成功 (长度: 15 字符)
结果: 在这里所作的一切成果是必然的。
翻译结果稳定，总等待时间: 4.0秒
4. 获取翻译结果...
翻译成功 (长度: 16 字符)
结果: 同样，一个手术的功用也是独特的。
点击成功
3. 等待翻译...
等待翻译: 2.5秒

翻译尝试 1/3
原文长度: 55 字符
原文: གོས་པ་མེད་པ་པདྨ་ཞེས་པ་དེ་སྡུད་སྔ་འགྱུར་བཀའ་མ་ཨེ་པར་གདའ།
基础等待时间: 2.5秒
1. 输入文本...

翻译尝试 1/3
原文长度: 26 字符
原文: རང་གི་ཡུལ་བའམ་གཞན་ཡུལ་གྱི།
基础等待时间: 1.5秒
1. 输入文本...
翻译结果仍在变化，继续等待... (已等待0.0秒)
翻译结果仍在变化，继续等待... (已等待0.0秒)
翻译结果仍在变化，继续等待... (已等待0.0秒)
文本输入完成 (长度: 55 字符)
2. 点击翻译按钮...
文本输入完成 (长度: 26 字符)
2. 点击翻译按钮...
点击成功
3. 等待翻译...
等待翻译: 2.5秒
翻译结果稳定，总等待时间: 4.0秒
4. 获取翻译结果...
翻译成功 (长度: 17 字符)
结果: 这几行诗就好像是降临在你的经典上。
点击成功
3. 等待翻译...
等待翻译: 1.5秒
翻译结果仍在变化，继续等待... (已等待0.0秒)
翻译结果仍在变化，继续等待... (已等待0.0秒)

翻译尝试 1/3
原文长度: 101 字符
原文预览: གནས་ཚུལ་འདི་འདྲའི་སྐབས་སུ་དངོས་གནས་ཞེ་སེམས་སྐྱིད་པོ་འདུག་པའི་མི་ནི་གཅིག་ཀྱང་ཡོད་...
基础等待时间: 4.0秒
1. 输入文本...

翻译尝试 1/3
原文长度: 61 字符
原文: ད་ལྟར་གྱི་མིག་གི་རྣམ་པར་ཤེས་པའི་སྐད་ཅིག་མ་གཞན་པ་ཉིད་མ་ཡིན་ཏེ།
基础等待时间: 2.5秒
1. 输入文本...
翻译结果稳定，总等待时间: 4.0秒
4. 获取翻译结果...
翻译结果稳定，总等待时间: 3.0秒
4. 获取翻译结果...
翻译结果仍在变化，继续等待... (已等待0.0秒)
翻译成功 (长度: 10 字符)
结果: 任命边热多杰为噶伦。
翻译成功 (长度: 6 字符)
结果: 其他的不是。

翻译尝试 1/3
原文长度: 42 字符
原文: རིམ་གྱིས་ནས་ལས་གཉིས་ཁོལ་དུ་ཕྱུངས་པ་རེད་དོ།
基础等待时间: 2.5秒
1. 输入文本...
翻译结果稳定，总等待时间: 7.5秒
4. 获取翻译结果...
翻译成功 (长度: 34 字符)
结果: 因为在欲望中产生，欲望的满足与否是无所谓的，所以不能说欲望是幸福的。
文本输入完成 (长度: 42 字符)
2. 点击翻译按钮...

翻译尝试 1/3
原文长度: 88 字符
原文预览: སླར་ཡང་གྱང་ལྡེབས་ཀྱི་ངོས་ཡོད་ཚད་ལ་ལག་པས་རེག་གྱང་ལྡེབས་ནི་དུད་དྲེག་གིས་ཟིན་འདུག་པ...
基础等待时间: 4.0秒
1. 输入文本...

翻译尝试 1/3
原文长度: 57 字符
原文: གཤེན་རབ་མཆོག་དེ་བཞིན་གཤེགས་པ་དགྲ་བཅོམ་པ་ཡང་དག་པར་རྫོགས་པ།
基础等待时间: 2.5秒
1. 输入文本...
文本输入完成 (长度: 61 字符)
2. 点击翻译按钮...
点击成功
3. 等待翻译...
等待翻译: 2.5秒
文本输入完成 (长度: 101 字符)
2. 点击翻译按钮...
点击成功
3. 等待翻译...
等待翻译: 2.5秒
翻译结果稳定，总等待时间: 4.0秒
4. 获取翻译结果...
翻译成功 (长度: 13 字符)
结果: 比婆罗门们吃得香，走得快。
点击成功
3. 等待翻译...
等待翻译: 4.0秒
翻译结果稳定，总等待时间: 3.0秒
4. 获取翻译结果...
翻译成功 (长度: 7 字符)
结果: 煨桑时，努力地
翻译结果仍在变化，继续等待... (已等待0.0秒)

翻译尝试 1/3
原文长度: 53 字符
原文: ཧ་ཅང་མཚར་ཞིང་བཅུད་ཆེ་བ་མི་ཉུང་བ་ཞིག་འཁོད་འདུག་དཔེར་ན།
基础等待时间: 2.5秒
1. 输入文本...

翻译尝试 1/3
原文长度: 7 字符
原文: དེར་ཐལ།
基础等待时间: 1.5秒
1. 输入文本...
文本输入完成 (长度: 57 字符)
2. 点击翻译按钮...
文本输入完成 (长度: 88 字符)
2. 点击翻译按钮...
点击成功
3. 等待翻译...
等待翻译: 2.5秒
点击成功
3. 等待翻译...
等待翻译: 4.0秒
翻译结果稳定，总等待时间: 4.0秒
4. 获取翻译结果...
翻译成功 (长度: 6 字符)
结果: 以坛城为妙。
翻译结果稳定，总等待时间: 5.5秒
4. 获取翻译结果...
翻译成功 (长度: 17 字符)
结果: 财神爷，我要你把这个小篮子送给我。
文本输入完成 (长度: 7 字符)
2. 点击翻译按钮...

翻译尝试 1/3
原文长度: 133 字符
原文预览: ཁོ་ཡོད་སའི་ཆང་ཁང་དེའི་ནམ་མཁར་ཟླ་བ་ཤར་འདུག་རྒྱུ་སྐར་གྲངས་མེད་དགའ་དྲགས་ནས་འདར་བའི་...
基础等待时间: 4.0秒
1. 输入文本...
翻译结果稳定，总等待时间: 4.0秒
4. 获取翻译结果...
文本输入完成 (长度: 53 字符)
2. 点击翻译按钮...

翻译尝试 1/3
原文长度: 59 字符
原文: འབྲས་བུ་གྲུབ་པའོ་ཅོག་ཀྱང་ངེས་པར་གདོན་མི་ཟ་བར་འཇིག་པ་ཞིག་གོ།
基础等待时间: 2.5秒
1. 输入文本...
翻译成功 (长度: 11 字符)
结果: 若有人误解，恕不如意。
点击成功
3. 等待翻译...
等待翻译: 1.5秒

翻译尝试 1/3
原文长度: 54 字符
原文: རྩ་བ་རེ་རེལ་ཡང་ཡོན་ཏན་གྱི་ཆ་ལྔར་ལྔར་ཕྱེ་བས་སྐུ་ལྔ་དང་།
基础等待时间: 2.5秒
1. 输入文本...
点击成功
3. 等待翻译...
等待翻译: 2.5秒
翻译结果仍在变化，继续等待... (已等待0.0秒)
翻译结果仍在变化，继续等待... (已等待0.0秒)
翻译结果稳定，总等待时间: 4.0秒
4. 获取翻译结果...
翻译结果稳定，总等待时间: 4.0秒
4. 获取翻译结果...
翻译成功 (长度: 8 字符)
结果: 近期出版的各版中
翻译成功 (长度: 18 字符)
结果: 渴的躺着，看着满满的水缸里放着石头。
文本输入完成 (长度: 59 字符)
2. 点击翻译按钮...
翻译结果仍在变化，继续等待... (已等待0.0秒)
翻译结果稳定，总等待时间: 4.0秒
4. 获取翻译结果...
文本输入完成 (长度: 54 字符)
2. 点击翻译按钮...
翻译成功 (长度: 6 字符)
结果: 据我所听说。
文本输入完成 (长度: 133 字符)
2. 点击翻译按钮...
点击成功
3. 等待翻译...
等待翻译: 2.5秒
点击成功
3. 等待翻译...
等待翻译: 2.5秒
翻译结果仍在变化，继续等待... (已等待0.0秒)
点击成功
3. 等待翻译...
等待翻译: 4.0秒

翻译尝试 1/3
原文长度: 22 字符
原文: གཉིས་ལ་བེ་རོ་ཙ་ནས་ཞུས།
基础等待时间: 1.5秒
1. 输入文本...

翻译尝试 1/3
原文长度: 71 字符
原文: ད་ཤུལ་ཡོགས་སུ་ལ་མོ་ཆག་པ་ཕྲུམདུ་ཕྱག་ཐབ་ཙམ་ཞིག་གསོལདུ་ཇི་གནང་ཞེས་གསོལ་ནས།
基础等待时间: 2.5秒
1. 输入文本...
翻译结果仍在变化，继续等待... (已等待0.0秒)

翻译尝试 1/3
原文长度: 52 字符
原文: ཡིད་ཙམ་ལས་སྐྱེས་པའི་ཕྱིར་ཡིད་ལས་བྱུང་བ་རང་གི་འོད་ཅན།
基础等待时间: 2.5秒
1. 输入文本...

翻译尝试 1/3
原文长度: 24 字符
原文: ཁྱི་ཕག་མི་གཙང་ལ་ཇི་བཞིན།
基础等待时间: 1.5秒
1. 输入文本...
文本输入完成 (长度: 22 字符)
2. 点击翻译按钮...
点击成功
3. 等待翻译...
等待翻译: 1.5秒
翻译结果稳定，总等待时间: 7.5秒
4. 获取翻译结果...
翻译结果仍在变化，继续等待... (已等待0.0秒)
翻译成功 (长度: 48 字符)
结果: 五种菩萨的群象，就像一颗颗的秧苗，逐渐成熟，呈现于心思的第五日，第六日，第七日，第八日，第九日。
文本输入完成 (长度: 24 字符)
2. 点击翻译按钮...
文本输入完成 (长度: 52 字符)
2. 点击翻译按钮...
文本输入完成 (长度: 71 字符)
2. 点击翻译按钮...
点击成功
3. 等待翻译...
等待翻译: 1.5秒
点击成功
3. 等待翻译...
等待翻译: 2.5秒
点击成功
3. 等待翻译...
等待翻译: 2.5秒
翻译结果仍在变化，继续等待... (已等待0.0秒)

翻译尝试 1/3
原文长度: 60 字符
原文: ཆོ་རིགས་བཙུན་པའི་སྒྲུབ་པོས་གོས་དཀར་བགོས་ལ་ཀུ་ཤའི་སྟན་ལ་འདུག།
基础等待时间: 2.5秒
1. 输入文本...

翻译尝试 1/3
原文长度: 24 字符
原文: ལྡང་བ་འམ་ནི་འདུག་པའི་ཚེ།
基础等待时间: 1.5秒
1. 输入文本...
翻译结果仍在变化，继续等待... (已等待0.0秒)
翻译结果稳定，总等待时间: 4.0秒
4. 获取翻译结果...
文本输入完成 (长度: 24 字符)
2. 点击翻译按钮...
翻译成功 (长度: 15 字符)
结果: 这样表示了九个连续存在的平行。
翻译结果稳定，总等待时间: 3.0秒
4. 获取翻译结果...
翻译结果仍在变化，继续等待... (已等待0.0秒)
翻译成功 (长度: 8 字符)
结果: 本乡的或外乡的。
文本输入完成 (长度: 60 字符)
2. 点击翻译按钮...

翻译尝试 1/3
原文长度: 24 字符
原文: གཡོན་པ་ཁ་ཊྭཱཾ་གཡས་པར་ནི།
基础等待时间: 1.5秒
1. 输入文本...
翻译结果仍在变化，继续等待... (已等待0.0秒)

翻译尝试 1/3
原文长度: 40 字符
原文: ཁྱོད་བདག་ཉིད་ཀྱི་དགོས་པ་ལ་སོང་བ་ཡིན་གྱི།
基础等待时间: 2.5秒
1. 输入文本...
点击成功
3. 等待翻译...
等待翻译: 1.5秒
点击成功
3. 等待翻译...
等待翻译: 2.5秒

翻译尝试 1/3
原文长度: 29 字符
原文: ཡུལ་དབུས་གཙང་མཐིལ་དུ་ཐོན་ཙ་ན།
基础等待时间: 1.5秒
1. 输入文本...
翻译结果稳定，总等待时间: 4.0秒
4. 获取翻译结果...
翻译成功 (长度: 12 字符)
结果: 我国的慈悲之心也特别强。
文本输入完成 (长度: 24 字符)
2. 点击翻译按钮...
翻译结果稳定，总等待时间: 4.0秒
4. 获取翻译结果...
文本输入完成 (长度: 40 字符)
2. 点击翻译按钮...
翻译成功 (长度: 10 字符)
结果: 雏鸟正在树梢上玩耍。
翻译结果仍在变化，继续等待... (已等待0.0秒)
点击成功
3. 等待翻译...
等待翻译: 1.5秒
文本输入完成 (长度: 29 字符)
2. 点击翻译按钮...

翻译尝试 1/3
原文长度: 27 字符
原文: ཞེས་སོགས་གསུངས་པའི་ཕྱིར་རོ།
基础等待时间: 1.5秒
1. 输入文本...

翻译尝试 1/3
原文长度: 236 字符
原文预览: དུས་དེ་རིང་ཁོ་ན་ཙམ་ལའང་མི་འཆིའོ་ཞེས་སེམས་བག་ཕབ་སྟེ་བདེ་བར་འདུག་པ་འདི་ནི་རིགས་ཤིང...
基础等待时间: 6.0秒
1. 输入文本...
点击成功
3. 等待翻译...
等待翻译: 2.5秒
点击成功
3. 等待翻译...
等待翻译: 1.5秒
翻译结果稳定，总等待时间: 5.5秒
4. 获取翻译结果...

翻译尝试 1/3
原文长度: 60 字符
原文: བཅོམ་ལྡན་འདས་ཆད་མ་ནས་གཤེགས་པ་རྒན་མོ་མ་སྨད་གསུམ་གྱིས་མཐོད་ནས།
基础等待时间: 2.5秒
1. 输入文本...
翻译成功 (长度: 14 字符)
结果: 有一天，暴君阔端在其臣僚前。
文本输入完成 (长度: 27 字符)
2. 点击翻译按钮...
翻译结果仍在变化，继续等待... (已等待0.0秒)
翻译结果仍在变化，继续等待... (已等待0.0秒)
翻译结果稳定，总等待时间: 4.0秒
4. 获取翻译结果...
点击成功
3. 等待翻译...
等待翻译: 1.5秒
翻译成功 (长度: 16 字符)
结果: 《无着莲花》是属于哪个唐卡经吗？
翻译结果仍在变化，继续等待... (已等待0.0秒)
文本输入完成 (长度: 60 字符)
2. 点击翻译按钮...
点击成功
3. 等待翻译...
等待翻译: 2.5秒
翻译结果稳定，总等待时间: 5.5秒
4. 获取翻译结果...
翻译成功 (长度: 29 字符)
结果: 我不敢相信这样大的武器，夹在两根旗杆中间，由两个士兵抬着。
翻译结果仍在变化，继续等待... (已等待0.0秒)
翻译结果仍在变化，继续等待... (已等待0.0秒)
翻译结果稳定，总等待时间: 3.0秒
4. 获取翻译结果...

翻译尝试 1/3
原文长度: 38 字符
原文: ཡུམ་དང་བཅས་པ་གཙོ་བོར་བཞུགས་པའི་ལྔ་ཚོམ།
基础等待时间: 2.5秒
1. 输入文本...
翻译成功 (长度: 4 字符)
结果: 差不多。
文本输入完成 (长度: 236 字符)
2. 点击翻译按钮...
点击成功
3. 等待翻译...
等待翻译: 6.0秒
翻译结果稳定，总等待时间: 4.0秒
4. 获取翻译结果...
翻译成功 (长度: 8 字符)
结果: 逐渐被用作双工。
翻译结果仍在变化，继续等待... (已等待0.0秒)
文本输入完成 (长度: 38 字符)
2. 点击翻译按钮...
翻译结果稳定，总等待时间: 4.0秒
4. 获取翻译结果...
翻译结果仍在变化，继续等待... (已等待0.0秒)
翻译成功 (长度: 16 字符)
结果: 不是现在的眼的意识的刹那即时的。
点击成功
3. 等待翻译...
等待翻译: 2.5秒

翻译尝试 1/3
原文长度: 42 字符
原文: སོ་སོ་ཡང་དག་པར་རིག་པ་བཞི་དེ་ལྟར་བསྟན་པ་ནི།
基础等待时间: 2.5秒
1. 输入文本...
翻译结果仍在变化，继续等待... (已等待0.0秒)

翻译尝试 1/3
原文长度: 30 字符
原文: བུ་མོ་གཟུགས་མཛེས་ལེགས་བརྒྱན་པ།
基础等待时间: 1.5秒
1. 输入文本...
翻译结果仍在变化，继续等待... (已等待0.0秒)
翻译结果稳定，总等待时间: 4.0秒
4. 获取翻译结果...
翻译成功 (长度: 8 字符)
结果: 如来神，如来佛。
翻译结果仍在变化，继续等待... (已等待0.0秒)
翻译结果仍在变化，继续等待... (已等待0.0秒)
翻译结果仍在变化，继续等待... (已等待0.0秒)

翻译尝试 1/3
原文长度: 43 字符
原文: ཀུན་ཏུ་འོད་ཀྱི་ས་བོན་འབྲས་བུའི་ཁྱད་པར་འཕགས།
基础等待时间: 2.5秒
1. 输入文本...
文本输入完成 (长度: 42 字符)
2. 点击翻译按钮...
文本输入完成 (长度: 30 字符)
2. 点击翻译按钮...
翻译结果稳定，总等待时间: 3.0秒
4. 获取翻译结果...

翻译尝试 1/3
原文长度: 32 字符
原文: བསིལ་བ་ཚལ་དུ་འགྲོ་ན་རན་ཚོད་འདུག།
基础等待时间: 2.5秒
1. 输入文本...
翻译成功 (长度: 11 字符)
结果: 二者均由维罗札纳翻译。
点击成功
3. 等待翻译...
等待翻译: 2.5秒
翻译结果稳定，总等待时间: 4.0秒
4. 获取翻译结果...
点击成功
3. 等待翻译...
等待翻译: 1.5秒
翻译结果仍在变化，继续等待... (已等待0.0秒)
翻译成功 (长度: 13 字符)
结果: 发表了不少精彩有趣的文章。
文本输入完成 (长度: 43 字符)
2. 点击翻译按钮...
翻译结果稳定，总等待时间: 3.0秒
4. 获取翻译结果...

翻译尝试 1/3
原文长度: 50 字符
原文: ཡང་རྒྱལ་པོས་གསོས་པ་ལ་ཇི་ལྟ་ཞིང་འདུག་ཅེས་རྨས་པ་དང་།
基础等待时间: 2.5秒
1. 输入文本...
翻译成功 (长度: 8 字符)
结果: 象猪狗不干净一样
点击成功
3. 等待翻译...
等待翻译: 2.5秒
翻译结果仍在变化，继续等待... (已等待0.0秒)
文本输入完成 (长度: 32 字符)
2. 点击翻译按钮...
点击成功
3. 等待翻译...
等待翻译: 2.5秒
翻译结果仍在变化，继续等待... (已等待0.0秒)
翻译结果稳定，总等待时间: 4.0秒
4. 获取翻译结果...
翻译成功 (长度: 12 字符)
结果: 果实成熟以后一定会凋谢。
翻译结果稳定，总等待时间: 4.0秒
4. 获取翻译结果...
翻译成功 (长度: 9 字符)
结果: 每根代表五个部分。

翻译尝试 1/3
原文长度: 32 字符
原文: ལ་སོགས་པ་ཞེས་པ་རྣམས་སྡུད་པར་གདའ།
基础等待时间: 2.5秒
1. 输入文本...
文本输入完成 (长度: 50 字符)
2. 点击翻译按钮...
翻译结果仍在变化，继续等待... (已等待0.0秒)
点击成功
3. 等待翻译...
等待翻译: 2.5秒

翻译尝试 1/3
原文长度: 37 字符
原文: ང་ཚོ་ཁམས་པ་ཚོ་ནི་མཚོན་ཆ་ལ་དགའ་པོ་ཡོད།
基础等待时间: 2.5秒
1. 输入文本...
翻译结果稳定，总等待时间: 3.0秒
4. 获取翻译结果...
文本输入完成 (长度: 32 字符)
2. 点击翻译按钮...
翻译成功 (长度: 8 字符)
结果: 当弹起或落下时。
翻译结果稳定，总等待时间: 5.5秒
4. 获取翻译结果...
翻译结果验证失败: 结果过短 (18字符 vs 原文101字符)
当前结果: 在这种情况下，真的没有人会心情愉快。...
将重试...

翻译尝试 1/3
原文长度: 38 字符
原文: དུས་གསུམ་ལས་འདས་པ་མ་ཡིན་པ་མ་ཡིན་པར་ཐལ།
基础等待时间: 2.5秒
1. 输入文本...
点击成功
3. 等待翻译...
等待翻译: 2.5秒
文本输入完成 (长度: 37 字符)
2. 点击翻译按钮...
翻译结果稳定，总等待时间: 5.5秒
4. 获取翻译结果...
翻译成功 (长度: 19 字符)
结果: 再次用手触摸墙壁，除了脏了的墙壁之外。
翻译结果稳定，总等待时间: 3.0秒
4. 获取翻译结果...

翻译尝试 1/3
原文长度: 61 字符
原文: དེ་ལ་ལྟ་མཁན་ཞིག་གིས་ཕར་བལྟ་བའི་བྱ་བ་གཞན་ཞིག་བྱས་པ་སྟོན་པ་དང་།
基础等待时间: 2.5秒
1. 输入文本...
翻译成功 (长度: 9 字符)
结果: 左手持钹右手持杖。
文本输入完成 (长度: 38 字符)
2. 点击翻译按钮...
点击成功
3. 等待翻译...
等待翻译: 2.5秒

翻译尝试 1/3
原文长度: 83 字符
原文预览: མིག་གི་རྣམ་པར་ཤེས་པ་ཡིན་པའི་ཕྱིར་ད་ལྟར་གྱི་མིག་གི་རྣམ་པར་ཤེས་པའི་སྐད་ཅིག་མ་བཞིན་...
基础等待时间: 4.0秒
1. 输入文本...
翻译结果稳定，总等待时间: 4.0秒
4. 获取翻译结果...
翻译结果稳定，总等待时间: 4.0秒
4. 获取翻译结果...
翻译结果仍在变化，继续等待... (已等待0.0秒)
翻译成功 (长度: 17 字符)
结果: 仅仅在意念中产生，仅仅是自我光明。
翻译结果稳定，总等待时间: 3.0秒
4. 获取翻译结果...
翻译成功 (长度: 22 字符)
结果: 现在，剩下的家产，哪一位大德能为我做一顿饭？
翻译成功 (长度: 7 字符)
结果: 到了玉珍扎寺。
点击成功
3. 等待翻译...
等待翻译: 2.5秒

翻译尝试 2/3
原文长度: 101 字符
原文预览: གནས་ཚུལ་འདི་འདྲའི་སྐབས་སུ་དངོས་གནས་ཞེ་སེམས་སྐྱིད་པོ་འདུག་པའི་མི་ནི་གཅིག་ཀྱང་ཡོད་...
基础等待时间: 4.0秒
1. 输入文本...
翻译结果仍在变化，继续等待... (已等待0.0秒)
文本输入完成 (长度: 61 字符)
2. 点击翻译按钮...
翻译结果稳定，总等待时间: 3.0秒
4. 获取翻译结果...
翻译成功 (长度: 3 字符)
结果: 等等。

翻译尝试 1/3
原文长度: 57 字符
原文: གཤེན་རབ་མཆོག་དེ་བཞིན་གཤེགས་པ་དགྲ་བཅོམ་པ་ཡང་དག་པར་རྫོགས་པ།
基础等待时间: 2.5秒
1. 输入文本...
文本输入完成 (长度: 83 字符)
2. 点击翻译按钮...
点击成功
3. 等待翻译...
等待翻译: 2.5秒
点击成功
3. 等待翻译...
等待翻译: 4.0秒
翻译结果稳定，总等待时间: 4.0秒
4. 获取翻译结果...
翻译成功 (长度: 17 字符)
结果: 清洁的僧人分发白衣，坐下于苹果毯。
翻译结果仍在变化，继续等待... (已等待0.0秒)
文本输入完成 (长度: 101 字符)
2. 点击翻译按钮...

翻译尝试 1/3
原文长度: 25 字符
原文: ཁྱེད་རང་ཡང་ནི་དེ་འདོད་དེ།
基础等待时间: 1.5秒
1. 输入文本...
翻译结果稳定，总等待时间: 5.5秒
4. 获取翻译结果...
翻译成功 (长度: 33 字符)
结果: 他那酒吧的天空中有月亮，万颗星儿兴奋得颤抖地笑，这是为他那个醒悟。

翻译尝试 1/3
原文长度: 110 字符
原文预览: དེའི་ནང་དུ་ཡིད་ལ་ཤོང་པར་དཀའ་བའི་ལྷ་སྒྲུང་རང་བཞིན་མང་ནའང་དོན་དངོས་སུ་འཛམ་གླིང་ཡང་...
基础等待时间: 4.0秒
1. 输入文本...
文本输入完成 (长度: 57 字符)
2. 点击翻译按钮...
点击成功
3. 等待翻译...
等待翻译: 4.0秒
点击成功
3. 等待翻译...
等待翻译: 2.5秒
翻译结果稳定，总等待时间: 4.0秒
4. 获取翻译结果...
翻译成功 (长度: 13 字符)
结果: 你是为自己的需要而去的吗？

翻译尝试 1/3
原文长度: 27 字符
原文: དེ་བཞིན་འདོད་བདེ་མི་གཙང་དུ།
基础等待时间: 1.5秒
1. 输入文本...
文本输入完成 (长度: 25 字符)
2. 点击翻译按钮...
点击成功
3. 等待翻译...
等待翻译: 1.5秒

翻译尝试 1/3
原文长度: 62 字符
原文: དེ་ལ་གང་འགྲུབ་པ་ནི་ངེས་པར་གདོན་མི་ཟ་བར་ཡུན་མི་རིང་བར་འཇིག་སྟེ།
基础等待时间: 2.5秒
1. 输入文本...

翻译尝试 1/3
原文长度: 30 字符
原文: རིགསཆེན་གཙུག་ཏོར་ཆེར་གཟིགས་ནས།
基础等待时间: 1.5秒
1. 输入文本...
翻译结果仍在变化，继续等待... (已等待0.0秒)
文本输入完成 (长度: 27 字符)
2. 点击翻译按钮...
文本输入完成 (长度: 110 字符)
2. 点击翻译按钮...
点击成功
3. 等待翻译...
等待翻译: 1.5秒
点击成功
3. 等待翻译...
等待翻译: 4.0秒
文本输入完成 (长度: 30 字符)
2. 点击翻译按钮...
翻译结果仍在变化，继续等待... (已等待0.0秒)

翻译尝试 1/3
原文长度: 39 字符
原文: བཛྲ་བེ་རོ་ཙ་ནཱི་ཡེ་ཧ་ཱུཾ་ཧ་ཱུཾ་ཕཊ་སྭཱ་ཧཱ།
基础等待时间: 2.5秒
1. 输入文本...
文本输入完成 (长度: 62 字符)
2. 点击翻译按钮...
翻译结果稳定，总等待时间: 4.0秒
4. 获取翻译结果...
翻译成功 (长度: 19 字符)
结果: 母亲和两个儿子都见到佛陀死在了马麦家。
点击成功
3. 等待翻译...
等待翻译: 1.5秒
翻译结果仍在变化，继续等待... (已等待0.0秒)
点击成功
3. 等待翻译...
等待翻译: 2.5秒
翻译结果稳定，总等待时间: 3.0秒
4. 获取翻译结果...
文本输入完成 (长度: 39 字符)
2. 点击翻译按钮...
翻译成功 (长度: 8 字符)
结果: 容貌美丽的女子。

翻译尝试 1/3
原文长度: 74 字符
原文: དེ་ལས་དུག་སྡོམ་ནག་པོ་ཞིག་ཐོལ་གྱིས་ཕྱིར་ཐོན་ནས་གྱང་ངོས་སུ་གང་བྱུང་གིས་བྲོས།
基础等待时间: 2.5秒
1. 输入文本...

翻译尝试 1/3
原文长度: 27 字符
原文: བསྒོམས་པས་ཐིམ་པར་བྱས་ནས་སུ།
基础等待时间: 1.5秒
1. 输入文本...
翻译结果仍在变化，继续等待... (已等待0.0秒)
点击成功
3. 等待翻译...
等待翻译: 2.5秒

翻译尝试 1/3
原文长度: 139 字符
原文预览: དེ་ནས་འཇིག་རྟེན་དུ་སོག་འཇོག་གི་སྐྱོན་གྱིས་མ་བྱིན་པར་ལེན་པ་ལ་སོགས་པ་ལ་ཞུགས་པས་རང་...
基础等待时间: 4.0秒
1. 输入文本...

翻译尝试 1/3
原文长度: 21 字符
原文: འབྲིང་ཐོ་རེ་སྦུང་བཙན།
基础等待时间: 1.5秒
1. 输入文本...

翻译尝试 1/3
原文长度: 67 字符
原文: མཉྫུ་ཤྲྰི་ཤེས་གསུངས་པས་དེ་རྣམས་མི་གོ་བར་འདུག་ཟེར་ཡང་མཁས་པ་ཙམ་དུ་རི།
基础等待时间: 2.5秒
1. 输入文本...
翻译结果稳定，总等待时间: 4.0秒
4. 获取翻译结果...
翻译结果仍在变化，继续等待... (已等待0.0秒)
翻译成功 (长度: 9 字符)
结果: 母亲为主的五尊佛。
文本输入完成 (长度: 27 字符)
2. 点击翻译按钮...
文本输入完成 (长度: 74 字符)
2. 点击翻译按钮...
文本输入完成 (长度: 21 字符)
2. 点击翻译按钮...
点击成功
3. 等待翻译...
等待翻译: 1.5秒

翻译尝试 1/3
原文长度: 18 字符
原文: ཞེས་སོགས་གསུངས་སོ།
基础等待时间: 1.5秒
1. 输入文本...
点击成功
3. 等待翻译...
等待翻译: 2.5秒
点击成功
3. 等待翻译...
等待翻译: 1.5秒
文本输入完成 (长度: 67 字符)
2. 点击翻译按钮...
翻译结果仍在变化，继续等待... (已等待0.0秒)

翻译尝试 1/3
原文长度: 64 字符
原文: ཀུ་ཤའི་ཁྲེས་པོའམ་གཅལ་དུ་བཀྲམ་པ་ལ་འདུག་པའམ་ལོ་མ་ལ་ཉེ་བར་འདུག་སྟེ།
基础等待时间: 2.5秒
1. 输入文本...
文本输入完成 (长度: 139 字符)
2. 点击翻译按钮...
点击成功
3. 等待翻译...
等待翻译: 2.5秒
翻译结果仍在变化，继续等待... (已等待0.0秒)
文本输入完成 (长度: 18 字符)
2. 点击翻译按钮...
翻译结果仍在变化，继续等待... (已等待0.0秒)
点击成功
3. 等待翻译...
等待翻译: 4.0秒

翻译尝试 1/3
原文长度: 103 字符
原文预览: རྒྱུ་དང་ཐོབ་མེད་ན་སྤྱོད་ཁང་དེ་སྤྱོད་དཀའ་བར་འདུག་ཟེར་བའི་གཏམ་ཞིག་ཀུན་གྱི་རྣ་ཡིས་ཐ...
基础等待时间: 4.0秒
1. 输入文本...
点击成功
3. 等待翻译...
等待翻译: 1.5秒
翻译结果稳定，总等待时间: 4.0秒
4. 获取翻译结果...
翻译成功 (长度: 9 字符)
结果: 正是这样讲的四明。
翻译结果仍在变化，继续等待... (已等待0.0秒)

翻译尝试 1/3
原文长度: 51 字符
原文: ཁོ་བོའི་དགོས་པ་ལ་སོང་བ་མ་ཡིན་པས་ཁོ་བོས་མི་སྦྱིན་ནོ།
基础等待时间: 2.5秒
1. 输入文本...
翻译结果仍在变化，继续等待... (已等待0.0秒)
文本输入完成 (长度: 64 字符)
2. 点击翻译按钮...
翻译结果稳定，总等待时间: 4.0秒
4. 获取翻译结果...
翻译成功 (长度: 9 字符)
结果: 普光种子果实优良。
点击成功
3. 等待翻译...
等待翻译: 2.5秒
翻译结果仍在变化，继续等待... (已等待0.0秒)
翻译结果稳定，总等待时间: 4.0秒
4. 获取翻译结果...
翻译成功 (长度: 10 字符)
结果: 是时候去西山吃饭了。
文本输入完成 (长度: 103 字符)
2. 点击翻译按钮...
文本输入完成 (长度: 51 字符)
2. 点击翻译按钮...
点击成功
3. 等待翻译...
等待翻译: 4.0秒
翻译结果仍在变化，继续等待... (已等待0.0秒)
点击成功
3. 等待翻译...
等待翻译: 2.5秒
翻译结果稳定，总等待时间: 4.0秒
4. 获取翻译结果...
翻译成功 (长度: 13 字符)
结果: 又说：“皇帝养的怎么样？”

翻译尝试 1/3
原文长度: 73 字符
原文: དེ་དག་གི་སྲོག་བ་སྐྱའ་པའི་སླད་དུ་བཅོམ་ལྡན་འདས་ཀྱིས་ཀུན་དགའ་པ་ལ་བཀའ་སྩལ་ཏེ།
基础等待时间: 2.5秒
1. 输入文本...
翻译结果稳定，总等待时间: 4.0秒
4. 获取翻译结果...
翻译成功 (长度: 3 字符)
结果: 等等。
翻译结果仍在变化，继续等待... (已等待0.0秒)

翻译尝试 1/3
原文长度: 27 字符
原文: བུ་མོ་སྟོང་ཕྲག་བརྒྱད་ཅུ་དག།
基础等待时间: 1.5秒
1. 输入文本...
翻译结果仍在变化，继续等待... (已等待0.0秒)
翻译结果仍在变化，继续等待... (已等待0.0秒)
翻译结果稳定，总等待时间: 4.0秒
4. 获取翻译结果...
文本输入完成 (长度: 73 字符)
2. 点击翻译按钮...
翻译成功 (长度: 9 字符)
结果: 我们康巴人喜欢刀子
文本输入完成 (长度: 27 字符)
2. 点击翻译按钮...
点击成功
3. 等待翻译...
等待翻译: 2.5秒
翻译结果稳定，总等待时间: 4.0秒
4. 获取翻译结果...

翻译尝试 1/3
原文长度: 20 字符
原文: བཞི་པར་སྣང་བ་མཐའ་ཡས།
基础等待时间: 1.5秒
1. 输入文本...
翻译成功 (长度: 10 字符)
结果: 也许不是超越了时间。
翻译结果稳定，总等待时间: 3.0秒
4. 获取翻译结果...
翻译结果仍在变化，继续等待... (已等待0.0秒)
翻译成功 (长度: 7 字符)
结果: 你也想那样吗？
点击成功
3. 等待翻译...
等待翻译: 1.5秒
翻译结果仍在变化，继续等待... (已等待0.0秒)
翻译结果稳定，总等待时间: 3.0秒
4. 获取翻译结果...
翻译结果仍在变化，继续等待... (已等待0.0秒)
文本输入完成 (长度: 20 字符)
2. 点击翻译按钮...
翻译成功 (长度: 6 字符)
结果: 以及色情淫秽
翻译结果仍在变化，继续等待... (已等待0.0秒)
翻译结果稳定，总等待时间: 4.0秒
4. 获取翻译结果...
翻译成功 (长度: 17 字符)
结果: （指人）在看某事时做出另外的动作。
点击成功
3. 等待翻译...
等待翻译: 1.5秒
翻译结果稳定，总等待时间: 3.0秒
4. 获取翻译结果...
翻译成功 (长度: 6 字符)
结果: 观察大角顶。
翻译结果仍在变化，继续等待... (已等待0.0秒)

翻译尝试 1/3
原文长度: 42 字符
原文: རྣམ་པ་ཐམས་ཅད་མཁྱེན་པ་ཉིད་དེ་ལྟར་བསྟན་པ་ནི།
基础等待时间: 2.5秒
1. 输入文本...
翻译结果仍在变化，继续等待... (已等待0.0秒)
翻译结果稳定，总等待时间: 4.0秒
4. 获取翻译结果...
翻译成功 (长度: 9 字符)
结果: 如来神圣的正觉佛。

翻译尝试 1/3
原文长度: 35 字符
原文: དོན་དམ་སྐྱེ་བ་མེད་པར་རབ་རྟོགས་ཤིང་།
基础等待时间: 2.5秒
1. 输入文本...
翻译结果仍在变化，继续等待... (已等待0.0秒)
文本输入完成 (长度: 42 字符)
2. 点击翻译按钮...

翻译尝试 1/3
原文长度: 33 字符
原文: གངས་དཀར་རྩེ་ལ་འགྲོ་ན་རན་ཚོད་འདུག།
基础等待时间: 2.5秒
1. 输入文本...
点击成功
3. 等待翻译...
等待翻译: 2.5秒
翻译结果稳定，总等待时间: 7.5秒
4. 获取翻译结果...
翻译结果验证失败: 结果过短 (40字符 vs 原文236字符)
当前结果: 我决不愿意今天就安心下去了，我知道我的死亡的时刻必定会到来，然而它不一定是今天。...
将重试...
文本输入完成 (长度: 35 字符)
2. 点击翻译按钮...
翻译结果稳定，总等待时间: 3.0秒
4. 获取翻译结果...
翻译结果仍在变化，继续等待... (已等待0.0秒)
翻译成功 (长度: 7 字符)
结果: 用观修来修脱，

翻译尝试 1/3
原文长度: 38 字符
原文: གལ་ཏེ་དེ་ལྟ་ན་ཅི་ངའི་གན་དུ་མི་འདུག་གམ།
基础等待时间: 2.5秒
1. 输入文本...
点击成功
3. 等待翻译...
等待翻译: 2.5秒
文本输入完成 (长度: 33 字符)
2. 点击翻译按钮...
翻译结果稳定，总等待时间: 3.0秒
4. 获取翻译结果...
翻译成功 (长度: 5 字符)
结果: 仲图热崩赞
翻译结果仍在变化，继续等待... (已等待0.0秒)
点击成功
3. 等待翻译...
等待翻译: 2.5秒

翻译尝试 1/3
原文长度: 21 字符
原文: ཞེས་པ་དེ་སྡུད་པར་གདའ།
基础等待时间: 1.5秒
1. 输入文本...
翻译结果仍在变化，继续等待... (已等待0.0秒)
翻译结果稳定，总等待时间: 4.0秒
4. 获取翻译结果...
文本输入完成 (长度: 38 字符)
2. 点击翻译按钮...
翻译成功 (长度: 13 字符)
结果: 它的产生一定会不久地消灭；
翻译结果稳定，总等待时间: 3.0秒
4. 获取翻译结果...
翻译成功 (长度: 3 字符)
结果: 等等。

翻译尝试 2/3
原文长度: 236 字符
原文预览: དུས་དེ་རིང་ཁོ་ན་ཙམ་ལའང་མི་འཆིའོ་ཞེས་སེམས་བག་ཕབ་སྟེ་བདེ་བར་འདུག་པ་འདི་ནི་རིགས་ཤིང...
基础等待时间: 6.0秒
1. 输入文本...
点击成功
3. 等待翻译...
等待翻译: 2.5秒
翻译结果仍在变化，继续等待... (已等待0.0秒)

翻译尝试 1/3
原文长度: 61 字符
原文: འདི་དག་ནི་ཁོ་ཚོ་ལ་འཇིགས་ཡེར་བ་ཞིག་དང་མགོ་རྙོག་ཐེབས་པ་ཞིག་རེད།
基础等待时间: 2.5秒
1. 输入文本...
翻译结果稳定，总等待时间: 4.0秒
4. 获取翻译结果...
文本输入完成 (长度: 21 字符)
2. 点击翻译按钮...
翻译成功 (长度: 17 字符)
结果: 咒语：咒言罗扎纳尼耶呵呵咒语呵呵。
翻译结果稳定，总等待时间: 5.5秒
4. 获取翻译结果...
翻译结果仍在变化，继续等待... (已等待0.0秒)
翻译成功 (长度: 11 字符)
结果: 现在的眼识也是瞬间的。

翻译尝试 1/3
原文长度: 7 字符
原文: དེར་ཐལ།
基础等待时间: 1.5秒
1. 输入文本...
点击成功
3. 等待翻译...
等待翻译: 1.5秒

翻译尝试 1/3
原文长度: 90 字符
原文预览: གལ་ཏེ་ཕོག་ཐུག་བྱུང་ན་ཁྱེད་རང་ལ་ལྟ་བ་རྣམ་པར་དག་པ་ཡོད་བཞིན་དུ་དེའི་གོ་གྱོན་ཅིག་ཅེས...
基础等待时间: 4.0秒
1. 输入文本...
翻译结果稳定，总等待时间: 5.5秒
4. 获取翻译结果...
翻译结果验证失败: 结果过短 (18字符 vs 原文101字符)
当前结果: 在这种情况下，确实没有人会感到愉快。...
将重试...
文本输入完成 (长度: 7 字符)
2. 点击翻译按钮...
文本输入完成 (长度: 61 字符)
2. 点击翻译按钮...

翻译尝试 1/3
原文长度: 23 字符
原文: དེ་ལ་གཙང་སྦྲ་ཅན་སུ་དགའ།
基础等待时间: 1.5秒
1. 输入文本...
翻译结果稳定，总等待时间: 4.0秒
4. 获取翻译结果...
翻译成功 (长度: 19 字符)
结果: 其中一只黑蜘蛛突然窜出来，向墙上乱跑。

翻译尝试 1/3
原文长度: 54 字符
原文: མིག་གིས་བལྟ་བྱའི་གཟུགས་ལ་ཕར་བྱ་བ་ཅི་ཞིག་བྱས་པ་བསྟན་ཏེ།
基础等待时间: 2.5秒
1. 输入文本...
点击成功
3. 等待翻译...
等待翻译: 1.5秒
点击成功
3. 等待翻译...
等待翻译: 2.5秒
翻译结果稳定，总等待时间: 4.0秒
4. 获取翻译结果...
翻译结果仍在变化，继续等待... (已等待0.0秒)
文本输入完成 (长度: 90 字符)
2. 点击翻译按钮...
翻译成功 (长度: 18 字符)
结果: 说起梵语，曼陀罗听不懂，但却很聪明。
翻译结果仍在变化，继续等待... (已等待0.0秒)

翻译尝试 1/3
原文长度: 48 字符
原文: གང་ལ་ལ་དག་ཐབས་དང་ཞེས་ར་བ་ཟབ་མོའི་ཚུལ་ལ་མོས་ཤིང་།
基础等待时间: 2.5秒
1. 输入文本...
文本输入完成 (长度: 23 字符)
2. 点击翻译按钮...
文本输入完成 (长度: 236 字符)
2. 点击翻译按钮...
点击成功
3. 等待翻译...
等待翻译: 4.0秒
点击成功
3. 等待翻译...
等待翻译: 1.5秒
点击成功
3. 等待翻译...
等待翻译: 6.0秒

翻译尝试 3/3
原文长度: 101 字符
原文预览: གནས་ཚུལ་འདི་འདྲའི་སྐབས་སུ་དངོས་གནས་ཞེ་སེམས་སྐྱིད་པོ་འདུག་པའི་མི་ནི་གཅིག་ཀྱང་ཡོད་...
基础等待时间: 4.0秒
1. 输入文本...
文本输入完成 (长度: 54 字符)
2. 点击翻译按钮...
翻译结果稳定，总等待时间: 5.5秒
4. 获取翻译结果...

翻译尝试 1/3
原文长度: 57 字符
原文: གཤེན་རབ་མཆོག་དེ་བཞིན་གཤེགས་པ་དགྲ་བཅོམ་པ་ཡང་དག་པར་རྫོགས་པ།
基础等待时间: 2.5秒
1. 输入文本...
文本输入完成 (长度: 48 字符)
2. 点击翻译按钮...
翻译成功 (长度: 27 字符)
结果: 它包含了难以置信的神话元素，但实际上是世界屋脊的风景。
点击成功
3. 等待翻译...
等待翻译: 2.5秒
点击成功
3. 等待翻译...
等待翻译: 2.5秒
翻译结果稳定，总等待时间: 4.0秒
4. 获取翻译结果...
翻译成功 (长度: 19 字符)
结果: 栗子堆或铺在地板上或地板上；紧靠叶片。
翻译结果稳定，总等待时间: 3.0秒
4. 获取翻译结果...
翻译成功 (长度: 7 字符)
结果: 这八十万女儿。
翻译结果仍在变化，继续等待... (已等待0.0秒)
文本输入完成 (长度: 57 字符)
2. 点击翻译按钮...

翻译尝试 1/3
原文长度: 28 字符
原文: དོགས་པ་མེད་པར་བཟླས་བསྒོམ་བྱ།
基础等待时间: 1.5秒
1. 输入文本...
文本输入完成 (长度: 101 字符)
2. 点击翻译按钮...
翻译结果稳定，总等待时间: 4.0秒
4. 获取翻译结果...

翻译尝试 1/3
原文长度: 31 字符
原文: ཕངས་ཏོ་རེ་དབྱི་ཚབ་དང་ཁྱེད་གཉྀས།
基础等待时间: 2.5秒
1. 输入文本...
点击成功
3. 等待翻译...
等待翻译: 2.5秒
翻译成功 (长度: 15 字符)
结果: 不是因为他的需要，我才不给他。
点击成功
3. 等待翻译...
等待翻译: 4.0秒
翻译结果稳定，总等待时间: 3.0秒
4. 获取翻译结果...
翻译结果仍在变化，继续等待... (已等待0.0秒)
翻译成功 (长度: 7 字符)
结果: 第四是无边境。
文本输入完成 (长度: 28 字符)
2. 点击翻译按钮...
翻译结果仍在变化，继续等待... (已等待0.0秒)

翻译尝试 1/3
原文长度: 49 字符
原文: དེའི་དོན་དུ་འཇིག་རྟེན་འདི་ཀོ་ཅི་སྟེ་རྣམ་པར་འཇོམས།
基础等待时间: 2.5秒
1. 输入文本...
文本输入完成 (长度: 31 字符)
2. 点击翻译按钮...
点击成功
3. 等待翻译...
等待翻译: 1.5秒

翻译尝试 1/3
原文长度: 31 字符
原文: ལེན་པའི་རྣམ་པར་ཤེས་པ་ཟབ་ཅིང་ཕྲ།
基础等待时间: 2.5秒
1. 输入文本...
点击成功
3. 等待翻译...
等待翻译: 2.5秒
翻译结果仍在变化，继续等待... (已等待0.0秒)

翻译尝试 1/3
原文长度: 23 字符
原文: རོ་ཙ་ནར་བཅས་བླངས་ནས་སུ།
基础等待时间: 1.5秒
1. 输入文本...
翻译结果仍在变化，继续等待... (已等待0.0秒)

翻译尝试 1/3
原文长度: 79 字符
原文: གལ་ཏེ་རྒྱུད་ཐ་དད་པའི་མིག་གི་རྣམ་པར་ཤེས་པ་ལ་སོགས་པ་དག་། གིས་མ་ངེས་པ་ཉིད་དོ་ཞེ་ན།
基础等待时间: 2.5秒
1. 输入文本...
文本输入完成 (长度: 49 字符)
2. 点击翻译按钮...
翻译结果仍在变化，继续等待... (已等待0.0秒)
文本输入完成 (长度: 31 字符)
2. 点击翻译按钮...
翻译结果稳定，总等待时间: 4.0秒
4. 获取翻译结果...
点击成功
3. 等待翻译...
等待翻译: 2.5秒
翻译成功 (长度: 12 字符)
结果: 为此，佛就命令毗沙婆罗。
翻译结果稳定，总等待时间: 5.5秒
4. 获取翻译结果...
点击成功
3. 等待翻译...
等待翻译: 2.5秒
翻译结果验证失败: 结果过短 (19字符 vs 原文139字符)
当前结果: 于是，世界就因贪婪的欲望而变得异端了。...
将重试...
文本输入完成 (长度: 23 字符)
2. 点击翻译按钮...
翻译结果仍在变化，继续等待... (已等待0.0秒)
翻译结果仍在变化，继续等待... (已等待0.0秒)
点击成功
3. 等待翻译...
等待翻译: 1.5秒

翻译尝试 1/3
原文长度: 79 字符
原文: དུས་དེར་ཐག་སྒྲ་ཞིག་དང་ཆབས་ཅིག་དུག་སྡོམ་དེ་གྱང་ངོས་སུ་འདམ་འབག་ཇི་བཞིན་སྦྱར་སོང་།
基础等待时间: 2.5秒
1. 输入文本...
文本输入完成 (长度: 79 字符)
2. 点击翻译按钮...

翻译尝试 1/3
原文长度: 18 字符
原文: སང་རང་ཡུལ་དུ་བྱོན།
基础等待时间: 1.5秒
1. 输入文本...
点击成功
3. 等待翻译...
等待翻译: 2.5秒

翻译尝试 2/3
原文长度: 139 字符
原文预览: དེ་ནས་འཇིག་རྟེན་དུ་སོག་འཇོག་གི་སྐྱོན་གྱིས་མ་བྱིན་པར་ལེན་པ་ལ་སོགས་པ་ལ་ཞུགས་པས་རང་...
基础等待时间: 4.0秒
1. 输入文本...
文本输入完成 (长度: 79 字符)
2. 点击翻译按钮...
翻译结果稳定，总等待时间: 5.5秒
4. 获取翻译结果...
文本输入完成 (长度: 18 字符)
2. 点击翻译按钮...
翻译成功 (长度: 41 字符)
结果: 一句“没资没得厕所难用”的话，传到了他们的耳朵里，撕心裂肺地反映到了他们的脑子里。

翻译尝试 1/3
原文长度: 81 字符
原文预览: འོན་ཀྱང་སྙན་ངག་ལ་དགོས་རྒྱུའི་རྣམ་འགྱུར་རམ་བྲོ་བ་དེ་འདོན་ཐུབ་པ་ཞིག་མི་ཡོང་བར་འདུག...
基础等待时间: 4.0秒
1. 输入文本...
点击成功
3. 等待翻译...
等待翻译: 2.5秒
点击成功
3. 等待翻译...
等待翻译: 1.5秒
翻译结果仍在变化，继续等待... (已等待0.0秒)

翻译尝试 1/3
原文长度: 132 字符
原文预览: ཏ་ལའི་ལོ་མའི་རང་བཞིན་ལས་བྱས་པ་ལ་སྔར་སྨོས་པའི་ཚོགས་གཅིག་པུ་དབེན་པར་འདུག་སྟེ་འབུམ་...
基础等待时间: 4.0秒
1. 输入文本...
翻译结果稳定，总等待时间: 3.0秒
4. 获取翻译结果...
翻译成功 (长度: 4 字符)
结果: 被吸收。
翻译结果稳定，总等待时间: 4.0秒
4. 获取翻译结果...
   进度: 10/500 (2.0%)

翻译尝试 1/3
原文长度: 29 字符
原文: གང་ཕྱིར་དུག་གིས་ཕན་གྱུར་སྐབས།
基础等待时间: 1.5秒
1. 输入文本...
翻译成功 (长度: 13 字符)
结果: “悉知一切”，就是这样讲。
翻译结果仍在变化，继续等待... (已等待0.0秒)
文本输入完成 (长度: 139 字符)
2. 点击翻译按钮...
文本输入完成 (长度: 81 字符)
2. 点击翻译按钮...

翻译尝试 1/3
原文长度: 113 字符
原文预览: ཇི་ཙམ་ན་ནོར་གྱིས་བྱིན་ཕྱིར་བྱུང་བ་དེ་ན་མཚན་བཟངས་ཀྱིས་ལྷུང་བཟེད་ཆུང་ངུ་བླངས་ཏེ་རང...
基础等待时间: 4.0秒
1. 输入文本...
点击成功
3. 等待翻译...
等待翻译: 4.0秒
点击成功
3. 等待翻译...
等待翻译: 4.0秒
翻译结果仍在变化，继续等待... (已等待0.0秒)
翻译结果稳定，总等待时间: 4.0秒
4. 获取翻译结果...
翻译成功 (长度: 5 字符)
结果: 认定无生。
文本输入完成 (长度: 29 字符)
2. 点击翻译按钮...
翻译结果仍在变化，继续等待... (已等待0.0秒)
翻译结果稳定，总等待时间: 3.0秒
4. 获取翻译结果...

翻译尝试 1/3
原文长度: 125 字符
原文预览: ལྔ་པར་དོན་ཡོད་གྲུབ་པ་གཙོ་བོར་བཞུགས་པའི་ཚོམ་བུ་སྟེ་དེ་ལ་བསམ་གཏན་གྱི་ཞག་ནི་ད་ལྟ་ཏི...
基础等待时间: 4.0秒
1. 输入文本...
翻译成功 (长度: 5 字符)
结果: 差不多了。
翻译结果稳定，总等待时间: 4.0秒
4. 获取翻译结果...
翻译成功 (长度: 9 字符)
结果: 去岗什卡山是时候了
点击成功
3. 等待翻译...
等待翻译: 1.5秒
文本输入完成 (长度: 132 字符)
2. 点击翻译按钮...
点击成功
3. 等待翻译...
等待翻译: 4.0秒
翻译结果稳定，总等待时间: 3.0秒
4. 获取翻译结果...
翻译结果仍在变化，继续等待... (已等待0.0秒)
翻译成功 (长度: 6 字符)
结果: 谁喜欢它干净
翻译结果稳定，总等待时间: 4.0秒
4. 获取翻译结果...
翻译成功 (长度: 14 字符)
结果: 如果那样，咋不坐在我旁边呢？
翻译结果仍在变化，继续等待... (已等待0.0秒)
文本输入完成 (长度: 113 字符)
2. 点击翻译按钮...
点击成功
3. 等待翻译...
等待翻译: 4.0秒

翻译尝试 1/3
原文长度: 116 字符
原文预览: དེ་དག་སྲོག་བསྐྱབ་པའི་སླད་དུ་བཙེམ་ལྡན་འདས་ཀྱི་མ་བཀའ་དྲིན་དྲན་ཞིང་རབ་ཏུ་དགའ་བ་སྐྱེ...
基础等待时间: 4.0秒
1. 输入文本...
文本输入完成 (长度: 125 字符)
2. 点击翻译按钮...
点击成功
3. 等待翻译...
等待翻译: 4.0秒
翻译结果仍在变化，继续等待... (已等待0.0秒)
翻译结果仍在变化，继续等待... (已等待0.0秒)
翻译结果稳定，总等待时间: 4.0秒
4. 获取翻译结果...
翻译成功 (长度: 13 字符)
结果: 这些让他们感到恐惧和困惑。
翻译结果仍在变化，继续等待... (已等待0.0秒)
翻译结果仍在变化，继续等待... (已等待0.0秒)
翻译结果仍在变化，继续等待... (已等待0.0秒)
文本输入完成 (长度: 116 字符)
2. 点击翻译按钮...
点击成功
3. 等待翻译...
等待翻译: 4.0秒
翻译结果稳定，总等待时间: 3.0秒
4. 获取翻译结果...

翻译尝试 1/3
原文长度: 127 字符
原文预览: ཁ་སང་ཉིན་གུང་ནས་འཁྲིད་འཕྲོར་ལུས་པའི་སྣོད་ཅ་རྣམས་གོ་རིམ་མེད་པར་བཞག་འདུག་པས་ཁང་མིག...
基础等待时间: 4.0秒
1. 输入文本...
翻译成功 (长度: 13 字符)
结果: 无疑无疑地一遍一遍地念诵。
翻译结果稳定，总等待时间: 4.0秒
4. 获取翻译结果...
翻译成功 (长度: 17 字符)
结果: 眼睛对着被观察的对象做了什么事情。
翻译结果仍在变化，继续等待... (已等待0.0秒)
翻译结果稳定，总等待时间: 4.0秒
4. 获取翻译结果...
翻译成功 (长度: 12 字符)
结果: 有些人喜欢用细密的织法。
   进度: 10/500 (2.0%)

翻译尝试 1/3
原文长度: 21 字符
原文: ཞེས་པ་དེ་སྡུད་པར་གདའ།
基础等待时间: 1.5秒
1. 输入文本...
翻译结果仍在变化，继续等待... (已等待0.0秒)

翻译尝试 1/3
原文长度: 33 字符
原文: སྔོན་གྱི་རྒྱལ་བ་ལ་བྱ་བ་བྱས་པ་དང་།
基础等待时间: 2.5秒
1. 输入文本...
文本输入完成 (长度: 127 字符)
2. 点击翻译按钮...
文本输入完成 (长度: 21 字符)
2. 点击翻译按钮...
翻译结果稳定，总等待时间: 3.0秒
4. 获取翻译结果...
翻译结果仍在变化，继续等待... (已等待0.0秒)

翻译尝试 1/3
原文长度: 31 字符
原文: རྗེ་འབངས་ལྟ་བུའི་ལྟ་བས་ཁྱད་པར་༴
基础等待时间: 2.5秒
1. 输入文本...
翻译结果仍在变化，继续等待... (已等待0.0秒)
翻译成功 (长度: 5 字符)
结果: 拿起了肉杵
翻译结果稳定，总等待时间: 4.0秒
4. 获取翻译结果...
文本输入完成 (长度: 33 字符)
2. 点击翻译按钮...
翻译成功 (长度: 13 字符)
结果: 如来佛，如来千手千眼大师。
点击成功
3. 等待翻译...
等待翻译: 4.0秒
   进度: 10/500 (2.0%)

翻译尝试 1/3
原文长度: 66 字符
原文: ཁྱོད་དུས་གསུམ་པོ་གང་རུང་གང་ཞིག་མ་འོངས་པ་དང་ད་ལྟོ་བ་མ་ཡིན་པའི་ཕྱིར།
基础等待时间: 2.5秒
1. 输入文本...
点击成功
3. 等待翻译...
等待翻译: 1.5秒
   进度: 10/500 (2.0%)

翻译尝试 1/3
原文长度: 32 字符
原文: སྒོམ་ཆེན་ཡང་ཁྱེད་རང་བདེན་བསམ་ནས།
基础等待时间: 2.5秒
1. 输入文本...
点击成功
3. 等待翻译...
等待翻译: 2.5秒
文本输入完成 (长度: 31 字符)
2. 点击翻译按钮...

翻译尝试 1/3
原文长度: 62 字符
原文: གཉེན་གྱི་སྐྱེ་བོ་ཡོངས་སུ་ཟད་ཅིང་མགོན་མེད་པ་ལ་ཟས་རྙེད་པར་དཀའ་བ།
基础等待时间: 2.5秒
1. 输入文本...

翻译尝试 1/3
原文长度: 36 字符
原文: གཏམ་བཟང་པོ་མ་ཡིན་པ་ཟེར་ཞིང་འདུག་སྟེ།
基础等待时间: 2.5秒
1. 输入文本...
点击成功
3. 等待翻译...
等待翻译: 2.5秒
文本输入完成 (长度: 32 字符)
2. 点击翻译按钮...
翻译结果稳定，总等待时间: 4.0秒
4. 获取翻译结果...
翻译成功 (长度: 6 字符)
结果: 庞道日益和你
文本输入完成 (长度: 66 字符)
2. 点击翻译按钮...
点击成功
3. 等待翻译...
等待翻译: 2.5秒
翻译结果稳定，总等待时间: 3.0秒
4. 获取翻译结果...
翻译成功 (长度: 5 字符)
结果: 请回家吧！
点击成功
3. 等待翻译...
等待翻译: 2.5秒
翻译结果稳定，总等待时间: 4.0秒
4. 获取翻译结果...
文本输入完成 (长度: 36 字符)
2. 点击翻译按钮...
翻译成功 (长度: 11 字符)
结果: 为此而击倒了整个世界。
翻译结果稳定，总等待时间: 5.5秒
4. 获取翻译结果...
翻译结果稳定，总等待时间: 4.0秒
4. 获取翻译结果...
翻译成功 (长度: 16 字符)
结果: 如果得罪了你，尽管有正确的观点。
翻译成功 (长度: 12 字符)
结果: 取的方式，意识深刻细腻。
文本输入完成 (长度: 62 字符)
2. 点击翻译按钮...
点击成功
3. 等待翻译...
等待翻译: 2.5秒
点击成功
3. 等待翻译...
等待翻译: 2.5秒

翻译尝试 1/3
原文长度: 84 字符
原文预览: དམག་མི་རྣམས་འབྱོར་རྗེས་ཁྲོམ་སའི་ཚོང་ཟོག་གི་རིན་གོང་གང་མགྱོགས་ཀྱིས་འཕར་མགོ་ཚུགས་ས...
基础等待时间: 4.0秒
1. 输入文本...
翻译结果稳定，总等待时间: 4.0秒
4. 获取翻译结果...
翻译成功 (长度: 21 字符)
结果: 如果异族的眼睛的灵魂等等，都是不确定的呢？
翻译结果稳定，总等待时间: 3.0秒
4. 获取翻译结果...
翻译结果仍在变化，继续等待... (已等待0.0秒)
翻译成功 (长度: 9 字符)
结果: 为什么毒物能有利时
   进度: 10/500 (2.0%)

翻译尝试 1/3
原文长度: 29 字符
原文: ཇི་ལྟར་གསང་སྔགས་རྗེས་མཐུན་པར།
基础等待时间: 1.5秒
1. 输入文本...
文本输入完成 (长度: 84 字符)
2. 点击翻译按钮...

翻译尝试 1/3
原文长度: 26 字符
原文: དེ་ཉིད་རང་གི་སྒྲ་མཐུན་པའི།
基础等待时间: 1.5秒
1. 输入文本...
翻译结果稳定，总等待时间: 4.0秒
4. 获取翻译结果...
翻译结果稳定，总等待时间: 5.5秒
4. 获取翻译结果...
翻译成功 (长度: 33 字符)
结果: 当时，一个劈啪一声的响声伴随着毒蜘蛛像黏糊糊的泥巴一样地贴在墙上。
翻译成功 (长度: 32 字符)
结果: 在这种情况下，真正有心情说一句“没有人会开心的”的人是不存在的。
翻译结果仍在变化，继续等待... (已等待0.0秒)
点击成功
3. 等待翻译...
等待翻译: 4.0秒

翻译尝试 1/3
原文长度: 38 字符
原文: རི་མོའི་གཟུགས་འབྱོར་ན་བཞུགས་སུ་གསོལ་ལ།
基础等待时间: 2.5秒
1. 输入文本...
文本输入完成 (长度: 29 字符)
2. 点击翻译按钮...
点击成功
3. 等待翻译...
等待翻译: 1.5秒
文本输入完成 (长度: 26 字符)
2. 点击翻译按钮...
翻译结果仍在变化，继续等待... (已等待0.0秒)
文本输入完成 (长度: 38 字符)
2. 点击翻译按钮...
翻译结果仍在变化，继续等待... (已等待0.0秒)
   进度: 10/500 (2.0%)

翻译尝试 1/3
原文长度: 20 字符
原文: ཉལ་དང་མ་ཉལ་འདུག་པའམ།
基础等待时间: 1.5秒
1. 输入文本...
点击成功
3. 等待翻译...
等待翻译: 1.5秒

翻译尝试 1/3
原文长度: 57 字符
原文: གཤེན་རབ་མཆོག་དེ་བཞིན་གཤེགས་པ་དགྲ་བཅོམ་པ་ཡང་དག་པར་རྫོགས་པ།
基础等待时间: 2.5秒
1. 输入文本...
点击成功
3. 等待翻译...
等待翻译: 2.5秒
文本输入完成 (长度: 20 字符)
2. 点击翻译按钮...
翻译结果仍在变化，继续等待... (已等待0.0秒)
点击成功
3. 等待翻译...
等待翻译: 1.5秒
文本输入完成 (长度: 57 字符)
2. 点击翻译按钮...
   进度: 10/500 (2.0%)

翻译尝试 1/3
原文长度: 28 字符
原文: འབྲིང་ཏོ་རེ་སྦུང་བསྩན་ནྀ་ཤྀ།
基础等待时间: 1.5秒
1. 输入文本...
点击成功
3. 等待翻译...
等待翻译: 2.5秒
   进度: 10/500 (2.0%)

翻译尝试 1/3
原文长度: 98 字符
原文预览: དེའི་ཚེ་མེས་ཚོན་པོའི་གདན་འདྲེན་བྱུང་བས་ཐེགས་པར་འདུག་པ་ལ་གཙང་ལ་འགྲོ་བར་རང་ཡུལ་ན་ཕ...
基础等待时间: 4.0秒
1. 输入文本...
翻译结果仍在变化，继续等待... (已等待0.0秒)
翻译结果仍在变化，继续等待... (已等待0.0秒)
   进度: 10/500 (2.0%)

翻译尝试 1/3
原文长度: 126 字符
原文预览: འདི་ལྟར་རྫ་མཁན་གྱི་སོ་གཏོང་བ་ལ་གྲུབ་པ་མ་ངེས་ཤིང་གྲུབ་པ་རྣམས་ཀྱང་ངེས་པར་འཇིག་པ་དེ...
基础等待时间: 4.0秒
1. 输入文本...
文本输入完成 (长度: 28 字符)
2. 点击翻译按钮...
   进度: 10/500 (2.0%)

翻译尝试 1/3
原文长度: 34 字符
原文: བོད་རངས་གླང་རངས་བས་ནི་འདོད་ཆགས་ཆེ།
基础等待时间: 2.5秒
1. 输入文本...
   进度: 10/500 (2.0%)

翻译尝试 1/3
原文长度: 117 字符
原文预览: ཞེས་སོགས་དགོངས་གཞི་སྟོང་པ་ཉིད་དེ་ལ་དགོངས་ནས་ཚོགས་དྲུག་ལས་ངོ་བོ་དགོངས་འགྲེལ་ལས་ཀུ...
基础等待时间: 4.0秒
1. 输入文本...
翻译结果仍在变化，继续等待... (已等待0.0秒)
翻译结果稳定，总等待时间: 7.5秒
4. 获取翻译结果...
翻译结果验证失败: 结果过短 (44字符 vs 原文236字符)
当前结果: 我决不愿意说：“我只活到今天就死了！”我要说的是：我一定会死，而我的死却不一定是在今晚。...
将重试...
点击成功
3. 等待翻译...
等待翻译: 1.5秒
翻译结果仍在变化，继续等待... (已等待0.0秒)
文本输入完成 (长度: 98 字符)
2. 点击翻译按钮...
文本输入完成 (长度: 34 字符)
2. 点击翻译按钮...
翻译结果仍在变化，继续等待... (已等待0.0秒)
翻译结果仍在变化，继续等待... (已等待0.0秒)

翻译尝试 1/3
原文长度: 75 字符
原文: དེ་ལྟར་རེ་ཞིག་རྒྱུ་ཡིན་པར་གྱུར་པས་འབྲས་བུ་ཡིན་པར་གྱུར་པ་མི་བྱེད་པར་བསྟན་ཏོ།
基础等待时间: 2.5秒
1. 输入文本...
点击成功
3. 等待翻译...
等待翻译: 4.0秒
翻译结果稳定，总等待时间: 3.0秒
4. 获取翻译结果...
点击成功
3. 等待翻译...
等待翻译: 2.5秒
翻译成功 (长度: 4 字符)
结果: 合并为。

翻译尝试 1/3
原文长度: 80 字符
原文: ཟས་མཆོག་ཀྱང་ནི་སྦྱིན་མི་སུམ་ཅུ་པའི་འགྲེལ་བཤད། ། བྱ་སྦྲུལ་སོས་རེག་པའི་སོར་མོ་བཅད།
基础等待时间: 2.5秒
1. 输入文本...
翻译结果仍在变化，继续等待... (已等待0.0秒)
文本输入完成 (长度: 126 字符)
2. 点击翻译按钮...
文本输入完成 (长度: 117 字符)
2. 点击翻译按钮...
翻译结果仍在变化，继续等待... (已等待0.0秒)
翻译结果仍在变化，继续等待... (已等待0.0秒)

翻译尝试 3/3
原文长度: 236 字符
原文预览: དུས་དེ་རིང་ཁོ་ན་ཙམ་ལའང་མི་འཆིའོ་ཞེས་སེམས་བག་ཕབ་སྟེ་བདེ་བར་འདུག་པ་འདི་ནི་རིགས་ཤིང...
基础等待时间: 6.0秒
1. 输入文本...
点击成功
3. 等待翻译...
等待翻译: 4.0秒
翻译结果仍在变化，继续等待... (已等待0.0秒)
点击成功
3. 等待翻译...
等待翻译: 4.0秒
翻译结果仍在变化，继续等待... (已等待0.0秒)
翻译结果稳定，总等待时间: 5.5秒
4. 获取翻译结果...
翻译结果稳定，总等待时间: 5.5秒
4. 获取翻译结果...
翻译成功 (长度: 30 字符)
结果: 于是，世界因贪求所得而参加不义，承认了生活的差别，成了异类。
翻译成功 (长度: 20 字符)
结果: 但却不能达到诗歌所需要的那种表情或滋味。

翻译尝试 1/3
原文长度: 70 字符
原文: ཁོས་གཞི་ནས་ཨ་སྟག་གིས་ལག་ཏུ་བུད་ཤིང་ཞིག་བཟུང་ནས་གན་དུ་འགྲེང་འདུག་པ་ཚོར།
基础等待时间: 2.5秒
1. 输入文本...

翻译尝试 1/3
原文长度: 38 字符
原文: ད་ནི་ཁྱེད་རང་བཀའ་དྲིན་ཆེའོ་ཞེས་ཟེར་ནས།
基础等待时间: 2.5秒
1. 输入文本...
文本输入完成 (长度: 75 字符)
2. 点击翻译按钮...
文本输入完成 (长度: 80 字符)
2. 点击翻译按钮...
点击成功
3. 等待翻译...
等待翻译: 2.5秒
点击成功
3. 等待翻译...
等待翻译: 2.5秒
翻译结果稳定，总等待时间: 5.5秒
4. 获取翻译结果...
文本输入完成 (长度: 38 字符)
2. 点击翻译按钮...
翻译成功 (长度: 34 字符)
结果: 大叶树的性质所做的，除上述一群而外，百咒所为，亦如上所说，得以神通。
翻译结果仍在变化，继续等待... (已等待0.0秒)
文本输入完成 (长度: 70 字符)
2. 点击翻译按钮...
点击成功
3. 等待翻译...
等待翻译: 2.5秒
翻译结果仍在变化，继续等待... (已等待0.0秒)
点击成功
3. 等待翻译...
等待翻译: 2.5秒
翻译结果稳定，总等待时间: 5.5秒
4. 获取翻译结果...
翻译成功 (长度: 26 字符)
结果: 牛群回来的时候，圣女取出小篮子，装满牛奶放在牛群中。
翻译结果稳定，总等待时间: 4.0秒
4. 获取翻译结果...
翻译成功 (长度: 7 字符)
结果: 为先来者工作。
文本输入完成 (长度: 236 字符)
2. 点击翻译按钮...
翻译结果稳定，总等待时间: 5.5秒
4. 获取翻译结果...
翻译成功 (长度: 28 字符)
结果: 第五有为所居的群，住在静虑的舍利，指现在坐化的时间长短。
点击成功
3. 等待翻译...
等待翻译: 6.0秒
翻译结果仍在变化，继续等待... (已等待0.0秒)
翻译结果稳定，总等待时间: 4.0秒
4. 获取翻译结果...
翻译成功 (长度: 10 字符)
结果: 君臣之见，差别悬殊。
翻译结果仍在变化，继续等待... (已等待0.0秒)
翻译结果稳定，总等待时间: 4.0秒
4. 获取翻译结果...
翻译成功 (长度: 11 字符)
结果: 连禅师都认为你是对的。
翻译结果稳定，总等待时间: 4.0秒
4. 获取翻译结果...
翻译成功 (长度: 24 字符)
结果: 因为你不在任何一个时刻是过去的、现在的和将来的。
翻译结果稳定，总等待时间: 3.0秒
4. 获取翻译结果...
翻译结果稳定，总等待时间: 5.5秒
4. 获取翻译结果...
翻译成功 (长度: 8 字符)
结果: 如何跟随密宗之后
翻译成功 (长度: 26 字符)
结果: 为了救死扶伤，佛祖感激万分，神情激动地前往佛祖身边。
翻译结果稳定，总等待时间: 4.0秒
4. 获取翻译结果...
翻译成功 (长度: 6 字符)
结果: 不好的消息。
翻译结果稳定，总等待时间: 4.0秒
4. 获取翻译结果...
翻译成功 (长度: 10 字符)
结果: 亲属全失，遭难无助。
翻译结果稳定，总等待时间: 3.0秒
4. 获取翻译结果...
翻译结果仍在变化，继续等待... (已等待0.0秒)
翻译成功 (长度: 12 字符)
结果: 使之和自己的声音相和谐。

翻译尝试 1/3
原文长度: 21 字符
原文: ཞེས་པ་དེ་སྡུད་པར་གདའ།
基础等待时间: 1.5秒
1. 输入文本...
翻译结果稳定，总等待时间: 3.0秒
4. 获取翻译结果...
文本输入完成 (长度: 21 字符)
2. 点击翻译按钮...
翻译成功 (长度: 6 字符)
结果: 睡或不睡觉。

翻译尝试 1/3
原文长度: 25 字符
原文: ལས་གང་གིས་ནི་འཚོ་འགྱུར་བ།
基础等待时间: 1.5秒
1. 输入文本...
   进度: 10/500 (2.0%)

翻译尝试 1/3
原文长度: 75 字符
原文: དལ་པོ་མ་གཏོགས་ལྷ་ལམ་དུ་འགྲོ་མི་ཐུབ་པར་འདུག་ཅེས་སོགས་དངོས་མིང་ནས་མི་གསུང་བར།
基础等待时间: 2.5秒
1. 输入文本...
点击成功
3. 等待翻译...
等待翻译: 1.5秒
翻译结果稳定，总等待时间: 5.5秒
4. 获取翻译结果...
翻译结果仍在变化，继续等待... (已等待0.0秒)
翻译成功 (长度: 26 字符)
结果: 昨天中午带来的东西乱七八糟的，上楼都不容易站稳脚跟。
翻译结果仍在变化，继续等待... (已等待0.0秒)
文本输入完成 (长度: 25 字符)
2. 点击翻译按钮...
   进度: 10/500 (2.0%)

翻译尝试 1/3
原文长度: 207 字符
原文预览: དུར་ཁྲོད་ཇི་ལྟ་བ་དེ་བཞིན་དུ་རི་བོ་ལ་སོགས་པ་ལ་ཡང་གཅིག་པུ་དབེན་པར་འདུག་སྟེ་བསྒྲུབ་...
基础等待时间: 6.0秒
1. 输入文本...
点击成功
3. 等待翻译...
等待翻译: 1.5秒
文本输入完成 (长度: 75 字符)
2. 点击翻译按钮...
翻译结果稳定，总等待时间: 3.0秒
4. 获取翻译结果...
翻译成功 (长度: 15 字符)
结果: 中等的桃子不如大大的桃子好吃。
点击成功
3. 等待翻译...
等待翻译: 2.5秒
翻译结果稳定，总等待时间: 4.0秒
4. 获取翻译结果...
翻译成功 (长度: 11 字符)
结果: 图形到达后，放入容器。

翻译尝试 1/3
原文长度: 60 字符
原文: དགེ་སློང་ཁྱོད་ཀྱིས་བསམ་པ་ཇི་ལྟ་བུས་ལྷུང་བཟེད་ཆུང་ངུ་དེ་བླངས།
基础等待时间: 2.5秒
1. 输入文本...
翻译结果仍在变化，继续等待... (已等待0.0秒)
   进度: 10/500 (2.0%)

翻译尝试 1/3
原文长度: 13 字符
原文: བསྟན་པར་བྱའོ།
基础等待时间: 1.5秒
1. 输入文本...
翻译结果仍在变化，继续等待... (已等待0.0秒)

翻译尝试 1/3
原文长度: 28 字符
原文: རིག་པ་འོད་ལ་འཇུག་པར་ཤེས་པའོ།
基础等待时间: 1.5秒
1. 输入文本...
   进度: 10/500 (2.0%)

翻译尝试 1/3
原文长度: 34 字符
原文: ཨུ་པ་དག་ལས་ཡོ་ག་ཁྱད་པར་འཕགས་པ་ཡང་།
基础等待时间: 2.5秒
1. 输入文本...
翻译结果仍在变化，继续等待... (已等待0.0秒)
文本输入完成 (长度: 13 字符)
2. 点击翻译按钮...
文本输入完成 (长度: 60 字符)
2. 点击翻译按钮...
翻译结果仍在变化，继续等待... (已等待0.0秒)

翻译尝试 1/3
原文长度: 52 字符
原文: ཞུས་པའི་བསྒྲུབ་པ་བྱས་པས་ཐུགས་དམ་བཟང་པོ་བྱུང་འདུག་གོ།
基础等待时间: 2.5秒
1. 输入文本...
翻译结果稳定，总等待时间: 4.0秒
4. 获取翻译结果...
点击成功
3. 等待翻译...
等待翻译: 1.5秒
文本输入完成 (长度: 28 字符)
2. 点击翻译按钮...
翻译成功 (长度: 11 字符)
结果: 如来神，无所不在的佛。
文本输入完成 (长度: 207 字符)
2. 点击翻译按钮...

翻译尝试 1/3
原文长度: 7 字符
原文: དེར་ཐལ།
基础等待时间: 1.5秒
1. 输入文本...
点击成功
3. 等待翻译...
等待翻译: 2.5秒
点击成功
3. 等待翻译...
等待翻译: 1.5秒
文本输入完成 (长度: 34 字符)
2. 点击翻译按钮...
点击成功
3. 等待翻译...
等待翻译: 6.0秒

翻译尝试 1/3
原文长度: 26 字符
原文: ཟླ་དྲུང་ངེས་ཏེ་གཞན་མིན་པར།
基础等待时间: 1.5秒
1. 输入文本...
   进度: 10/500 (2.0%)

翻译尝试 1/3
原文长度: 47 字符
原文: ཐལ་མོ་སྦྱར་དེབཅོམ་ལྡན་འདས་ལ་འད་སྐད་ཅེས་གསོལ་ཏོ།
基础等待时间: 2.5秒
1. 输入文本...
   进度: 10/500 (2.0%)

翻译尝试 1/3
原文长度: 61 字符
原文: དེ་ཕྱི་དེ་ཉིན་པར་དོན་བྱ་བའི་སར་འདུག་ནས་བློན་པོ་རྣམས་ལ་སྨྲས་པ།
基础等待时间: 2.5秒
1. 输入文本...
点击成功
3. 等待翻译...
等待翻译: 2.5秒
文本输入完成 (长度: 7 字符)
2. 点击翻译按钮...
   进度: 10/500 (2.0%)

翻译尝试 1/3
原文长度: 28 字符
原文: ཐོས་པར་གྱུར་ནས་ཆགས་བྲལ་རྣམས།
基础等待时间: 1.5秒
1. 输入文本...
文本输入完成 (长度: 52 字符)
2. 点击翻译按钮...
   进度: 10/500 (2.0%)

翻译尝试 1/3
原文长度: 82 字符
原文预览: བྱེད་པ་པོ་སོགས་ཀྱི་ཀུན་སློང་གི་ཁྱད་པར་ལྟར་ལས་སུ་བྱ་བ་དང་དགོས་ཆེད་ཀྱི་དབྱེ་བ་བཞག་...
基础等待时间: 4.0秒
1. 输入文本...
翻译结果仍在变化，继续等待... (已等待0.0秒)
点击成功
3. 等待翻译...
等待翻译: 1.5秒
翻译结果仍在变化，继续等待... (已等待0.0秒)
文本输入完成 (长度: 26 字符)
2. 点击翻译按钮...
翻译结果稳定，总等待时间: 5.5秒
4. 获取翻译结果...
点击成功
3. 等待翻译...
等待翻译: 2.5秒
文本输入完成 (长度: 47 字符)
2. 点击翻译按钮...
翻译成功 (长度: 22 字符)
结果: 士兵们到达后，市场上的商品价格开始迅速上涨。
翻译结果稳定，总等待时间: 4.0秒
4. 获取翻译结果...
翻译成功 (长度: 12 字符)
结果: 西藏的牛仔是性欲旺盛的。
点击成功
3. 等待翻译...
等待翻译: 1.5秒
文本输入完成 (长度: 28 字符)
2. 点击翻译按钮...
点击成功
3. 等待翻译...
等待翻译: 2.5秒
文本输入完成 (长度: 61 字符)
2. 点击翻译按钮...
翻译结果仍在变化，继续等待... (已等待0.0秒)
翻译结果仍在变化，继续等待... (已等待0.0秒)
点击成功
3. 等待翻译...
等待翻译: 1.5秒
翻译结果仍在变化，继续等待... (已等待0.0秒)
点击成功
3. 等待翻译...
等待翻译: 2.5秒

翻译尝试 1/3
原文长度: 16 字符
原文: མུཊྒ་མཱ་ཥ་ཙ་ན་ཀ།
基础等待时间: 1.5秒
1. 输入文本...
文本输入完成 (长度: 82 字符)
2. 点击翻译按钮...

翻译尝试 1/3
原文长度: 5 字符
原文: ཨ་ཙི།
基础等待时间: 1.5秒
1. 输入文本...
点击成功
3. 等待翻译...
等待翻译: 4.0秒
文本输入完成 (长度: 16 字符)
2. 点击翻译按钮...
翻译结果稳定，总等待时间: 4.0秒
4. 获取翻译结果...
翻译成功 (长度: 16 字符)
结果: 这样一来，结果就不成其为结果了。
文本输入完成 (长度: 5 字符)
2. 点击翻译按钮...
翻译结果稳定，总等待时间: 4.0秒
4. 获取翻译结果...
点击成功
3. 等待翻译...
等待翻译: 1.5秒
翻译成功 (长度: 19 字符)
结果: 食物是三十颗子弹解释，鸟蛇被咬去指头。

翻译尝试 1/3
原文长度: 38 字符
原文: ལ་མོ་ཆག་པ་ཕྲུམ་དུ་པྱག་ཐབ་ཀྱང་གསོལ་ཆིག།
基础等待时间: 2.5秒
1. 输入文本...
点击成功
3. 等待翻译...
等待翻译: 1.5秒
翻译结果稳定，总等待时间: 4.0秒
4. 获取翻译结果...
翻译成功 (长度: 9 字符)
结果: 现在你就说谢谢吧。
   进度: 10/500 (2.0%)

翻译尝试 1/3
原文长度: 61 字符
原文: དེའི་འོད་ཟེར་གྱི་རྩེ་མོ་ལས་ཀྱང་དེ་བཞིན་གཞེགས་པ་རྣམས་སྤྲུལ་ཏེ།
基础等待时间: 2.5秒
1. 输入文本...
翻译结果仍在变化，继续等待... (已等待0.0秒)
翻译结果稳定，总等待时间: 4.0秒
4. 获取翻译结果...
翻译成功 (长度: 22 字符)
结果: 他才发现，阿达正手里拿着一根柴条，站在那里。
文本输入完成 (长度: 38 字符)
2. 点击翻译按钮...
翻译结果仍在变化，继续等待... (已等待0.0秒)
点击成功
3. 等待翻译...
等待翻译: 2.5秒
文本输入完成 (长度: 61 字符)
2. 点击翻译按钮...
翻译结果仍在变化，继续等待... (已等待0.0秒)
   进度: 10/500 (2.0%)

翻译尝试 1/3
原文长度: 57 字符
原文: གཤེན་རབ་མཆོག་དེ་བཞིན་གཤེགས་པ་དགྲ་བཅོམ་པ་ཡང་དག་པར་རྫོགས་པ།
基础等待时间: 2.5秒
1. 输入文本...
翻译结果仍在变化，继续等待... (已等待0.0秒)
点击成功
3. 等待翻译...
等待翻译: 2.5秒
翻译结果稳定，总等待时间: 3.0秒
4. 获取翻译结果...
翻译结果稳定，总等待时间: 5.5秒
4. 获取翻译结果...
翻译成功 (长度: 8 字符)
结果: 合于《论语》中“
翻译成功 (长度: 18 字符)
结果: 这时候，老梅又接到邀请去上山的消息。
翻译结果仍在变化，继续等待... (已等待0.0秒)
翻译结果仍在变化，继续等待... (已等待0.0秒)
翻译结果稳定，总等待时间: 5.5秒
4. 获取翻译结果...
翻译结果稳定，总等待时间: 5.5秒
4. 获取翻译结果...
翻译结果验证失败: 结果过短 (19字符 vs 原文126字符)
当前结果: 这样，陶匠的脱落，不成就一定归于灭亡。...
将重试...
翻译结果稳定，总等待时间: 3.0秒
4. 获取翻译结果...
翻译成功 (长度: 24 字符)
结果: 根据这个假设，六会的本质阐释为意识，也就成立了。
翻译成功 (长度: 9 字符)
结果: 什么职业改变生计？
文本输入完成 (长度: 57 字符)
2. 点击翻译按钮...
   进度: 10/500 (2.0%)

翻译尝试 1/3
原文长度: 35 字符
原文: དེ་མིན་གྱི་ཚོང་ཙག་ཅིག་རྒྱག་མཁན་རེད།
基础等待时间: 2.5秒
1. 输入文本...
点击成功
3. 等待翻译...
等待翻译: 2.5秒
翻译结果仍在变化，继续等待... (已等待0.0秒)

翻译尝试 1/3
原文长度: 34 字符
原文: བོང་རངས་གླང་རངས་པས་ནི་འདོད་ཆགས་ཆེ།
基础等待时间: 2.5秒
1. 输入文本...
翻译结果仍在变化，继续等待... (已等待0.0秒)
翻译结果仍在变化，继续等待... (已等待0.0秒)
文本输入完成 (长度: 35 字符)
2. 点击翻译按钮...
翻译结果仍在变化，继续等待... (已等待0.0秒)

翻译尝试 2/3
原文长度: 126 字符
原文预览: འདི་ལྟར་རྫ་མཁན་གྱི་སོ་གཏོང་བ་ལ་གྲུབ་པ་མ་ངེས་ཤིང་གྲུབ་པ་རྣམས་ཀྱང་ངེས་པར་འཇིག་པ་དེ...
基础等待时间: 4.0秒
1. 输入文本...
文本输入完成 (长度: 34 字符)
2. 点击翻译按钮...
点击成功
3. 等待翻译...
等待翻译: 2.5秒
翻译结果仍在变化，继续等待... (已等待0.0秒)
点击成功
3. 等待翻译...
等待翻译: 2.5秒
翻译结果稳定，总等待时间: 3.0秒
4. 获取翻译结果...
翻译成功 (长度: 5 字符)
结果: 应该展示。
   进度: 10/500 (2.0%)

翻译尝试 1/3
原文长度: 63 字符
原文: རྣམ་པ་གཉིས་སུ་སྨྲ་བ་དག་གི་ཕྱོགས་ལ་ཡང་གཉི་གའི་སྐྱོན་དུ་འགྱུར་རོ།
基础等待时间: 2.5秒
1. 输入文本...
翻译结果仍在变化，继续等待... (已等待0.0秒)
翻译结果稳定，总等待时间: 3.0秒
4. 获取翻译结果...

翻译尝试 1/3
原文长度: 25 字符
原文: རང་གི་ཡོན་ཏན་བརྗོད་མི་བྱ།
基础等待时间: 1.5秒
1. 输入文本...
翻译成功 (长度: 8 字符)
结果: 知道智慧投入光。
翻译结果仍在变化，继续等待... (已等待0.0秒)

翻译尝试 1/3
原文长度: 42 字符
原文: འོ་ན་བྲག་ཁུང་རང་ལ་འཚམས་འདྲི་ཞིག་བྱ་སྙམ་ནས།
基础等待时间: 2.5秒
1. 输入文本...
文本输入完成 (长度: 126 字符)
2. 点击翻译按钮...
翻译结果稳定，总等待时间: 4.0秒
4. 获取翻译结果...
翻译成功 (长度: 14 字符)
结果: 只能慢慢走，不能上天堂等等。
   进度: 10/500 (2.0%)

翻译尝试 1/3
原文长度: 82 字符
原文预览: ངའི་ཨ་མ་དུག་སྡོམ་ལ་ཧ་ཅང་སྐྲག་ཨ་སྟག་གིས་ཁོར་དགོངས་དག་ཞུ་བའི་མིག་མདངས་ཀྱིས་བལྟས་ཡོ...
基础等待时间: 4.0秒
1. 输入文本...
文本输入完成 (长度: 25 字符)
2. 点击翻译按钮...
文本输入完成 (长度: 63 字符)
2. 点击翻译按钮...
翻译结果稳定，总等待时间: 3.0秒
4. 获取翻译结果...
点击成功
3. 等待翻译...
等待翻译: 4.0秒
翻译成功 (长度: 4 字符)
结果: 也许是。
点击成功
3. 等待翻译...
等待翻译: 1.5秒
翻译结果仍在变化，继续等待... (已等待0.0秒)
点击成功
3. 等待翻译...
等待翻译: 2.5秒
翻译结果稳定，总等待时间: 3.0秒
4. 获取翻译结果...
文本输入完成 (长度: 42 字符)
2. 点击翻译按钮...
翻译成功 (长度: 7 字符)
结果: 不一定是月亮。
点击成功
3. 等待翻译...
等待翻译: 2.5秒
翻译结果稳定，总等待时间: 3.0秒
4. 获取翻译结果...
翻译成功 (长度: 9 字符)
结果: 听到后便脱离贪恋。
文本输入完成 (长度: 82 字符)
2. 点击翻译按钮...

翻译尝试 1/3
原文长度: 50 字符
原文: གླེང་མ་སླང་བར་རྒྱུད་དོན་གསུངས་ནས་འདུག་པའི་ཕྱིར་རོ།
基础等待时间: 2.5秒
1. 输入文本...

翻译尝试 1/3
原文长度: 28 字符
原文: ལམ་བལ་པོའི་མཐིལ་དུ་ཕྱིན་ཙ་ན།
基础等待时间: 1.5秒
1. 输入文本...
点击成功
3. 等待翻译...
等待翻译: 4.0秒
翻译结果稳定，总等待时间: 4.0秒
4. 获取翻译结果...
翻译成功 (长度: 16 字符)
结果: 小和尚你是怎样拿到这个小篮子的？
翻译结果仍在变化，继续等待... (已等待0.0秒)
翻译结果稳定，总等待时间: 3.0秒
4. 获取翻译结果...

翻译尝试 1/3
原文长度: 23 字符
原文: ཞེས་དགོངས་ཏེ་གསུངས་པ་ལ།
基础等待时间: 1.5秒
1. 输入文本...
翻译结果稳定，总等待时间: 4.0秒